gstadmission.ac.bd 8
192.168.0.1 7
gta5grand.com 6
ndc.iadmissionbd.net 6
ndca.iadmissionbd.net 6
acas.edu.bd 5
app2.nu.edu.bd 5
apply.ku.ac.bd 5
com.facebook.lite 5
online.udvash-unmesh.com 5
retinalms.com 5
accounts.google.com 4
admission.ru.ac.bd 4
app55.nu.edu.bd 4
authgop.garena.com 4
briddhi.net 4
client.pay.bka.sh 4
com.facebook.katana 4
facebook.com 4
mediaimbd.com 4
phyhunt.com 4
signup.live.com 4
admission.bup.edu.bd 3
admission.cu.ac.bd 3
admission.eis.du.ac.bd 3
admission.jnu.ac.bd 3
admission.sust.edu.bd 3
battlesofbiology.org 3
cou.admission-aid.com 3
dashboard.honeygain.com 3
fansly.com 3
freelancer.com 3
jnuadmission.com 3
ju-admission.org 3
netflix.com 3
payment.bkash.com 3
the-royal-scientific-publications.com 3
tplinkwifi.net 3
admission.daffodilvarsity.edu.bd 2
auth0.diu.edu.bd 2
bikrisohoj.com 2
com.spoti.plus 2
cutout.pro 2
dgme.teletalk.com.bd 2
drive.google.com 2
ecom.dutchbanglabank.com 2
ems.medico.com.bd 2
enlisted.net 2
ilyn.global 2
intent.recurring.pay.bka.sh 2
mediaimexam.shiramsystem.com 2
medicalourdreambd.com 2
mesonbd.com 2
online.matholympiad.org.bd 2
retinabd.org 2
services.nidw.gov.bd 2
thetolet.com 2
accountscenter.facebook.com 1
app5.nu.edu.bd 1
applegadgetsbd.com 1
auth1.diu.edu.bd 1
com.qarigor.mj.bdcoinv4 1
elearn.daffodilvarsity.edu.bd 1
shohoz.com 1
studentshub.daffodilvarsity.edu.bd 1
train.shohoz.com 1