bing.com 300
youtube.com 201
good26.s3.us-east-1.amazonaws.com 101
accounts.google.com 24
microsoft.com 18
signin.rockstargames.com 14
gamestorrents.app 13
solvusoft.com 13
dev-c.com 12
support.rockstargames.com 12
realtimesearchresults.com 10
drive.usercontent.google.com 8
4shared.com 7
drive.google.com 7
mediafire.com 7
cuttty.com 6
econventa.com 6
oundhertobeconsist.org 6
ouo.io 6
starlink.com 6
store.solvusoft.com 6
anydesk.com 5
imei.info 5
reddit.com 5
socialclub.rockstargames.com 5
dotnet.microsoft.com 4
es.ccm.net 4
es.gta5-mods.com 4
go.microsoft.com 4
login.live.com 4
login.microsoftonline.com 4
samfw.com 4
speedtest.net 4
steamdb.info 4
support.xbox.com 4
utorrent.com 4
win-rar.com 4
apps.microsoft.com 3
boxandoras.com 3
checkcoverage.apple.com 3
connect.errorfood.info 3
dprojects.org 3
facebook.com 3
freewebtools.com 3
github.com 3
larazon.es 3
linkvertise.com 3
optijuegos.net 3
outbyte.com 3
peertorrent.com 3
rockstargames.com 3
steamcommunity.com 3
store.outbyte.com 3
store.steampowered.com 3
ultimatesurferprotector.com 3
xnxx.com 3
account.live.com 2
accounts.google.com.ar 2
click.linkvertise.com 2
cuty.io 2
dprojects.lemonsqueezy.com 2
en.softonic.com 2
es.ipshu.com 2
es.ldplayer.net 2
fetchopentweak.monster 2
google.com 2
href.li 2
imeicheck.com 2
isproto.com 2
iunlocker.com 2
kayak.com.ar 2
listado.mercadolibre.com.ar 2
microsoft365.com 2
mundowin.com 2
mydefender.microsoft.com 2
opera.com 2
peterrdrctf.com 2
poki.com 2
powerpoint.cloud.microsoft 2
q1.quotes.com 2
raywilliamrdrct.com 2
roadhand.info 2
shaamurdrctf.online 2
similarsearch.net 2
sisu.xboxlive.com 2
softzone.es 2
speed.btt.network 2
stcharlesthemartyr.org 2
summotorrent.com 2
t.me 2
tdstutorialsyt.blogspot.com 2
testsdisk.com 2
trk.myperfect2give.com 2
urbantorrent.com 2
utorrent.en.softonic.com 2
v.byads.co 2
windowsreport.com 2
xml-v4.ezmob.com 2
zaplookup.com 2
zonekeylivepoint.monster 2
192.168.100.1 1
3u.com 1
53ku.zonekeylivepoint.monster 1
abuzrrdrctf.com 1
accounts.youtube.com 1
agileurbia.com 1
aka.ms 1
anyonlinetool.com 1
api.whatsapp.com 1
app.naranjax.com 1
ar.todosnegocios.com 1
archive.codeplex.com 1
archive.org 1
betplatino.co 1
betsson.bet.ar 1
bit.ly 1
blog.iobit.com 1
brave.com 1
briano.dev 1
canirunthegame.com 1
cgsecurity.org 1
click.tmatrack.online 1
conexionsatelital.net 1
conpilar.es 1
desktop.telegram.org 1
discord.com 1
discord.gg 1
dllyes.com 1
download.cnet.com 1
eizo.be 1
epicgames.com 1
es.oldversion.com 1
es.scribd.com 1
eu.porndirty.org 1
eu.subregionof.com 1
filehorse.com 1
forsale.godaddy.com 1
freedonwloadz.com 1
getcrack.top 1
gyazo.com 1
holidayscissors.space 1
i.imgur.com 1
imei.enacom.gob.ar 1
imei.org 1
imei24.com 1
imgur.com 1
intel.la 1
kayak.com 1
link-center.net 1
links.xergiotutoriales.com 1
loadfilerun.com 1
login.microsoft.com 1
m365.cloud.microsoft 1
massabijaz786official.blogspot.com 1
minutestretch.info 1
montyrdrctf.com 1
msftconnecttest.com 1
mydomaincontact.com 1
naranjaonlinepagos.naranja.com 1
naranjax.com 1
onejailbreak.com 1
online.naranjax.com 1
panel.tachicom.ar 1
paypal.com 1
playonlinew.com 1
powerpoint.office.com 1
publisher.linkvertise.com 1
pulse.vectorquantforge3.cfd 1
qjbp.zonekeylivepoint.monster 1
record.pba.betsson.bet.ar 1
rtbbhub.com 1
runoperagx.com 1
scroogeearthbornwyson.com 1
share.ue.internxt.com 1
sim-unlock.net 1
sionscormationw.org 1
store.payproglobal.com 1
support.microsoft.com 1
t.buenotraffic.com 1
techpowerup.com 1
telegram.org 1
tiktok.com 1
tpb.party 1
trkly.xyz 1
trktac.com 1
u.viijvhnl.com 1
unlockramdisk2023.us 1
wa.me 1
web.whatsapp.com 1
word.office.com 1
xbox.com 1
xnxx.es 1
yojbtech.com 1
youtu.be 1
yxc5.fetchopentweak.monster 1