mediafire.com 42
imgur.com 29
econventa.com 25
larazon.es 24
youtube.com 24
bing.com 19
solvusoft.com 18
google.com 17
softonic.com 17
msn.com 14
speedtest.net 13
en.softonic.com 12
4shared.com 10
google.com.ar 10
ipshu.com 9
opera.com 9
freewebtools.com 7
gyazo.com 7
ntp.msn.com 7
accounts.google.com 6
adnxs.com 6
internxt.com 6
isproto.com 6
outbyte.com 6
syncingbridge.com 6
zdbb.net 6
rubiconproject.com 5
a-mx.com 4
creativecdn.com 4
microsoft365.com 4
scorecardresearch.com 4
c.bing.com 3
ingage.tech 3
intel.la 3
login.microsoftonline.com 3
pippio.com 3
pxlclnmdecom-a.akamaihd.net 3
shaamurdrctf.online 3
stcharlesthemartyr.org 3
steamcommunity.com 3
store.solvusoft.com 3
utorrent.com 3
abuzrrdrctf.com 2
ads.assemblyexchange.com 2
api.msn.com 2
apps.microsoft.com 2
c.msn.com 2
clarity.ms 2
connect.errorfood.info 2
contextweb.com 2
crwdcntrl.net 2
doubleclick.net 2
gamestorrents.app 2
getcrack.top 2
github.com 2
linkedin.com 2
login.live.com 2
microsoft.com 2
montyrdrctf.com 2
pgammedia.com 2
roadhand.info 2
scribd.com 2
serv90.com 2
share.ue.internxt.com 2
store.outbyte.com 2
store.steampowered.com 2
usync.ingage.tech 2
voisetech.com 2
2checkout.com 1
adsmartx.com 1
advolve.io 1
avangate.net 1
bat.bing.com 1
bbb.org 1
brodownload9s.com 1
c.clarity.ms 1
dnacdn.net 1
es.scribd.com 1
i.gyazo.com 1
iqzonertb.live 1
moloco.com 1
monetixads.com 1
pixabay.com 1
positivessl.com 1
pubmatic.com 1
rtbscale.com 1
temu.com 1
testfamilysafety.bing.com 1
trustedsite.com 1
trustedstack.com 1
uidsync.net 1
utorrent.en.softonic.com 1
win-rar.com 1