s.activision.com 4
eu.account.battle.net 3
my.account.sony.com 3
appleid.apple.com 2
artificialaiming.net 2
authenticate.riotgames.com 2
discord.com 2
login.live.com 2
sso.crunchyroll.com 2
us.account.battle.net 2
0utlawrp.com 1
192.168.0.254 1
330f6c9f_put9s4qgvv.k3dns.com 1
335bfe80_ua58rcqbrm.k3dns.com 1
33b21808_z55h9jpzjn.360tls.com 1
33b2193a_t3zdh64u9a.360tls.com 1
894a29d3_gg8kebqxc4.k3dns.com 1
8d5ef771_hkmg9sawaw.360tls.com 1
account.riotgames.com 1
api.diwaniyalabs.com 1
com.facebook.katana 1
com.instaero.android 1
forum.cfx.re 1
id.logi.com 1
iosgods.com 1
kick.com 1
login.microsoftonline.com 1
marketplace.signalrgb.com 1
netflix.com 1
roblox.com 1
store.steampowered.com 1
tplinkrepeater.net 1
users.nexusmods.com 1
workspace.google.com 1
x.com 1