accounts.google.com 593
youtube.com 73
google.com 33
wk.sanpoiljejuna.cfd 31
stretchwrangle.com 15
myaccount.google.com 12
opera.com 12
winvip88.club 12
khela99.club 10
1xlite-08668.world 9
bustsniffwired.com 9
oj.bacchiccupule.qpon 8
one.google.com 8
bobgames-prolister.com 7
cm65.com 7
bgb88.club 6
fojik.site 6
mail.google.com 6
rankjerryrounion.com 6
t.locopar.com 6
ua.shikosharply.shop 6
bonusgom.com 5
facebook.com 5
havingwacks.qpon 5
moviebox.ph 5
yw.rublisatees.shop 5
68s8.com 4
autodesk.com 4
dj.myomatatrumper.cfd 4
exness.com 4
interlinecustomroofingllc.com 4
mysteriousprocess.com 4
sourshaped.com 4
38881.impseeineclots.com 3
bing.com 3
borojeetads.space 3
cinefreak.net 3
condles-temark.com 3
filecr.com 3
fwatch.tv 3
hu.tzarpeltish.qpon 3
ii.bulbedcrus.shop 3
mlwbd.is 3
noxiousback.com 3
ntxcx.com 3
one.exnesstrack.org 3
skinnycrawlinglax.com 3
toffeelive.com 3
track.exness.com 3
we0x.com 3
wps.com 3
wpssoftwarepteltd.sjv.io 3
3utools.en.softonic.com 2
adspredictiv.com 2
bojel.com 2
cdn.bizarreancientmine.com 2
cinecloud.site 2
d0dh.com 2
fifalive.click 2
fmoviesunblocked.net 2
gamerxyt.com 2
idp.auth.autodesk.com 2
leewhoathoabaut.com 2
luckyforbet.com 2
manage.autodesk.com 2
market-qx.trade 2
meetstorages.com 2
mlsbd.co 2
nesber.com 2
norveniq.online 2
one-vv4830.com 2
playerhq.co 2
refpa37630.com 2
sportzfyhub.com 2
tiktok.com 2
to.trakzon.com 2
track.involvkgfr.com 2
tuptoagloo.net 2
u21601574.ct.sendgrid.net 2
vibrantscale.com 2
viiukuhe.com 2
wadesk.net 2
wayfarerorthodox.com 2
x2tsa.com 2
aviator-game.co.nl 1
betrouwbaarcasinoszondercruks.online 1
broker-qx.pro 1
bundlecda.com 1
dateseni.su 1
developer.api.autodesk.com 1
ei.abamawristed.shop 1
fhvfd.com 1
fwatchtv.com 1
golnkz.com 1
hubcloud.fit 1
ih.serosaetoher.shop 1
instagram.com 1
invl.app 1
invol.co 1
iseawave.com 1
jaya9bangladesh.com 1
kushub.net 1
l.sparkpcgames.com 1
mediatrade.clicks9.com 1
mozilla.org 1
ms-justine-zstnmam.work 1
ojrq.net 1
one-vv53243.com 1
pixeldrain.dev 1
pornworks.com 1
push-me-once.com 1
pxl-us.rtb.tsyndicate.com 1
refpa92463.com 1
signin.autodesk.com 1
sportshard.com 1
sportzfyhd.app 1
sportzfys.io 1
sportzfytvlive.xyz 1
sportzfyx.com 1
startpage 1
startpageshared 1
superlivetv.com 1
t.pornworks.com 1
tomoll.com 1
tsyndicate.com 1
wiinety.pro 1
yx.volumenbrey.cfd 1