autodesk.com 136
exness.com 62
iqbroker.com 56
youtube.com 54
rubiconproject.com 43
iqoption.com 39
adnxs.com 31
opera.com 31
apkadmin.com 27
google.com 27
interlinecustomroofingllc.com 27
one-vv4830.com 24
tiktok.com 23
pocket-land.com 22
brainberries.co 21
google.com.bd 21
ads.stickyadstv.com 20
justwatch.com 18
linkedin.com 18
winvip88.club 18
krikya11.net 17
wps.com 17
softonic.com 16
melbet-676360.top 15
yandex.ru 15
1xlite-545087.top 14
hoyts.com.au 14
skinnycrawlinglax.com 14
superlivetv.com 14
alibaba.com 13
babu88e.com 13
babu88i.com 13
bing.com 13
creativecdn.com 13
dhoni88.com 13
district.in 13
doubleclick.net 13
media.net 13
wadesk.net 13
digifinex.com 12
mlwbd.is 12
sleevegrope.com 12
smaato.net 12
stretchwrangle.com 12
3lift.com 11
accounts.google.com 11
criteo.com 11
filmbot.com 11
flimsyprivilegehaunted.com 11
jaya9.app 11
jaya9.best 11
juvenilesoftlysoda.com 11
1xlite-08668.world 10
a-mx.com 10
bidswitch.net 10
bilibili.tv 10
cc.orbitarsnoop.qpon 10
cinecloud.site 10
dwgfastview.com 10
hipsonyc.com 10
landsideresendtrousers.com 10
mlsbd.shop 10
nannyirrationalacquainted.com 10
owayo.com 10
pl27007972.profitableratecpm.com 10
sourshaped.com 10
1xlite-579192.top 9
1xlite-86981.world 9
bbetbd88.com 9
c.bing.com 9
fojik.site 9
gamerxyt.com 9
jaya9bangladesh.com 9
m0viesanywhere.xyz 9
market-qx.pro 9
market-qx.trade 9
moviebox.ph 9
msn.com 9
pxl.iqm.com 9
taboola.com 9
twitter.com 9
voe.sx 9
bollywoodhungama.com 8
download.it 8
fmoviesunblocked.net 8
hola.org 8
rtb.mx 8
sharer.pw 8
wayfarerorthodox.com 8
yo.acinggentler.com 8
a-mo.net 7
adtelligent.com 7
applegadgetsbd.com 7
bgb88.club 7
c.clarity.ms 7
casalemedia.com 7
cinefreak.net 7
darkex.com 7
ez.stoppitimu.shop 7
facebook.com 7
instagram.com 7
khela99.club 7
mexc.com 7
mobiledokan.co 7
muermoabject.shop 7
phoneaqua.com 7
pinterest.com 7
pubmatic.com 7
sb.rowlandpodogyn.shop 7
spacepoetic.com 7
sportradarserving.com 7
toffeelive.com 7
vibrantscale.com 7
360yield.com 6
adroll.com 6
adsrvr.org 6
atteal.slyestairmass.qpon 6
auth.autodesk.com 6
blofin.com 6
bobgames-prolister.com 6
bt.grapingbedark.shop 6
clarity.ms 6
cm65.com 6
condles-temark.com 6
cornrowbygone.shop 6
ctgmovies.com 6
d.adroll.com 6
dateseni.su 6
dj.myomatatrumper.cfd 6
dp.kerchugwounds.shop 6
drop.download 6
drynvalo.info 6
gs.bambosunsash.top 6
gy.anaheimnonfat.com 6
hotcoin.com 6
hp.danteairwave.top 6
hu.tzarpeltish.qpon 6
hw.pinocledicers.shop 6
hy.disterrcleanly.shop 6
igodigital.com 6
ih.ctenoidheuk.shop 6
ii.bulbedcrus.shop 6
knowt.com 6
kw.daggerchoke.shop 6
linktr.ee 6
madurird.com 6
nesber.com 6
nl.bkprglyptic.shop 6
ntxcx.com 6
oj.bacchiccupule.qpon 6
one.google.com 6
oyo4d.com 6
pb.noetickavass.top 6
pippio.com 6
prebid.a-mo.net 6
px.skiechottar.shop 6
revertsskimmia.shop 6
scorecardresearch.com 6
srv.stackadapt.com 6
sync.srv.stackadapt.com 6
ua.shikosharply.shop 6
we0x.com 6
wk.sanpoiljejuna.cfd 6
wl.plungedsaltus.shop 6
yw.rublisatees.shop 6
contextweb.com 5
ladsp.com 5
lijit.com 5
ltljm.voluumtrk2.com 5
mallowessencedialect.com 5
manage.autodesk.com 5
mlsbd.co 5
mysteriousprocess.com 5
onaudience.com 5
richaudience.com 5
sportzfytvapk.com.co 5
sync.a-mo.net 5
taxicab.somnehomerid.qpon 5
thangs.com 5
uo.durbarpandar.rest 5
1xlite-077216.top 4
accounts.autodesk.com 4
adtdp.com 4
bajibd-offer.com 4
bfmio.com 4
bidr.io 4
c.appier.net 4
crwdcntrl.net 4
ctnsnet.com 4
doodstream.com 4
ei.abamawristed.shop 4
en.dwgfastview.com 4
entoireboners.qpon 4
eo.bilstedquotas.com 4
fwatch.tv 4
hubcloud.bz 4
hubcloud.fit 4
impact-ad.jp 4
keyboard-test.space 4
kt.algebardeloo.top 4
megaup.net 4
piaproxy.com 4
playerhq.co 4
reemo-ad.jp 4
rlcdn.com 4
rm.battleaxled.top 4
rovno.xyz 4
sea1-sync.a-mo.net 4
smadex.com 4
smartadserver.com 4
sportzfyhub.com 4
sportzfys.io 4
tagivi.com 4
tapad.com 4
turfmen.erucicnonparbhakti.qpon 4
uncn.jp 4
vottakflow.com 4
zi.bouquetearmark.com 4
0019x.com 3
68s8.com 3
adform.net 3
adkernel.com 3
aidsoabairg.net 3
aixukiwaikra.com 3
ak.argrowlitheor.com 3
allmovieshub.bike 3
allshareware.com 3
bat.bing.com 3
bbmoe.com 3
bili.com 3
biliintl.com 3
bloggerishyt.in 3
bojel.com 3
console.adtarget.com.tr 3
conversads10822948.o18.link 3
crmapi2.hubhc.com 3
do7go.com 3
doapovauma.net 3
eng45.com 3
filepress.icu 3
flowmetric.life 3
freedest.com 3
freegames2u.org 3
fxx5.com 3
g0st.com 3
g2288.com 3
gdflix.dad 3
getitintopc.com 3
grucmoogloupeem.com 3
imdb.com 3
invol.co 3
jeetbuzzbd-offer.com 3
jezoomsaupt.net 3
leewhoathoabaut.com 3
login.alibaba.com 3
luckyforbet.com 3
moviebox.ng 3
myaccount.google.com 3
newsroom.bi 3
nodeewaroostew.net 3
ntp.msn.com 3
oabaubsutha.com 3
oamsedsaiph.net 3
oangasaugh.com 3
papeleducare.com 3
pauhooveejou.com 3
pinkmedia.o18.click 3
pool.admedo.com 3
rankjerryrounion.com 3
rel-s.com 3
rs.chagalcuticle.shop 3
rtbsystem.com 3
savelinks.me 3
sheerid.com 3
t.co 3
technews24.site 3
track.acqvoluum.com 3
trk.brandhubs.org 3
tsyndicate.com 3
tuptoagloo.net 3
udmserve.net 3
unroofstalaje.shop 3
veryfast.infocusconx.com 3
w55c.net 3
whougnooch.com 3
yahoo.com 3
zoakusaimudoa.net 3
22hgc.com 2
9terawolf.com 2
acanthishoving.com 2
ad-m.asia 2
ad-stir.com 2
adelement.com 2
admanmedia.com 2
admaster.cc 2
admatic.com.tr 2
adskeeper.com 2
adsmoloco.com 2
adx.opera.com 2
affpa.top 2
aidata.io 2
alicdn.com 2
amazon-adsystem.com 2
ambientdsp.com 2
amt3.com 2
api4pw.com 2
app.ua.autodesk.com 2
barabulya.com 2
barmingorrhoid.shop 2
baronga.paucitytestulecognacs.cyou 2
bb.relicwippen.com 2
bc.contosursal.qpon 2
begoniamarie.qpon 2
bidberry.net 2
bifinance.com 2
blismedia.com 2
brasthingut.com 2
btcc.com 2
c.cintnetworks.com 2
ccg90.com 2
cdn.bizarreancientmine.com 2
ceasingemigate.help 2
chapote.hogginincest.top 2
chicken-road-game.org 2
chums.teartammelinbourock.cfd 2
cistronbrasen.shop 2
cp.virionretint.qpon 2
crmapi50.hubhc.com 2
crsspxl.com 2
cv.untirescotoma.shop 2
demdex.net 2
docomo.ne.jp 2
dotomi.com 2
drive.google.com 2
drsmexa.xyz 2
dtscout.com 2
dublinneskhi.top 2
egqqk.ttrk.io 2
eh.coronalsagum.cfd 2
everesttech.net 2
ew.horsiergrassed.com 2
eyeota.net 2
faqirsgoliard.top 2
fifalive.click 2
fv.crumbertaharah.com 2
gamerhit.co 2
gdtot.dad 2
github.com 2
go.bloggerishyt.in 2
googleadservices.com 2
gsspat.jp 2
havingwacks.qpon 2
hcaptcha.com 2
hx.waulsetalage.com 2
id5-sync.com 2
ih.serosaetoher.shop 2
incesertexplative.com 2
infolinks.com 2
inmobi.com 2
jenkinkuttab.com 2
jl.hardpanenvois.top 2
karsapuzub.com 2
ki42jfne.com 2
kluckerangia.top 2
kn.potassaseafolk.shop 2
krushmedia.com 2
kushub.net 2
latestnewznow.xyz 2
leadgainz.com 2
ltljm.voluumtrk.com 2
lustrum.liccayouth.top 2
mail.google.com 2
media.site34l.cyou 2
mediago.io 2
mediamathrdrt.com 2
mirkier.rubsangust.cfd 2
mobilebd.co 2
monetixads.com 2
mozilla.org 2
mq.pygmiesmuckles.shop 2
mv.endleafroaches.com 2
my.exness.com 2
my.rtmark.net 2
netaddiction.tech 2
new17.gdtot.dad 2
ni.jaupspookaun.qpon 2
nicolsphonol.rest 2
norveniq.online 2
ojrq.net 2
olichoogrulsom.com 2
one.exnesstrack.org 2
openx.net 2
orkey.duperysitcom.shop 2
otolitheducive.cyou 2
outbrain.com 2
pg.tokenedzorille.top 2
pikyec.shop 2
play.google.com 2
polytech.gov.bd 2
presage.io 2
professionaltrafficmonitor.com 2
qa.ionizertrois.com 2
r0ckeet.com 2
refpa37630.com 2
refpa92463.com 2
refpaikgai.top 2
retapedamidase.com 2
rfihub.com 2
sc-static.net 2
searchthatweb.com 2
sg.stoodhiplike.com 2
sharethis.com 2
simpli.fi 2
sitescout.com 2
sjv.io 2
sliwercohue.top 2
sm.knappantonish.com 2
snapchat.com 2
socdm.com 2
sportzfy.com 2
sportzfy.io 2
sportzfys.com 2
statcounter.com 2
t.me 2
teads.tv 2
temu.com 2
tenor.setoffsedovic.shop 2
thotheebiglaumu.net 2
tl.seltlacks.com 2
track.alinkif.com 2
track.exness.com 2
track.involvkgfr.com 2
track1122.malayluck.com 2
travelaudience.com 2
tremorhub.com 2
tribalfusion.com 2
trustedstack.com 2
tx.pearchpities.com 2
tynt.com 2
typhonsdiscal.top 2
ua.autodesk.com 2
uidsync.net 2
un.scrivedyee.shop 2
undertone.com 2
upblowcorbed.top 2
us.ynuf.aliapp.org 2
verify.sheerid.com 2
web.whatsapp.com 2
whatsapp.com 2
wpssoftwarepteltd.sjv.io 2
wu.noahicvidonia.com 2
wx.xcahurewa.com 2
xylidichiatus.shop 2
ynuf.aliapp.org 2
yw.noritesfarrago.com 2
yx.volumenbrey.cfd 2
zemanta.com 2
zrlqm.com 2
1rx.io 1
1xlite-258350.top 1
33across.com 1
4dex.io 1
54883.com 1
a.labadena.com 1
adentifi.com 1
adfarm1.adition.com 1
ads.travelaudience.com 1
agkn.com 1
analytics.yahoo.com 1
aniview.com 1
api.affstore.com 1
api.flowworksfivesphere.com 1
api.instamixsnapbridgeapp.com 1
api.zoomloungepodbytefile.monster 1
appsflyer.com 1
arbutespedicel.shop 1
auth.wikimedia.org 1
bitmart.com 1
borojeetads.space 1
bttrack.com 1
cdn.taboola.com 1
chnsrv.com 1
cm.idealmedia.io 1
cm.mgid.com 1
codepen.io 1
codicebusiness.shinystat.com 1
coinbase.com 1
coosync.com 1
crmapi56.hubhc.com 1
csync.loopme.me 1
curneyminks.cyou 1
d0dh.com 1
daynetcalef.shop 1
dotherteacake.shop 1
dpm.demdex.net 1
dpuplet.net 1
ds96gk.com 1
dsa8h7.com 1
dsajir.com 1
dsskyw.com 1
dsssnr.com 1
dst8vn.com 1
dstfgh.com 1
dsvrqo.com 1
dtscdn.com 1
e-planning.net 1
eln3ax.com 1
en.download.it 1
en.softonic.com 1
eu.can-get-so.me 1
fampeshail.net 1
fojik.com 1
fout.jp 1
fpjs.io 1
fwmrm.net 1
golnkz.com 1
gumgum.com 1
hs-analytics.net 1
hs-banner.com 1
hs-scripts.com 1
hsappstatic.net 1
hubspot.com 1
hubspotusercontent-na1.net 1
hybrid.ai 1
id.a-mx.com 1
idealmedia.io 1
infocusconx.com 1
innovid.com 1
instamixsnapbridgeapp.com 1
intelligent-assistant.io 1
invl.app 1
ipredictive.com 1
iqtrading.asia 1
kargo.com 1
kmtendationfore.org 1
kts.vasstycom.com 1
lemmatechnologies.com 1
libs.smrtwheel.com 1
line.me 1
linksynergy.com 1
login.wikimedia.org 1
magsrv.com 1
mathtag.com 1
media.cm 1
meta.wikimedia.org 1
mgid.com 1
ml314.com 1
mlsbd.app 1
mmstat.com 1
mpc-prod-27-s6uit34pua-uk.a.run.app 1
ms-justine-zstnmam.work 1
mythad.com 1
nresystems.com 1
nriceukwater.org 1
nrich.ai 1
offer.alibaba.com 1
ogs.google.com 1
one-vv53243.com 1
one.exness-track.com 1
onelink.me 1
onesignal.com 1
onetag-sys.com 1
opoxv.com 1
orbsrv.com 1
ownouncillorswhow.org 1
pages.autodesk.com 1
pemsrv.com 1
prdredir.com 1
prebid-stag.setupad.net 1
prebid.media.net 1
primis.tech 1
protrafficinspector.com 1
ptichoolsougn.net 1
push-me-once.com 1
qwikln.com 1
qxbroker.com 1
radar.cloudflare.com 1
realsrv.com 1
recaptcha.net 1
resurgepega.help 1
rqtrk.eu 1
s.alicdn.com 1
scatulapublice.cyou 1
semasio.net 1
senhoradabbed.top 1
server.smartytech.io 1
sharelink-1.site 1
sharelink-3.site 1
sharethrough.com 1
smilewanted.com 1
so-gr3at3.com 1
sportzfy.en.download.it 1
sportzfyhd.app 1
static.nresystems.com 1
sync.aniview.com 1
targeting.unrulymedia.com 1
telegram.me 1
thrtle.com 1
tinyurl.com 1
tomlldahehun.org 1
top.one 1
topworkredbay.shop 1
turn.com 1
tute.money 1
u.viikwbsh.com 1
ukankingwithea.com 1
uluhisarode.cfd 1
upload.wikimedia.org 1
usemessages.com 1
uuidksinc.net 1
vidoomy.com 1
viiqkzqv.com 1
viiukuhe.com 1
w0of-woof.com 1
w0of-woof.net 1
widget-mediator.zopim.com 1
wikipedia.org 1
win-rar.com 1
wugroansaghadry.com 1
y.one.impact-ad.jp 1
yellowblue.io 1
ymmobi.com 1
yockingdey.shop 1
zlink0.com 1
zlink7.com 1
zoomloungepodbytefile.monster 1
zucoagorsout.com 1
zupload.me 1