youtube.com 7771
bing.com 588
elephantbet.co.ao 152
accounts.google.com 130
romspedia.com 94
mediafire.com 65
econventa.com 64
oundhertobeconsist.org 58
msn.com 56
apps.microsoft.com 43
xvideos.com 41
rewards.bing.com 36
pinterest.com 34
myaccount.google.com 32
b7510.com 27
designstraw.info 26
getfluxfile.com 26
xbox.com 25
microsoft.com 22
poki.com 22
pt.besoccer.com 21
trk.myperfect2give.com 21
google.com 19
drive.google.com 18
jw.org 18
premierbetzone.co.ao 18
login.live.com 16
opera.com 14
premierbet.co.ao 13
drive.usercontent.google.com 12
media.premierbetpartners.com 12
roblox.com 12
4br.me 11
crazygames.com 11
support.microsoft.com 11
biplabtewary.com 10
mail.google.com 10
minecraft.net 10
t.buenotraffic.com 10
consoleroms.com 9
retroflix.org 9
s8ey.com 9
accounts.youtube.com 8
blog.ferramentaseo.com 8
discord.com 8
login.microsoftonline.com 8
playlorex.free.nf 8
store.steampowered.com 8
4shared.com 7
bantubet.co.ao 7
bef77.com 7
br.wps.com 7
fir3.net 7
gds.google.com 7
kaninhop.info 7
romsgames.net 7
support.bluestacks.com 7
utorrent.com 7
wps.com 7
account.microsoft.com 6
bit.ly 6
gameshost.app 6
github.com 6
linkunlocker.com 6
mwgamesyt.com.br 6
oldgamesdownload.com 6
ryin.info 6
sisu.xboxlive.com 6
xvideos.red 6
filmelier.com 5
jamendo.com 5
mp3cow.com 5
ppsspp.org 5
stremio-addons.net 5
1001jogos.com.br 4
255md.com 4
accounts.google.co.ao 4
api.mp3cow.com 4
cdn.sexsites.uol.com.br 4
crunchyroll.com 4
discord.gg 4
eaglercraft.com 4
freeconvert.com 4
freeroms.com 4
frs2c.com 4
go.microsoft.com 4
googleads.g.doubleclick.net 4
java.com 4
jogosdepc.download 4
konami.com 4
launcherfenix.com.ar 4
ldplayer.net 4
legacyagency.com.br 4
meet.google.com 4
optijuegos.net 4
photos.google.com 4
store.rockstargames.com 4
topjogosvip.online 4
account.live.com 3
bing.weeklyquiz.net 3
chikiigame.com 3
dev.encurta.app 3
displayvertising.com 3
geometry-dash.en.softonic.com 3
get-gx.net 3
get.appsontrcks.com 3
google.pt 3
gravador.net 3
insecthoney.xyz 3
jobnoid.net 3
lanky-bar.com 3
login.windows.net 3
meulink.ai 3
now.gg 3
palcomp3.com.br 3
rockstargames.com 3
romsmania.games 3
seulink.net 3
sourceforge.net 3
trk1225.com 3
winaero.com 3
y1elvaavcm.clicks.24metrics.com 3
youtu.be 3
073m.com 2
alphageek.online 2
barkequilibrium.com 2
blizzard.com 2
bluestacks.com 2
bolsterate.net 2
booking.com 2
callofduty.com 2
canaldolz.blogspot.com 2
cl1ca.com 2
click.eu.juqiqj.com 2
cloud.bluestacks.com 2
contributorexaltbroadly.com 2
cuttty.com 2
datanodes.to 2
entravisionlatam.com 2
fhvfd.com 2
fn.junctorwands.com 2
fortnite.com 2
g.deev.is 2
go.xlivrdr.com 2
godcardosotwo.org 2
gofile.io 2
hollowpulsestackrain.monster 2
href.li 2
inniver.com 2
library.hydra.wiki 2
linktr.ee 2
linkvertise.com 2
login.microsoft.com 2
mentxviewsinte.org 2
mgcrs.erioos.com 2
mixmods.com.br 2
myaccount.apowersoft.com 2
ndhadbeensoa.org 2
nn125.com 2
peterrdrctf.com 2
play2330.atmequiz.com 2
primevideo-row.pxf.io 2
primevideo.com 2
pt.ldplayer.net 2
pt.superchatlive.com 2
rarlab.com 2
raywilliamrdrct.com 2
rirki.com 2
romstation.fr 2
s.opoxv.com 2
s.orbsrv.com 2
s3.us-east-2.amazonaws.com 2
safe.sur.ly 2
shaamurdrctf.online 2
sites.google.com 2
stremio.com 2
subeasy.ai 2
sudetyj.com 2
supersweet.org 2
venge.io 2
vitalselector.com 2
vivaciousinterposed.com 2
vlm.vxngo.com 2
ytgamesbr.blogspot.com 2
14k4.com 1
1ihud.com 1
about.roblox.com 1
aditmedia.g2afse.com 1
aka.ms 1
amazon.es 1
anamrdrctf.com 1
apowersoft.com 1
app.primevideo.com 1
apunkagames.click 1
aznude.com 1
baixesoft.com 1
belloamaniamq.com 1
bingapp.microsoft.com 1
blacked.com 1
blog.roblox.com 1
brakeson.xyz 1
canaltech.com.br 1
chaloninfestmentchirapsia.com 1
click.justwatch.com 1
corp.roblox.com 1
crm-t-mailtracker.betconstruct.com 1
crmkt.livejasmin.com 1
cupheadgame.com 1
cuty.io 1
cvmp3.com 1
dadepo.com 1
digitalniportali.com 1
download.battle.net 1
drift-hunters.net 1
drive.proton.me 1
en.softonic.com 1
en.wikipedia.org 1
encurta.net 1
entravision.com 1
ewyj.hollowpulsestackrain.monster 1
facebook.com 1
feedback.minecraft.net 1
filefluxfree.com 1
filehorse.com 1
freexpussy.com 1
fsantos.utad.pt 1
gamejolt.com 1
games.multiplasofertas.com.br 1
gamessumo.com 1
gamulator.my 1
geometrydash.com 1
go.errpgrt.com 1
go.hotmart.com 1
gog.com 1
gw.aoscdn.com 1
hibt.com 1
hocviral.com 1
hotmart.com 1
htx.com 1
hydralinks.cloud 1
imdb.com 1
liink.uk 1
link-hub.net 1
lite.facebook.com 1
live.gamesvot.com 1
macan-native.com 1
martted.com 1
minhab.io 1
minijogos.com.br 1
monetiza.link 1
notifier.rarlab.com 1
nte.perfectworld.com 1
ojrq.net 1
olhardigital.com.br 1
pastelink.net 1
pes-2013.en.uptodown.com 1
petroatletico.co.ao 1
pluto.tv 1
pokasscript.online 1
pt.pornhub.com 1
pt.wikipedia.org 1
pulse.vectorquantforge7.cfd 1
retromania.gg 1
rewards.microsoft.com 1
rjotablog.github.io 1
rm358.com 1
rocketgoal.io 1
seulink.digital 1
sharemods.com 1
shellshock.io 1
signup.live.com 1
static-homepage-en.pluto.tv 1
static.mediafire.com 1
stfly.biz 1
strem.io 1
studio.youtube.com 1
superchatlive.com 1
support.xbox.com 1
sur.ly 1
t.me 1
techsavys.info 1
tellihandlesexwr.org 1
tiktok.com 1
tinyurl.com 1
turboscribe.ai 1
typing.com 1
unjambonin.com 1
urlify.xyz 1
v2pop.com 1
voidspace.com.br 1
vww1.com 1
wildbearads.go2affise.com 1
workspace.google.com 1
www2.quectel.com 1
wwwplaynation.blogspot.com 1
xml-v4.pushub.net 1
y2max.com 1
zaykus.github.io 1