mediafire.com 73
rubiconproject.com 56
youtube.com 53
adnxs.com 36
bing.com 35
creativecdn.com 34
microsoft.com 32
google.com 27
ldplayer.net 26
econventa.com 25
a-mx.com 24
contextweb.com 24
msn.com 23
romsgames.net 22
nvidia.com 21
turboscribe.ai 21
minijogos.com.br 20
1001jogos.com.br 19
crazygames.com 19
a-mo.net 18
shellshock.io 17
4shared.com 16
besoccer.com 16
eaglercraft.com 16
palcomp3.com.br 16
uptodown.com 16
3lift.com 15
mylivewallpapers.com 15
playgama.com 15
poki.com 15
prebid.a-mo.net 15
elephantbet.co.ao 14
gamejolt.com 14
linkvertise.com 14
rtb.mx 14
softonic.com 14
sharemods.com 13
structural-learning.com 13
superchatlive.com 13
canaltech.com.br 12
crunchyroll.com 12
freeconvert.com 12
rewards.bing.com 12
roblox.com 12
venge.io 12
winaero.com 12
callofduty.com 11
login.live.com 11
rocketgoal.io 11
sparteo.com 11
typing.com 11
bricks-co.com 10
godcardosotwo.org 10
google.co.ao 10
hotmart.com 10
opera.com 10
premierbet.co.ao 10
gamessumo.com 9
olhardigital.com.br 9
prebid.media.net 9
weeklyquiz.net 9
amx1.net 8
biplabtewary.com 8
bit.ly 8
casalemedia.com 8
cs.amx1.net 8
filmelier.com 8
linktr.ee 8
mixmods.com.br 8
moewalls.com 8
mwgamesyt.com.br 8
oldgamesdownload.com 8
pornhub.com 8
primevideo.com 8
retrixgames.com 8
retrostic.com 8
romspedia.com 8
ryin.info 8
scorecardresearch.com 8
sourceforge.net 8
yandex.ru 8
battle.net 7
bluestacks.com 7
booking.com 7
consoleroms.com 7
dailymotion.com 7
google.pt 7
linkunlocker.com 7
pinterest.com 7
playstation.com 7
ppsspp.org 7
pt.besoccer.com 7
rpcs3.net 7
taboola.com 7
uol.com.br 7
4br.me 6
accounts.google.com 6
apowersoft.com 6
favninja.com 6
hotspotshield.com 6
ludigames.com 6
lupygames.co.uk 6
premierbetzone.co.ao 6
sur.ly 6
topjogosvip.online 6
use3-cs.amx1.net 6
xbox.com 6
baixesoft.com 5
blacked.com 5
discord.com 5
filehorse.com 5
games.crazygames.com 5
jamendo.com 5
jobnoid.net 5
jw.org 5
launcherfenix.com.ar 5
linkedin.com 5
login.microsoftonline.com 5
mail.google.com 5
optijuegos.net 5
pastelink.net 5
romsmania.games 5
seulink.net 5
techtudo.com.br 5
wordpress.com 5
xvideos.com 5
accounts.livechatinc.com 4
atmequiz.com 4
c.bing.com 4
c1.microsoft.com 4
crwdcntrl.net 4
gravador.net 4
instagram.com 4
java.com 4
jogosviatorrent.club 4
konami.com 4
legacyagency.com.br 4
live.com 4
login.microsoft.com 4
meet.google.com 4
meulink.ai 4
ntp.msn.com 4
opoxv.com 4
pubmatic.com 4
retromania.gg 4
seulink.digital 4
subeasy.ai 4
torrentreactor.com 4
workspace.google.com 4
xvideos.red 4
aoscdn.com 3
api.hcaptcha.com 3
aznude.com 3
b7510.com 3
bidmatic.io 3
bidswitch.net 3
cuttty.com 3
datanodes.to 3
download.it 3
drive.proton.me 3
facebook.com 3
freeroms.com 3
freexpussy.com 3
globo.com 3
googleadservices.com 3
hocviral.com 3
hydra.wiki 3
imdb.com 3
jogosdepc.download 3
minecraft.net 3
monetiza.link 3
motionbgs.com 3
msnfun.com 3
myaccount.google.com 3
nexx360.io 3
ouo.io 3
photos.google.com 3
pippio.com 3
pool.liftdsp.com 3
rekonise.com 3
retroflix.org 3
rockstargames.com 3
s8ey.com 3
shaamurdrctf.online 3
smartadserver.com 3
srv.stackadapt.com 3
sso.hotmart.com 3
steamverde.net 3
store.steampowered.com 3
stremio.com 3
sxp.smartclip.net 3
sync.srv.stackadapt.com 3
syncingbridge.com 3
tiktok.com 3
073m.com 2
122da.com 2
255md.com 2
360yield.com 2
8-ball-pool-wyr.game-files.crazygames.com 2
adform.net 2
admatic.com.tr 2
adsrvr.org 2
anamrdrctf.com 2
archive.org 2
bgtee.com 2
bidr.io 2
c.msn.com 2
clarity.ms 2
company-target.com 2
cupheadgame.com 2
digesttech.com 2
doodle-road.game-files.crazygames.com 2
doubleclick.net 2
drive.google.com 2
edgecompanion.msn.com 2
equipeatualiza.com 2
frs2c.com 2
gamedistribution.com 2
gamestorrents.app 2
get.appsontrcks.com 2
github.com 2
gog.com 2
hit.gemius.pl 2
id5-sync.com 2
livejasmin.com 2
login.windows.net 2
loopia.com 2
magsrv.com 2
measureadv.com 2
media.net 2
mks98.com 2
openx.net 2
otieu.com 2
pemsrv.com 2
petroatletico.co.ao 2
photos.fife.usercontent.google.com 2
play.google.com 2
pmbmonetize.live 2
proton.me 2
quantserve.com 2
rfihub.com 2
rlcdn.com 2
rm358.com 2
romstation.fr 2
sharethis.com 2
sisu.xboxlive.com 2
sitescout.com 2
space-waves.game-files.crazygames.com 2
stfly.biz 2
store.rockstargames.com 2
supergamestorrent.com 2
supersweet.org 2
support.microsoft.com 2
t.me 2
thepiratebay.se 2
track.alinkif.com 2
track.involvkgfr.com 2
tremorhub.com 2
utorrent.com 2
viads.com 2
vlscppe.microsoft.com 2
voisetech.com 2
vww1.com 2
wikipedia.org 2
wildbearads.go2affise.com 2
www2.quectel.com 2
14k4.com 1
1rx.io 1
4dex.io 1
a.usbrowserspeed.com 1
a18240914759.cdn.optimizely.com 1
about.roblox.com 1
account.anonymised.io 1
account.booking.com 1
account.microsoft.com 1
adfarm1.adition.com 1
admaster.cc 1
admatic.de 1
adscale.de 1
advolve.io 1
analytics.yahoo.com 1
api.msn.com 1
apps.microsoft.com 1
apunkagames.click 1
assets.msn.com 1
auth.wikimedia.org 1
bc-sync.com 1
bclogin-check.com 1
bingapp.microsoft.com 1
blackdealfind.com 1
blismedia.com 1
blznav.akamaized.net 1
bolsterate.net 1
ccgateway.net 1
cdn.ludigames.com 1
chmsrv.com 1
chnsrv.com 1
cl1ca.com 1
cloud.bluestacks.com 1
clubedohardware.com.br 1
cpm.vistarsagency.com 1
criteo.com 1
decibelinsight.net 1
demdex.net 1
disqus.com 1
dmxleo.com 1
dnacdn.net 1
dpm.demdex.net 1
dsapgq.com 1
dsqqez.com 1
dtscdn.com 1
dxtech.ai 1
elnnap.com 1
en.wikipedia.org 1
encurta.app 1
epicgames.com 1
everesttech.net 1
eyeota.net 1
filefluxfree.com 1
fir3.net 1
flashtalking.com 1
fondleaegipan.shop 1
fortnite.com 1
gamesfullextreme.com 1
gds.google.com 1
getfluxfile.com 1
gonet-ads.com 1
google.com.br 1
hhkld.com 1
hibt.com 1
hsprotect.net 1
id.ad-plus.com.tr 1
idealmedia.io 1
influ2.com 1
infolinks.com 1
intake-analytics.wikimedia.org 1
intergient.com 1
io.narrative.io 1
ipredictive.com 1
join.worldoftanks.eu 1
justwatch.com 1
jvpesefifa.com 1
liink.uk 1
lijit.com 1
marretagaming.com.br 1
mathtag.com 1
mediamathrdrt.com 1
meta.wikimedia.org 1
moloco.com 1
msedgeservices.com 1
my.rtmark.net 1
myaccount.apowersoft.com 1
nectsideaments.com 1
obseu.bizseasky.com 1
ogs.google.com 1
onaudience.com 1
onlinejogos.xyz 1
openwebmp.com 1
optvz.com 1
outbrain.com 1
panxo-sys.com 1
panxostack.com 1
pes-2011.br.download.it 1
prdredir.com 1
prebid-stag.setupad.net 1
prebid.setupad.io 1
prebid.trustedstack.com 1
programmaticx.ai 1
protrafficinspector.com 1
pt.pornhub.com 1
pt.superchatlive.com 1
pt.wikipedia.org 1
pubads.g.doubleclick.uk.net 1
pubguru.net 1
rarlab.com 1
ratingyammjambo.monster 1
rbstsystems.live 1
recaptcha.net 1
rirki.com 1
rqtrk.eu 1
rtb-oveeo.com 1
rtbscale.com 1
safe.sur.ly 1
seedtag.com 1
server.smartytech.io 1
shrtlk.biz 1
signin.rockstargames.com 1
signup.live.com 1
simpli.fi 1
snowplow.awidua.io 1
srtb.msn.com 1
statcounter.com 1
sync.a-mo.net 1
targeting.unrulymedia.com 1
testfamilysafety.bing.com 1
topdownloadcenterlive.com 1
tracking.intentsify.io 1
tracookiepixel.xyz 1
trk.myperfect2give.com 1
trustedstack.com 1
udr.uol.com.br 1
uidsync.net 1
ukankingwithea.com 1
upload.wikimedia.org 1
vitalselector.com 1
vlm.vxngo.com 1
voidspace.com.br 1
vstwerxerbc.top 1
wargaming.net 1
web-toolbar.playstation.com 1
withpersona.com 1
wp.pl 1
www2.bing.com 1
xboxlive.com 1
yahoo.com 1
youtu.be 1
zeotap.com 1
zlinkw.com 1