callsbazar.com 3
filibeli.net 3
login.yahoo.com 3
000webhost.com 2
192.168.0.1 2
192.168.168.28 2
192.168.168.65 2
192.168.168.7 2
accounts.zoho.in 2
arefbd.com 2
creativevisionglobal.com 2
emsctgbd.com 2
filibeli.com 2
localhost 2
login.live.com 2
m.facebook.com 2
makkahpoultry.net 2
mstgroupbd.com 2
mysonicwall.com 2
pos.filibeli.com 2
pubalibankbd.com 2
sellercentral.amazon.com 2
web.facebook.com 2
103.17.69.213 1
127.0.0.1 1
148.163.71.201 1
18.153.34.21 1
192.168.0.2 1
192.168.168.114 1
192.168.168.159 1
192.168.168.17 1
192.168.168.18 1
192.168.168.45 1
192.168.168.66 1
192.168.2.1 1
192.168.5.165 1
192.168.5.61 1
192.168.5.64 1
56374951pb.eu.ruijiecloud.net 1
account.360totalsecurity.com 1
account.docusign.com 1
account.envato.com 1
account.filibeli.com.bd 1
account.mapbox.com 1
account.meraki.com 1
account.synology.com 1
accounts.binance.com 1
accounts.zoho.com 1
acculance.codeshaper.net 1
acculance.top 1
admin-pickbazar.vercel.app 1
afz.webhr.co 1
ais-dev-mimuu6wpjsrjozrxlx6lxo-605556523137.europe-west2.run.app 1
amazon.ae 1
amazon.in 1
amentotech.com 1
apogee-invest.cc 1
app.deriv.com 1
app.invest.dubai.ae 1
app.jarvis.ai 1
app.swapcard.com 1
asia10.myserverhosts.com 1
aura-mena.com 1
auth.socialgoodplatform.com 1
bestsmoke.ae 1
beta.theb.ai 1
bitcoinbns.com 1
bitoasis.net 1
blog.arefbd.com 1
bookingcore.org 1
builder.zety.com 1
business.facebook.com 1
callbazar.callsbazar.com 1
callsbazaar.com 1
canva.com 1
career22.sapsf.com 1
career5.successfactors.eu 1
careers.forteseducation.com 1
careers.hyatt.com 1
cebupacificair.com 1
checkout.payfort.com 1
citydresshut.com 1
client.ecn.broker 1
client.pay.bka.sh 1
cloud-me.ruijienetworks.com 1
cloud.sonicwall.com 1
cloud.sophos.com 1
com.adsk.instructables 1
com.alibaba.aliexpresshd 1
com.aswat.carrefouruae 1
com.awok.store 1
com.badoo.mobile 1
com.banggood.client 1
com.bitoasis 1
com.callbazar.ecommerce 1
com.cibl.eblsky 1
com.facebook.katana 1
com.facebook.orca 1
com.filibeli.expressdriver 1
com.global.foodpanda.android 1
com.kfc.me 1
com.linkedin.android 1
com.ludashi.dualspace 1
com.mstgroup.bd 1
com.netflix.mediaclient 1
com.noon.buyerapp 1
com.pickaboo.app 1
com.pinterest 1
com.prince.assetmanagement 1
com.reddit.frontpage 1
com.revesoft.itelmobiledialer.dialer 1
com.scribd.app.reader0 1
com.tinder 1
com.unearby.sayhi 1
com.upwork.android 1
connectbios.webex.com 1
cpanel.arefbd.com 1
creativevision.arefbd.com 1
credit-lite-saas.appbusket.com 1
crmweb-100902.campusnexus.cloud 1
crownsvape.com 1
cvtremote 1
cybrary.it 1
da-usa1.cloudns.io 1
daftplug.com 1
demo.6amtech.com 1
demo.activeitzone.com 1
demo.dolibarr.org 1
demo.geniusocean.com 1
demo.growcrm.io 1
demo.stockifly.in 1
demo.workdo.io 1
developer.anchorfree.com 1
dlinkrouter.26fd.local. 1
dot-accounts-lite.appbusket.com 1
dot-accounts-saas.appbusket.com 1
dovesiamonelmondo.it 1
dragonmart.ae 1
dubai.dubizzle.com 1
dubaiblind.ae 1
dubaiblindscurtains.ae 1
dubaicurtainstore.ae 1
ebl.bdjobs.com 1
eco.fifthinfiniti.com 1
edarabia.com 1
employment.aurak.ac.ae 1
ent.dsbpos.com 1
epassport.gov.bd 1
erp.makkahpoultry.net 1
eshopweb.store 1
exercism.org 1
f6.hyvikk.space 1
facebook.com 1
fifthinfiniti.com 1
filibeli.com.bd 1
filibeli.ecommerce.com 1
finyaan.tasjeel.ae 1
fiverr.com 1
fleet.mstgroupbd.com 1
flydubai.taleo.net 1
fo-usba.ttinteractive.com 1
freebitco.in 1
freepik.com 1
fruitsbox.ae 1
g6823254pa.eu.ruijiecloud.net 1
gccbestonlinemba.com 1
gogrocer.tecmanic.com 1
gomarket.tecmanic.com 1
hackaday.io 1
harri.com 1
hilton.taleo.net 1
hostbybd.srsportal.com 1
id.containerize.com 1
id.vk.com 1
idealz.com 1
indiavisa.blsinternational.com 1
instagram.com 1
internations.org 1
invoice.bestsmoke.ae 1
invoices-saas.infyom.com 1
invoices.infyom.com 1
ipg.comtrust.ae 1
isp.asteckh.com 1
janasunastore.xyz 1
jarir.com 1
kamleshyadav.com 1
labelfactory.ae 1
linksyssmartwifi.com 1
live.aha.n 1
login.moi.gov.ae 1
login.noon.partners 1
login.sophos.com 1
lt5.eu.cpanel.hostens.cloud 1
mail.google.com 1
mbt4-my.sharepoint.com 1
me.lifepointspanel.com 1
mediacity.co.in 1
mega-voice-command.com 1
member.daraz.com.bd 1
microworkers.com 1
mjgarments.xyz 1
mlmscript.net 1
moi.gov.ae 1
moz.com 1
mpark.mawaqif.ae 1
mportal.passportindia.gov.in 1
my.anydesk.com 1
my.tasjeel.ae 1
myaccount.du.ae 1
myaccount.uscis.gov 1
mylikelo.com 1
mylocatorplus.com 1
n1116.meraki.com 1
n447.meraki.com 1
namecheap.com 1
net.metaquotes.metatrader5 1
noon.com 1
nordaccount.com 1
othoba.com 1
ourdevelops.com 1
padmabankbd.com 1
parcel.wixiz.com 1
passport.aliexpress.com 1
paypal.com 1
pharmacy.filibeli.org 1
phg.tbe.taleo.net 1
placeit.net 1
portal.startapp.com 1
pos.btscluster.xyz 1
posly.getstocky.com 1
pospro.acnoo.com 1
pushnifty.com 1
pwc.wd3.myworkdayjobs.com 1
resumeworded.com 1
rotanacareers.com 1
sa.awok.com 1
saleserplatest.bdtask-demo.com 1
sbm.tecd.top 1
secure-acs2ui-b1-indblr-blrtdc.wibmo.com 1
secure-acs2ui-b1-indmum-mumrdc.wibmo.com 1
secure.indeed.com 1
sellercentral.amazon.ae 1
semrush.com 1
seo.btscluster.xyz 1
server2.hostingbangladesh.com 1
shahed.cbdc.blooddonation 1
shahedpersonalweb.000webhostapp.com 1
shipnow.dhl.com 1
shop.bigticket.ae 1
shreehariweb.com 1
shutterstock.com 1
signin.autodesk.com 1
sim.tecd.top 1
sksoftware.xyz 1
smartr.me 1
spotlayer.com 1
student.edi-uae.com 1
support.facts.ae 1
surveys.thepanelstation.com 1
talent500.co 1
themographics.com 1
tplinkwifi.net 1
travelsoluation.com 1
trofigroup.site 1
turnitin.com 1
u.pcloud.com 1
udemy.com 1
usvip4.noc401.com 1
vmsupdate.bdtask.com 1
walmart.com 1
wiresoft.ae 1