192.168.0.1 3
com.facebook.katana 3
accounts.google.com 2
com.facebook.lite 2
com.logistics.rider.foodpanda 2
facebook.com 2
instagram.com 2
login.live.com 2
roblox.com 2
access.pokemon.com 1
account.garena.com 1
auth.services.adobe.com 1
com.bsfla.takabdt 1
com.crunchyroll.crunchyroid 1
com.daraz.android 1
com.fhrsoft.khelagor 1
com.fhrsoft.takaincome 1
com.foodora.courier 1
com.takaincome.onlineincome 1
com.zhiliaoapp.musically 1
dkwin9.com 1
dugc.edu.bd 1
invisiblelabbd.com 1
net.omobio.airtelsc 1
onlin24.com 1
sso.crunchyroll.com 1
tlauncher.org 1
xnxx-games.com 1