facebook.com 5
oka-bid.com 4
com.instagram.android 3
login.nvgs.nvidia.com 3
mop.scoutsbd.com 3
182.160.97.196 2
192.168.0.1 2
3dsky.org 2
accounts.google.com 2
com.zhiliaoapp.musically 2
eticket.railway.gov.bd 2
fiverr.com 2
linkedin.com 2
m.facebook.com 2
mexc.coyinassets.xyz 2
myspace.d5render.com 2
passport.1miba.com 2
us.id.trimble.com 2
3dline.net 1
accounts.autodesk.com 1
auth.turbosquid.com 1
bnm.teletalk.com.bd 1
caddcore.net 1
canva.com 1
com.bikroy 1
com.facebook.katana 1
com.facebook.lite 1
com.facebook.orca 1
com.pinterest 1
com.rewardsup.devdou 1
com.tinder 1
free.facebook.com 1
ibas.finance.gov.bd 1
itoosoft.com 1
jobccc.gov.bd 1
lime-exporter.com 1
maxve.org 1
messenger.com 1
pinterest.com 1
postermywall.com 1
sso.scout.org 1
teraboxshortlink.com 1
vat.gov.bd 1