login.microsoftonline.com 16
accounts.google.com 7
mywifiext.com 5
vuise8.ise.vu.edu.au 4
create.kahoot.it 3
lovable.dev 3
vuise7.ise.vu.edu.au 3
172.0.0.1 2
accounts.spotify.com 2
ap-southeast-2.signin.aws.amazon.com 2
app.shapr3d.com 2
app.signmee.com 2
codecombat.com 2
facebook.com 2
huggingface.co 2
id.blooket.com 2
roblox.com 2
supabase.com 2
users.nexusmods.com 2
1494.3cx.cloud 1
192.168.0.1 1
192.168.0.125 1
192.168.0.126 1
192.168.0.2 1
192.168.0.28 1
192.168.0.3 1
192.168.0.32 1
192.168.0.33 1
192.168.0.4 1
192.168.0.5 1
192.168.1.15 1
192.168.1.18 1
192.168.1.24 1
23691539-6402-44d5-b2b3-03ecdc091151.sandbox.lovable.dev 1
7plus.com.au 1
account.battle.net 1
account.protonvpn.com 1
account.samsung.com 1
account.shapr3d.com 1
accounts.nintendo.com 1
accounts.simply5.io 1
amazon.com.au 1
app.netlify.com 1
app.seesaw.me 1
au-testing.verificient.com 1
au.gomino.com 1
aus.edutest.com.au 1
auth.passports.gov.au 1
authenticate.riotgames.com 1
bharatsuvidha.com.au 1
bruce.local 1
buy-ap.piano.io 1
challonge.com 1
charls-domain.3cx.com.au 1
chess.com 1
codingal.com 1
discord.com 1
edrolo.com.au 1
eternalzero.cloud 1
foodallergytraining.org.au 1
github.com 1
goodnews-vic.compass.education 1
help.steampowered.com 1
iam.educationperfect.com 1
idmsa.apple.com 1
learning.education.gov.au 1
learning.humanrights.gov.au 1
library.scholarcy.com 1
localhost 1
login.live.com 1
member.hide.me 1
mybib.com 1
mycompiler.io 1
mywifiext.net 1
nqaitsb2c.b2clogin.com 1
ociservices.gov.in 1
phrasly.ai 1
playit.gg 1
portal.owna.com.au 1
purch27.app.n8n.cloud 1
quizsolverai.com 1
remotedesktop.google.com 1
replit.com 1
scholarships.acer.org 1
schoolgoat.com 1
scratch.mit.edu 1
sellercentral.amazon.com 1
signin.aws.amazon.com 1
store.steampowered.com 1
testacademy.com.au 1
tiny.cc 1
training-infosharing.instructure.com 1
training.infosharing.vic.gov.au 1
unit.link 1
us.account.battle.net 1
user.flexischools.com.au 1
wnsc-vic.compass.education 1
wordcount.com 1
wyndhamvaleps-vic.compass.education 1