thegamer.com 41
pubmatic.com 31
nextmillmedia.com 24
bing.com 22
foodrecipesinfo.com 22
go.sonobi.com 18
sparteo.com 18
trip.com 18
bricks-co.com 17
servenobid.com 17
smaato.net 17
msn.com 15
work.ink 15
vowsavageskim.com 13
pmbmonetize.live 12
spendsdetachment.com 12
youtube.com 12
ddzk5l3bd.com 10
holahupa.com 10
intentiq.com 10
opera.com 10
wherewindsmeetgame.com 10
adnxs.com 9
ntp.msn.com 9
techworm.net 9
richaudience.com 8
rubiconproject.com 8
aniview.com 7
au.trip.com 7
sync.aniview.com 7
a-mx.com 6
consumeririssalary.com 6
contextweb.com 6
fizzyacerbitymellow.com 6
getvortex.online 6
roblox.com 6
rtb.mx 6
sleepoverlimitprofound.com 6
syncingbridge.com 6
yandex.ru 6
zufile.com 6
login.live.com 5
media.net 5
pxl.iqm.com 5
rbstsystems.live 5
seedtag.com 5
sportradarserving.com 5
vuotnhanh.com 5
adtech.ink 4
c.msn.com 4
cdn.aucey.com 4
crwdcntrl.net 4
doubleclick.net 4
ingage.tech 4
inmobi.com 4
kettledroopingcontinuation.com 4
linkedin.com 4
measureadv.com 4
realizationnewestfangs.com 4
smartadserver.com 4
workdeadlinededicate.com 4
07ys.com 3
3xyy.com 3
a-mo.net 3
adgrx.com 3
adotmob.com 3
api.hcaptcha.com 3
b7510.com 3
bidswitch.net 3
c.bing.com 3
casalemedia.com 3
discord.com 3
executors.online 3
gys5.com 3
id5-sync.com 3
insightexpressai.com 3
links.lootlabs.gg 3
mediarithmics.com 3
onthitracnghiem.com 3
pippio.com 3
pool.liftdsp.com 3
postrelease.com 3
prebid.a-mo.net 3
rfihub.com 3
scorecardresearch.com 3
silo58.p7cloud.net 3
srv.stackadapt.com 3
sundaysky.com 3
sync.srv.stackadapt.com 3
taboola.com 3
tapad.com 3
tcliktrc.online 3
undertone.com 3
wyv.gg 3
33across.com 2
360yield.com 2
3lift.com 2
accounts.google.com 2
acuityplatform.com 2
adform.net 2
adkernel.com 2
admanmedia.com 2
admatic.de 2
adroll.com 2
adsrvr.org 2
adtarget.biz 2
adtdp.com 2
amazon-adsystem.com 2
ambientdsp.com 2
amx1.net 2
api.msn.com 2
beepergaily.com 2
bidr.io 2
c.appier.net 2
c.clarity.ms 2
clarity.ms 2
colossusssp.com 2
company-target.com 2
connectad.io 2
cookies.nextmillmedia.com 2
copper6.com 2
creativecdn.com 2
ctnsnet.com 2
d.adroll.com 2
datapointlane.site 2
drift-pixel.ai 2
ejekodap.org 2
eskimi.com 2
exchange.journeymv.com 2
exchange.mediavine.com 2
exchange.pubnation.com 2
eyeota.net 2
gamerhit.co 2
gethelixs.com 2
ghtinc.com 2
krushmedia.com 2
ladsp.jp 2
lijit.com 2
link4sub.com 2
lootlabs.gg 2
lumivale.org 2
m.ntesgsght.com 2
monetixads.com 2
openx.net 2
ottadvisors.com 2
pinklion.io 2
playdigo.com 2
playerhit.co 2
presage.io 2
quantserve.com 2
rlcdn.com 2
secveren.com 2
sitescout.com 2
smilewanted.com 2
srowox.com 2
the-ozone-project.com 2
traffichubcontrol.com 2
tynt.com 2
ubt-sin.tripcdn.com 2
uncn.jp 2
usync.ingage.tech 2
vocros.com 2
voisetech.com 2
w55c.net 2
win-rar.com 2
yahoo.co.jp 2
zekehub.com 2
1rx.io 1
4dex.io 1
6sc.co 1
a.usbrowserspeed.com 1
ad-m.asia 1
adentifi.com 1
admixer.net 1
ads-tinyorbit.com 1
ads.pubmatic.com 1
ads.servenobid.com 1
ads.travelaudience.com 1
adscale.de 1
advolve.io 1
alchemyx.online 1
alocdn.com 1
amitydigital.io 1
analytics.yahoo.com 1
aralego.com 1
bat.bing.com 1
bh.contextweb.com 1
blismedia.com 1
brand-display.com 1
bttrack.com 1
chloro.trip.com 1
cm.mgid.com 1
connatix.com 1
cootlogix.com 1
cpm.chocolateplatform.com 1
cpm.vistarsagency.com 1
criteo.com 1
csync.loopme.me 1
demdex.net 1
discord.gg 1
discord.media 1
discordapp.com 1
discordapp.net 1
disqus.com 1
dnacdn.net 1
docomo.ne.jp 1
dotomi.com 1
dpm.demdex.net 1
dxtech.ai 1
everesttech.net 1
ex.co 1
filerift.com 1
flashtalking.com 1
fout.jp 1
getmadium.net 1
getpublica.com 1
google.com 1
google.com.au 1
grabpopdownloadnowtoday.monster 1
groovinads.com 1
gsspat.jp 1
gumgum.com 1
hcaptcha.com 1
hmidssp.com 1
hybrid.ai 1
id.a-mx.com 1
ipredictive.com 1
iqzonertb.live 1
krk2.kargo.com 1
kueezrtb.com 1
liadm.com 1
m.stripe.com 1
marphezis.com 1
mathtag.com 1
mgid.com 1
minutemedia-prebid.com 1
ml314.com 1
moloco.com 1
my.rtmark.net 1
mycodemedia.com 1
nativeagents.ai 1
naver.com 1
nerventualken.com 1
nrich.ai 1
omnitagjs.com 1
onetag-sys.com 1
openwebmp.com 1
outbrain.com 1
ow.pubmatic.com 1
pangle-ads.com 1
pbs.yahoo.com 1
prebid-server.rubiconproject.com 1
primis.tech 1
pro-market.net 1
programmaticx.ai 1
protrafficinspector.com 1
public.servenobid.com 1
resetdigital.co 1
s2s.t13.io 1
scripts.mediavine.com 1
sea1-cs.amx1.net 1
semasio.net 1
send.microad.jp 1
sharethrough.com 1
shb-sync.com 1
simpli.fi 1
socdm.com 1
static.cdn.trustx.org 1
targeting.unrulymedia.com 1
technoratimedia.com 1
testfamilysafety.bing.com 1
thrtle.com 1
tiktok.com 1
toast.com 1
travelaudience.com 1
tribalfusion.com 1
trustedstack.com 1
trustx.org 1
turn.com 1
ukankingwithea.com 1
upload.wikimedia.org 1
uxwing.com 1
vecteezy.com 1
visx.net 1
wcs.naver.com 1
wp.pl 1
yahoo.com 1
yellowblue.io 1
ymmobi.com 1