youtube.com 309
deepcoin.com 178
pornhub.com 63
lostshorts.com 43
xhamster.com 25
en.luxuretv.com 22
holahupa.com 22
xfree.com 22
xxxbp.tv 19
google.com 18
xnxx.com 18
accounts.google.com 16
hippievids.com 13
spellingdelicatessenremove.com 12
stake.ac 12
diagramjawlineunhappy.com 11
p23hxejm1.com 11
family-sex.me 10
hr.stripchat.com 10
rg403.com 10
xxvidsx.com 10
youxxtube.com 10
en.chezcathy.com 9
euxvid.top 9
holloporn.com 9
rcdn-web.com 9
stake.com 9
xxllrpd.com 9
cuckoldwifetube.com 8
hippiegod.com 8
incest.pro 8
thematureincest.com 8
fhvfd.com 7
zoosex.cc 7
bestialitysextaboo.net 6
chromewebstore.google.com 6
clladss.com 6
ey43.com 6
girl-rape.com 6
raped.name 6
zoo-hardcore.com 6
4tunaporn.com 5
8095.sualecolly.com 5
bang.com 5
flashdesire.com 5
g2288.com 5
homemadexxx.org 5
pornsitebros.com 5
xxxfilm.pro 5
zoo-xnxx.com 5
188.2489may2024.com 4
classikappliancerepair.ca 4
crn77.com 4
developingreturnreplica.com 4
girlfuckshorse.net 4
hai8g.com 4
hr.omg.adult 4
igotube.com 4
kocmg.com 4
lpmugcevks.com 4
million-movies.com 4
mozzartbet.ba 4
porn.com 4
porn13.com 4
pornsites.cc 4
virginfizzytolerable.com 4
whorenasties.com 4
wowfucktube.com 4
zoosexfarm.com 4
22403.weligillysies.com 3
aliexpress.com 3
animalzooporn.me 3
anym8.com 3
astrologybacklightsinless.com 3
attacheatableoverlabor.com 3
aviatorreproducesauciness.com 3
badnessgimmickposted.com 3
best.aliexpress.com 3
bestiality.video 3
boxypluckunrelated.com 3
brinkhertzunjustly.com 3
cawsg.com 3
dlvai1.com 3
dreamlikefostergala.com 3
essential-trash.com 3
explore.microsoft.com 3
glazingretentionupcoming.com 3
horseporn.tv 3
interestedamplify.com 3
iqoption.net 3
landapi.cc 3
mks98.com 3
octotraf.xyz 3
offer.alibaba.com 3
playstake.club 3
rm358.com 3
springporno.com 3
topfreshporn.com 3
tube4zoo.com 3
tubezoox.com 3
tyblk.info 3
viifcktm.com 3
zoosex.tube 3
zootubered.com 3
140.trachizentrating.com 2
1adr.com 2
1osb.com 2
20rm.com 2
29456196-32063-22403.squitoiages.com 2
7589.catiuribripent.com 2
7589.sattiostiounper.com 2
alptube.com 2
api.instawaregoodtagsfree.com 2
bcgame52.com 2
bing.com 2
bizarre100.com 2
brother-sister.net 2
centralwildcats.com 2
coolporns.com 2
csgoempire.com 2
cuckold69.com 2
dadincest.net 2
dear-soil.com 2
disloyal-valuable.com 2
dogofcum.com 2
family-nudism.org 2
family-tube.net 2
familynudism.org 2
faplo.com 2
forced-sex.net 2
free-nudist-pictures.info 2
freepcountry.com 2
gravysex.com 2
homemadexvids.com 2
hornyvillasteam.com 2
hottfevergirls.com 2
jerk24.com 2
jrhamster.com 2
madxxxflicks.com 2
momrape.com 2
msn.com 2
naked-photos.org 2
naturism-nudism.com 2
nudistfruit.com 2
playglobal9.com 2
pleasantgirls.com 2
po.exchange 2
pornpaprika.com 2
pornpropeller.com 2
press-continue.92karw4jfp1y.top 2
rapeporn.tv 2
rapetube.tv 2
realincest.org 2
realincesttube.com 2
seehorsepenis.com 2
sex-orgy.net 2
sexpun.com 2
sextubedr.com 2
sexypornfilms.com 2
spicyamateurs.top 2
tdslinetraffic.com 2
teenintimate.com 2
teensark.com 2
teensforfree.net 2
teft.es 2
tube1xxx.com 2
v1.y2mate.nu 2
wankworld.com 2
whitebit.com 2
xvideos.com 2
xxxvideosz.com 2
zooporntube.com 2
28879.habiculpize.com 1
37253.badylenicesist.com 1
66hub.com 1
accounts.binance.com 1
adclickad.com 1
adzilla.meme 1
amateurdb.com 1
animalporn.dog 1
animalsexporntube.com 1
antalyaescortevi.com 1
attorneyzones.xyz 1
besthamster.com 1
bg-mezonet.info 1
blog.techpointspot.com 1
bonusgaf.com 1
box066.com 1
camtopics.com 1
catchyporn.com 1
ccads.adsboosters.xyz 1
cdn.ms1a.com 1
chinapornmovie.com 1
crazedporn.com 1
crazedsexy.com 1
crazyslutz.com 1
crazyxxx3dworld.com 1
creative.eiscprts.com 1
crmkt.livejasmin.com 1
cuntaddict.com 1
cupcams.com 1
dash.jkxxx.com 1
dateseni.su 1
devilhard.com 1
dirtydoglinks.com 1
djxh1.com 1
dlfconstruction.fr 1
dobbyporn.com 1
dostube.com 1
drussgaming.com 1
duel.com 1
e7cq.prodpopgetrightnowfast.monster 1
ebooksalamai.com 1
elazigescort.com 1
erzurumsbm.net 1
escortsisli.com 1
eu.livesexgift.com 1
eu.xml.rexsrv.com 1
eu.xxxapp.net 1
familyincest.pro 1
fantasyescortblogs.com 1
faphouse4k.com 1
fapstorm.com 1
fapzoo.com 1
filthyhorny.com 1
forcedincest.net 1
freesexing.com 1
fuckingharder.com 1
girl-orgasm.net 1
girlfriendtubez.com 1
girlfriendzoo.com 1
girls-tube.net 1
goodnudist.com 1
goodtimexxx.com 1
hairynature.com 1
handjob.kinkest.com 1
hardpounder.com 1
hiddenvoyeurspy.com 1
hitsterra.com 1
hoeszone.com 1
hoetoob.com 1
homegrowngals.com 1
homeoutlet.cl 1
hotsexytimes.com 1
hq-sex-tube.com 1
humpinglife.com 1
incestxxxhere.com 1
indiegf.com 1
indiep.com 1
ineed.porn 1
instagram.com 1
intensexxx.com 1
iriverwave.com 1
istanbulescort.net 1
iwankyou.com 1
iwant2cum.com 1
jizzongals.com 1
join.worldoftanks.eu 1
jrpop.com 1
justfuckholes.com 1
ka.spartanamicus.com 1
kasyno-online.pwp.edu.pl 1
kind-girls.net 1
kindnudist.com 1
klh.netnotif.com 1
klh.pwebnotif.com 1
knockporn.com 1
kookporn.com 1
ksp-chel.ru 1
kts.sensitiveclick.com 1
kudosporn.com 1
lastgirl.top 1
lipcams.com 1
livingpussy.com 1
ljslfkjs.cc 1
lovehotporn.com 1
lp1.fangamearena.com 1
manualdrain.com 1
mazolporn.com 1
mga-casino.it.com 1
microsoft.com 1
momsexplosion.com 1
momsonxxxsex.com 1
motherless.xxx 1
my.synottip.ba 1
mynudgirls.com 1
mywifecuckold.com 1
naked-videos.info 1
naked-videos.org 1
nanabook.com 1
naturistscans.com 1
nexuspcgames.com 1
nisantasiescort.com 1
nudism-pics.com 1
nudist-archive.com 1
nudist-naturist.net 1
nudist-porn.com 1
nudist-sex.com 1
nudist-teen.org 1
nudistcrop.com 1
nudisteens.com 1
nudistlog.com 1
nudistmovies.net 1
oceanude.com 1
ohyummyporn.com 1
okx.com 1
old-and-young.com 1
onlyjuicysex.com 1
opera.com 1
petsexvideos.com 1
pinap.admgordeevka.ru 1
porn4fap.com 1
pornboard.in 1
pornpotential.com 1
pornxxxfap.com 1
post-your-girls.com 1
precheck.adsmbdc.com 1
pure-mature.org 1
purelyxxx.com 1
pussy-worship.com 1
pussyplow.com 1
qlust.com 1
rapepornvideo.net 1
realcutexxx.com 1
rirki.com 1
s.painamour.com 1
seqs.top 1
server088.com 1
sexfrisk.com 1
sexxxplanet.net 1
smappps.online 1
sofuckingsexy.com 1
soshit.com 1
stepdaughter.love 1
subsubfolder.com 1
support-cdn.t3.storage.dev 1
swissbeach.com 1
t.co 1
tastysexvids.com 1
techsavys.info 1
teen-amateur.net 1
teen-pics.org 1
teenfuckster.click 1
teenpornvideos.click 1
teenssuckingcock.com 1
teentittyporn.click 1
teenwhorestube.click 1
tgp1.brazzersnetwork.com 1
thenaturist.net 1
thesocialshepherd.com 1
tightassclips.com 1
to.trakzon.com 1
toon-3d.com 1
toplist.raidrush.ws 1
tp.crummyfaisan.help 1
tranniest.com 1
tubegalore.com 1
twister.porn 1
uncensored-films.com 1
us.vilitram.com 1
v3.y2mate.nu 1
vidhamster.com 1
vidssave.com 1
wantboobs.com 1
wifem.com 1
worldtribune4.xyz 1
x.com 1
xflesh.com 1
xizmitescort.com 1
xpetitetime.com 1
xxx.diet 1
xxxbabestube.com 1
xxxcouch.com 1
xxxloved.com 1
xxxpasta.com 1
xxxsexiness.com 1
xxxzooporn.net 1
young-incest.com 1
youngperkytits.click 1
yummypornos.com 1
zaktube.com 1