instagram.com 2458
facebook.com 2392
bing.com 1118
tiktok.com 608
youtube.com 556
google.com 195
accounts.google.com 146
xnxx.tv 121
xnxx.com 81
adv.clickadu.net 52
themoviebox.xyz 36
toffeelive.com 33
xhamster.com 29
stripchatgirls.com 23
play.google.com 22
xnxx.health 22
adv1.clickadu.net 15
s.pemsrv.com 15
go.xlivrdr.com 13
jup9.com 12
cricket.bonuly.com 11
crmkt.livejasmin.com 11
faphouse2.com 11
s.opoxv.com 11
hai8g.com 9
support.google.com 9
anym8.com 8
babu88q.com 8
crn77.com 8
rm358.com 8
vid.t0t.online 8
24xxx.porn 7
xvideos.com 7
accountscenter.instagram.com 6
chaturbate.com 6
fhvfd.com 6
hdtube.porn 6
moviebox4u.app 6
my.exness.com 6
xnxx.gold 6
l.facebook.com 5
myaccount.google.com 5
u-tk.com 5
v.extrememley.com 5
1xlite-08668.world 4
applegadgetsbd.com 4
bb88click.com 4
dazzle.com.bd 4
en.xnxx.place 4
excavatenearbywand.com 4
itntt.com 4
microsoft.com 4
movieboxapp.co.za 4
policies.google.com 4
quotationmanipulateloved.com 4
sportzfys.io 4
stake.mba 4
wps.com 4
xhamster45.desi 4
xnxx-india.com 4
getstarted.tiktok.com 3
hibt.com 3
sexvid.xxx 3
track1122.malayluck.com 3
tsyndicate.com 3
xml-v4.rtbmedweb.com 3
apps.microsoft.com 2
babu88o.com 2
betoholictrack.live 2
cq.valiseshaves.cfd 2
dhoni88.co 2
familycenter.instagram.com 2
go.marzaent.com 2
go.microsoft.com 2
hornystudents.com 2
imdb.com 2
iporntv.net 2
jiosaavn.com 2
koreanpornmovie.com 2
krikya11.club 2
lakns.com 2
login.live.com 2
meta.ai 2
mobiledokan.com 2
mormobd.com 2
njd.lol 2
nn125.com 2
pumba.today 2
pussyboy.net 2
pxl-eu.tsyndicate.com 2
refpa2518.com 2
rusoska.com 2
s.viinyzfu.com 2
sliwn.com 2
support.apple.com 2
trffk.g2afse.com 2
v2006.com 2
yzwtz.com 2
6a01bdff.goquizer.com 1
a.labadena.com 1
accounts.google.com.bd 1
bustsniffwired.com 1
chicest.bedeneruiner.cfd 1
chudaiporn.com 1
clisa-wot.com 1
clladss.com 1
creekpolo.com 1
dateseni.su 1
dhoni88.com 1
egqqk.ttrk.io 1
esrb.org 1
exness.com 1
garudaxhoki219.site 1
go.getdirectbonus.com 1
google.co.id 1
google.co.in 1
login.microsoftonline.com 1
martted.com 1
microsoftedge.com 1
nagad88f.com 1
one.exnesstrack.org 1
oundhertobeconsist.org 1
plaspoint.com 1
prismawave.pro 1
rcdn-web.com 1
realpush.pro 1
redir.juicyads.com 1
redirect.admeking.com 1
sexbule.xxx 1
signup.live.com 1
spankbang.com 1
track.exness.com 1
unitrks.com 1
vbeeo.com 1
wiinety.pro 1
xapi.juicyads.com 1