deepcoin.com 356
youtube.com 324
pornhub.com 84
en.luxuretv.com 61
xfree.com 44
lostshorts.com 43
hr.stripchat.com 38
alptube.com 33
xhamster.com 31
hippievids.com 30
family-sex.me 27
google.com 26
stake.ac 24
holahupa.com 22
hr.xhamster.com 22
incest.pro 22
holloporn.com 21
thematureincest.com 21
bestialitysextaboo.net 20
flashdesire.com 20
hippiegod.com 19
xxxbp.tv 19
4kporn.xxx 18
cuckoldwifetube.com 18
en.chezcathy.com 18
xnxx.com 18
girl-rape.com 17
family-nudism.org 16
mozzartbet.ba 16
rcdn-web.com 16
wowfucktube.com 16
zoo-hardcore.com 16
bang.com 15
diagramjawlineunhappy.com 15
million-movies.com 15
fhvfd.com 14
raped.name 14
xxxfilm.pro 13
spellingdelicatessenremove.com 12
stake.com 12
xxllrpd.com 12
free-nudist-pictures.info 11
girlfuckshorse.net 11
homemadexxx.org 11
igotube.com 11
naturism-nudism.com 11
p23hxejm1.com 11
pornsitebros.com 11
lpmugcevks.com 10
pornsites.cc 10
rg403.com 10
xxvidsx.com 10
youxxtube.com 10
euxvid.top 9
familynudism.org 9
sex-orgy.net 9
crn77.com 8
cuckold69.com 8
developingreturnreplica.com 8
hai8g.com 8
p.bhnnop.com 8
astrologybacklightsinless.com 7
boxypluckunrelated.com 7
brinkhertzunjustly.com 7
clladss.com 7
dreamlikefostergala.com 7
glazingretentionupcoming.com 7
nudistfruit.com 7
tube1xxx.com 7
tubegalore.com 7
uncensored-films.com 7
zoosex.cc 7
zoosexfarm.com 7
accounts.google.com 6
antiadblocksystems.com 6
anysex.com 6
cawsg.com 6
chromewebstore.google.com 6
ey43.com 6
family-tube.net 6
faplo.com 6
horseporn.tv 6
hr.omg.adult 6
jrhamster.com 6
kocmg.com 6
naked-photos.org 6
rapeporn.tv 6
rapetube.tv 6
realincest.org 6
realincesttube.com 6
rm358.com 6
sexpun.com 6
spicyamateurs.top 6
springporno.com 6
teensark.com 6
topfreshporn.com 6
wankworld.com 6
wifem.com 6
4tunaporn.com 5
8095.sualecolly.com 5
bing.com 5
bizarre100.com 5
brother-sister.net 5
dogofcum.com 5
familyincest.pro 5
fapzoo.com 5
g2288.com 5
girl-orgasm.net 5
go.showmeyouradsnow.com 5
lastgirl.top 5
naked-videos.org 5
nudist-archive.com 5
nudist-sex.com 5
nudisteens.com 5
playglobal9.com 5
pleasantgirls.com 5
pornpaprika.com 5
seqs.top 5
server088.com 5
teenintimate.com 5
teensforfree.net 5
zoo-xnxx.com 5
188.2489may2024.com 4
1osb.com 4
37253.badylenicesist.com 4
adv.realsh.xyz 4
animalsexhost.cc 4
best.aliexpress.com 4
bestiality.guru 4
classikappliancerepair.ca 4
dadincest.net 4
dear-soil.com 4
disloyal-valuable.com 4
forced-sex.net 4
forcedincest.net 4
freepcountry.com 4
girls-tube.net 4
go.getdirectbonus.com 4
goodnudist.com 4
hiddenvoyeurspy.com 4
hitsterra.com 4
homemadexvids.com 4
hugedickz.com 4
incestxxxhere.com 4
indiep.com 4
iwankyou.com 4
jrpop.com 4
kind-girls.net 4
momrape.com 4
momsexplosion.com 4
nanabook.com 4
nudist-naturist.net 4
nudist-porn.com 4
nudistlog.com 4
oceanude.com 4
old-and-young.com 4
popc-dir-eu.ulxarenth.info 4
porn.com 4
porn13.com 4
pornpropeller.com 4
post-your-girls.com 4
pure-mature.org 4
pussy-worship.com 4
qlust.com 4
seehorsepenis.com 4
swissbeach.com 4
teen-pics.org 4
teenpornvideos.click 4
thenaturist.net 4
tranniest.com 4
vidhamster.com 4
virginfizzytolerable.com 4
whorenasties.com 4
young-incest.com 4
22403.weligillysies.com 3
66hub.com 3
aliexpress.com 3
animalzooporn.me 3
anym8.com 3
attacheatableoverlabor.com 3
aviatorreproducesauciness.com 3
badnessgimmickposted.com 3
besthamster.com 3
bestiality.video 3
box066.com 3
camtv.live 3
cdn4ads.com 3
crazyxxx3dworld.com 3
dirtydoglinks.com 3
dlvai1.com 3
dostube.com 3
essential-trash.com 3
hairynature.com 3
handjob.kinkest.com 3
indiegf.com 3
interestedamplify.com 3
iqoption.net 3
iwant2cum.com 3
join.worldoftanks.eu 3
kindnudist.com 3
landapi.cc 3
lipcams.com 3
microsoft.com 3
mks98.com 3
mylust.com 3
mynudgirls.com 3
naked-videos.info 3
naturistscans.com 3
nudism-pics.com 3
nudist-teen.org 3
nudistcrop.com 3
nudistmovies.net 3
octotraf.xyz 3
offer.alibaba.com 3
ohyummyporn.com 3
opera.com 3
playstake.club 3
pornboard.in 3
precheck.adsmbdc.com 3
ps.popcash.net 3
rapepornvideo.net 3
realcutexxx.com 3
record.mozzartaffiliates.com 3
sexxxplanet.net 3
soshit.com 3
teenfuckster.click 3
teentittyporn.click 3
teenwhorestube.click 3
toon-3d.com 3
toplist.raidrush.ws 3
tube4zoo.com 3
tubezoox.com 3
tyblk.info 3
viifcktm.com 3
xflesh.com 3
xpetitetime.com 3
youngperkytits.click 3
zaktube.com 3
zoosex.tube 3
zootubered.com 3
140.trachizentrating.com 2
1adr.com 2
20rm.com 2
29244525-34120-35090.prozoarasinergan.com 2
29456196-32063-22403.squitoiages.com 2
7589.catiuribripent.com 2
7589.sattiostiounper.com 2
879955.seahorizonviewtop.com 2
allhorsesex.com 2
api.instawaregoodtagsfree.com 2
bcgame52.com 2
buzzingsinger.com 2
camtopics.com 2
catlinesallicts.com 2
ccads.adsboosters.xyz 2
centralwildcats.com 2
coolporns.com 2
csgoempire.com 2
cupcams.com 2
dash.jkxxx.com 2
dateseni.su 2
devilhard.com 2
e7cq.prodpopgetrightnowfast.monster 2
ebooksalamai.com 2
escortsisli.com 2
fantasyescortblogs.com 2
gravysex.com 2
hornyvillasteam.com 2
hottfevergirls.com 2
jerk24.com 2
jizzwich.com 2
madxxxflicks.com 2
momsonxxxsex.com 2
motherless.xxx 2
msn.com 2
my.synottip.ba 2
mywifecuckold.com 2
nisantasiescort.com 2
po.exchange 2
porn4fap.com 2
press-continue.92karw4jfp1y.top 2
redirect.admeking.com 2
s.pemsrv.com 2
sextubedr.com 2
sexypornfilms.com 2
stepdaughter.love 2
tdslinetraffic.com 2
teen-amateur.net 2
teft.es 2
v1.y2mate.nu 2
v3.y2mate.nu 2
w3c.css-validator.org 2
whitebit.com 2
wlsynottipba.adsrv.eacdn.com 2
xvideos.com 2
xxxvideosz.com 2
zooporntube.com 2
28879.habiculpize.com 1
aa.igotube.com 1
aa.sersh.com 1
accounts.binance.com 1
ad.bcgm1.com 1
adclickad.com 1
adme-net.org 1
adzilla.meme 1
amateurdb.com 1
animalporn.dog 1
animalsexporntube.com 1
antalyaescortevi.com 1
attorneyzones.xyz 1
bcall-global.bcgameloop.com 1
bcgame42.com 1
bg-mezonet.info 1
blog.techpointspot.com 1
bonusgaf.com 1
campaign.aliexpress.com 1
catchyporn.com 1
cdn.ms1a.com 1
chinapornmovie.com 1
click.eu.faueo.com 1
clk.wargaming.net 1
crazedporn.com 1
crazedsexy.com 1
crazyslutz.com 1
creative.eiscprts.com 1
crmkt.livejasmin.com 1
cuntaddict.com 1
dcfeed.adsmbdc.com 1
dctrk.adsmbdc.com 1
dirtyfarmer.com 1
djxh1.com 1
dlfconstruction.fr 1
dobbyporn.com 1
drussgaming.com 1
duel.com 1
elazigescort.com 1
erzurumsbm.net 1
etacloud.org 1
eu.bazzlit.com 1
eu.livesexgift.com 1
eu.subregionof.com 1
eu.xml.rexsrv.com 1
eu.xxxapp.net 1
eumamae.com 1
facebook.com 1
faphouse.com 1
faphouse4k.com 1
fapstorm.com 1
filthyhorny.com 1
freesexing.com 1
fuckingharder.com 1
girlfriendtubez.com 1
girlfriendzoo.com 1
go.realsh.xyz 1
goodtimexxx.com 1
google.co.id 1
hardpounder.com 1
hoeszone.com 1
hoetoob.com 1
homegrowngals.com 1
homeoutlet.cl 1
hotsexytimes.com 1
hq-sex-tube.com 1
humpinglife.com 1
ineed.porn 1
instagram.com 1
intensexxx.com 1
iriverwave.com 1
istanbulescort.net 1
jizzongals.com 1
justfuckholes.com 1
ka.spartanamicus.com 1
kasyno-online.pwp.edu.pl 1
klh.netnotif.com 1
klh.pwebnotif.com 1
knockporn.com 1
kookporn.com 1
ksp-chel.ru 1
kts.sensitiveclick.com 1
kts.vasstycom.com 1
kudosporn.com 1
livingpussy.com 1
ljslfkjs.cc 1
lovehotporn.com 1
lp1.fangamearena.com 1
manualdrain.com 1
mazolporn.com 1
mga-casino.it.com 1
multitrk.com 1
nexuspcgames.com 1
okx.com 1
onlyjuicysex.com 1
originporn.live 1
oxtsale2.com 1
petsexvideos.com 1
pinap.admgordeevka.ru 1
podefr2.net 1
popcash.net 1
pornpotential.com 1
pornxxxfap.com 1
prodpopgetrightnowfast.monster 1
purelyxxx.com 1
pussyplow.com 1
rirki.com 1
rnotraff.com 1
runoperagx.com 1
s.click.aliexpress.com 1
s.painamour.com 1
s.viieecqj.com 1
s.viiequgl.com 1
s.viiwbpyl.com 1
scjtds.com 1
sexfrisk.com 1
smappps.online 1
sofuckingsexy.com 1
sticky-low.com 1
subsubfolder.com 1
support-cdn.t3.storage.dev 1
t.co 1
tastysexvids.com 1
techsavys.info 1
teenssuckingcock.com 1
tgp1.brazzersnetwork.com 1
thesocialshepherd.com 1
tightassclips.com 1
to.trakzon.com 1
toxsales1.com 1
tp.crummyfaisan.help 1
track.wargaming-aff.com 1
trustberrie.com 1
tsyndicate.com 1
tubetraf.top 1
twister.porn 1
us.vilitram.com 1
vidssave.com 1
wantboobs.com 1
wiinety.pro 1
worldtribune4.xyz 1
x.com 1
xizmitescort.com 1
xml-v4.srvqck27.com 1
xxx.diet 1
xxxbabestube.com 1
xxxcouch.com 1
xxxloved.com 1
xxxpasta.com 1
xxxsexiness.com 1
xxxzooporn.net 1
yummypornos.com 1