google.com 43
youtube.com 40
nvidia.com 38
grammarly.com 34
linkedin.com 24
google.ae 20
bing.com 17
accounts.google.com 15
msn.com 13
epicgames.com 8
ntp.msn.com 6
rubiconproject.com 6
unox.com 6
adnxs.com 5
c.bing.com 5
nvne.spoken.fun 5
sony.com 5
uaia.scanners.fun 5
ca.account.sony.com 4
getintopc.com 4
my.account.sony.com 4
store.steampowered.com 4
1.awakened.work 3
1.foreground.work 3
bwxm.chester.run 3
c.msn.com 3
casalemedia.com 3
drive.proton.me 3
eggx.sciences.run 3
icax.figure.run 3
lllm.scanners.fun 3
mjgu.figure.run 3
nytw.chester.run 3
pkcw.chester.run 3
sizs8.openips.cc 3
srv.stackadapt.com 3
tags.srv.stackadapt.com 3
uabh.talked.run 3
vsxm.chester.run 3
xcxx.pointed.cc 3
adsrvr.org 2
api.msn.com 2
clarity.ms 2
demdex.net 2
doubleclick.net 2
getadblock.com 2
go.grammarly.com 2
ogs.google.com 2
pardot.com 2
protechts.net 2
proton.me 2
pubmatic.com 2
pxf.io 2
scanners.fun 2
scorecardresearch.com 2
skw.eve.account.sony.com 2
steamworkshop.download 2
store.epicgames.com 2
taboola.com 2
tailorly.co 2
veryapk.site 2
3lift.com 1
6sc.co 1
app.hushly.com 1
bizible.com 1
c.clarity.ms 1
cutt.ly 1
dpm.demdex.net 1
edit.graph.org 1
extension.joinhoney.com 1
grammarly.pxf.io 1
h.online-metrix.net 1
hcaptcha.com 1
hushly.com 1
influ2.com 1
joinhoney.com 1
login.live.com 1
ol.epicgames.com 1
static-assets-prod.epicgames.com 1
teads.tv 1
tealiumiq.com 1
tiktok.com 1
tracking.intentsify.io 1
translate-pa.googleapis.com 1
trkn.us 1
unrealengine.com 1
upload.wikimedia.org 1
win-rar.com 1