accounts.google.com 3
facebook.com 3
sammobile.com 3
tas-daimler.taleo.net 3
com.spotify.music 2
hilton.taleo.net 2
id.sonyentertainmentnetwork.com 2
m.facebook.com 2
paypal.com 2
accounts.epicgames.com 1
accounts.spotify.com 1
amazon.ae 1
appleid.apple.com 1
com.anghami 1
com.contextlogic.wish 1
com.memrise.android.memrisecompanion 1
ieltsregistration.britishcouncil.org 1
instagram.com 1
linkedin.com 1
lmsserver.skylineuniversity.ac.ae 1
mufgub.wd3.myworkdayjobs.com 1
netflix.com 1
personality.co 1
prezi.com 1
quillbot.com 1
rtiac.clarityenglish.com 1
signin.techsmith.com 1
signup.euw.leagueoflegends.com 1
steamcommunity.com 1
twitch.tv 1