stripchatgirls.com 22
xhamster.desi 19
saddos.com 13
google.com 5
instagram.com 5
xnxx.com 5
xnxx.tv 5
yahoo.com 5
bgb88.club 4
opoxv.com 4
pemsrv.com 4
jup9.com 3
onaudience.com 3
tsyndicate.com 3
adsrvr.org 2
dtscout.com 2
livejasmin.com 2
track1122.malayluck.com 2
assets.chapturist.com 1
assets.strpssts-ana.com 1
chmsrv.com 1
chnsrv.com 1
coconts.com 1
doubleclick.net 1
dtscdn.com 1
elnnap.com 1
go.marzaent.com 1
m1rs.com 1
magsrv.com 1
my.rtmark.net 1
ng88a.com 1
pixabay.com 1
protrafficinspector.com 1
pumba.today 1
pxltag.com 1
sc-apps.com 1
static-proxy.strpst.com 1
t0t.online 1
uuidksinc.net 1