market-qx.pro 8
facebook.com 5
accounts.google.com 4
com.facebook.katana 4
instagram.com 4
barishalzillaschoolssc2026.xo.je 3
com.spotify.music 3
webapp.ft.education 3
accounts.binance.com 2
accountscenter.facebook.com 2
auth.meta.com 2
beastlyx.com 2
com.facebook.lite 2
com.instagram.android 2
dash.infinityfree.com 2
discord.com 2
merchant.pathao.com 2
mybtcl.btcl.gov.bd 2
online.udvash-unmesh.com 2
srdreamit.com 2
ssc26bzs.xo.je 2
steadfast.com.bd 2
192.168.1.1 1
account.samsung.com 1
amazon.co.uk 1
aparsclassroom.com 1
bgwc.eshiksabd.com 1
canva.com 1
chinaonlinebd.com 1
client.pay.bka.sh 1
com.discord 1
com.facebook.orca 1
com.foodibd 1
course.khalidfarhan.com 1
course.passivejournal.com 1
customer.sundarbancourierltd.com 1
dhakadtf.com 1
digitalbanking.ificbankbd.com 1
epassport.gov.bd 1
exam.ft.education 1
foodibd.com 1
grabify.link 1
imagetoprompt.com 1
io.quotex 1
kireibd.com 1
kurtiistic.com 1
login.live.com 1
m.facebook.com 1
marksactiveschoolgenius.10minuteschool.com 1
merchant.zatiqeasy.com 1
netflix.com 1
oninda.com 1
oxaam.com 1
payment.bkash.com 1
programs.byei.org 1
quiz.sheikhrussel.gov.bd 1
qxbroker.com 1
roblox.com 1
ryne.ai 1
school.khalidfarhan.com 1
splayd.com.bd 1
sumome.com 1
tonfollowers.com 1
v3.account.samsung.com 1
web.programming-hero.com 1
wp.wattpad 1