icpc.global 6
myresults.cie.org.uk 6
cses.fi 4
accounts.google.com 3
9animetv.to 2
account.redbull.com 2
aniwatchtv.to 2
bioboosters.goaffpro.com 2
co.steezy.app 2
codeforces.com 2
com.facebook.katana 2
com.instagram.android 2
com.tumblr 2
dev-moviegeek.pantheonsite.io 2
facebook.com 2
hianime.to 2
instagram.com 2
judge.beecrowd.com 2
login.live.com 2
oxaam.com 2
scholarhat.com 2
semrush.com 2
spoj.com 2
srdreamit.com 2
teletalk.teletalkcustomerapp 2
tumblr.com 2
twitter.com 2
vjudge.net 2
whatsmyserp.com 2