good26.s3.us-east-1.amazonaws.com 101
bing.com 31
youtube.com 7
4shared.com 4
download.ir 4
github.com 4
charityengine.com 3
connect.errorfood.info 3
microsoft.com 3
mohmal.com 3
crackhow4.com 2
dmde.com 2
elektroda.pl 2
href.li 2
neowin.net 2
peterrdrctf.com 2
raywilliamrdrct.com 2
reddit.com 2
shaamurdrctf.online 2
softdooni.ir 2
win-rar.com 2
womanegg.online 2
work.charityengine.com 2
4ddig.net 1
files.elektroda.pl 1
mediaket.net 1
minutestretch.info 1
montyrdrctf.com 1
r2.community.samsung.com 1
recoverit.wondershare.net 1
ru.wikipedia.org 1
rutracker.org 1
secure.internxt.com 1