bluestacks.com 12
topikguide.com 12
vsthemes.org 12
en.softonic.com 11
softonic.com 11
fileion.com 10
google.com 6
qvdt3feo.com 6
vidmateapp.com 6
ym.defacesirras.click 6
watchanimeworld.net 5
youtube.com 5
mozilla.org 4
vidmate-official.com 4
cloud.bluestacks.com 3
eporner.video 3
topik.go.kr 3
accounts.google.com 2
ju.scrivanfinlet.com 2
saughy.broodsfilmdomfeedlot.cfd 2
uncn.jp 2
voisetech.com 2
zephyrflick.top 2
accounts.firefox.com 1
ad-m.asia 1
advolve.io 1
agreatgodet.cfd 1
cloudflareclient.com 1
docomo.ne.jp 1
firefox.com 1
inmobi.com 1
moloco.com 1
need-for-speed-most-wanted.en.softonic.com 1
panxo-sys.com 1
s7.as-cdn11.top 1