youtube.com 2199
google.com 1591
eporner.com 859
codepen.io 501
facebook.com 436
temu.com 364
es.stripchat.com 325
onlinerelazioni.com 255
xhamster.com 251
mozzartbet.ba 239
jcphi.com 171
stripchat.com 165
go.marzaent.com 164
catlinesallicts.com 119
tsyndicate.com 118
filmoviplex.com 113
stake.com 109
go.xlivrdr.com 102
join.worldoftanks.eu 92
m1rs.com 91
pornhub.com 85
dafont.com 74
stackoverflow.com 70
ad.twinrdengine.com 68
myvccs.com 65
track.wargaming-aff.com 57
xvideos.com 57
ixxx.com 54
s.click.aliexpress.com 52
xml-eu-v4.srvqck27.com 50
v2006.com 47
trck.wargaming.net 46
w3schools.com 45
fonts.google.com 41
fr.divaniceni.com 40
s.magsrv.com 40
olx.ba 38
t.easyportaler.cyou 35
faphouse.com 33
frhiys.com 32
accounts.google.com 31
pornone.com 31
s.pemsrv.com 31
aliexpress.com 30
best.aliexpress.com 30
vol.vprtrfc.com 30
github.com 29
jnbhi.com 29
kaninhop.info 29
tnaflix.com 29
cambaddies.com 28
studio.tripo3d.ai 28
17672.eu.trafylodos.com 26
1osb.com 26
devforum.roblox.com 25
rcdn-web.com 25
tiktok.com 25
developer.mozilla.org 24
mangoprojects.info 24
yzwtz.com 24
streamurl.link 23
crmkt.livejasmin.com 22
discussions.unity.com 21
dropbox.com 20
eroarcade.com 20
google.co.id 20
twpornstars.com 20
viiwinli.com 20
xh.partners 19
yts-official.cc 19
6715.eu.trafylodos.com 18
bobgames-prolister.com 18
chaturbate.com 18
crmared.com 18
frs2c.com 17
go.mavrtracktor.com 17
17672.eu.onsunless.com 16
clladss.com 16
giphy.com 16
translate.google.com 16
17673.eu.trafylodos.com 15
blog.techpointspot.com 15
dm.milvussorel.qpon 15
viralnetwork.com.br 15
wvdme.com 15
go.cambaddies.com 14
goodpornclips.com 14
nhttvqorwq.com 14
record.mozzartaffiliates.com 14
crn77.com 13
forum.freecodecamp.org 13
g2288.com 13
jqueryscript.net 13
9xbuddy.in 12
allnude.pro 12
blockadsnot.com 12
chubbyexemplaryhardiness.com 12
edge.lonbwes.com 12
rawpixel.com 12
stake.ac 12
viiraipj.com 12
1adr.com 11
clk.wargaming.net 11
css-tricks.com 11
external.fbnx1-1.fna.fbcdn.net 11
go.getdirectbonus.com 11
google.de 11
iloveimg.com 11
wps.com 11
alohatube.com 10
bigradiobl.com 10
mdb-flow.com 10
nn125.com 10
offer.alibaba.com 10
securegfm2.com 10
viiukuhe.com 10
wpssoftwarepteltd.sjv.io 10
bojel.com 9
eu.letitredir.com 9
fhvfd.com 9
spankbang.com 9
track.involvkgfr.com 9
xozilla.com 9
join.wargaming.net 8
join.wotheat.com 8
kilojaya.com 8
msn.com 8
onlineradiobox.com 8
politicalpattern.com 8
tradowsdistends.com 8
watch.plex.tv 8
whitebit.com 8
xml-v4.qovolta.com 8
youtu.be 8
30478.eu.trafylodos.com 7
analytics.ozlinedsp.com 7
bing.com 7
creatives.altaffiliatesol.com 7
dev.to 7
ezgif.com 7
google.com.au 7
microsoft.com 7
og-ali5.com 7
opera.com 7
reddit.com 7
swipeyapp.com 7
ua.shikosharply.shop 7
32546.clannotillortale.com 6
aimode.alibaba.com 6
amateur8.com 6
color-hex.com 6
cq.valiseshaves.cfd 6
edge.gogogogoo.com 6
eu.trytravel.info 6
fhgte.com 6
gledamfilm.net 6
go.forscprts.com 6
hai8g.com 6
l.gamerdenz.com 6
lust-goddess.com 6
mdshop.ba 6
njuskalo.hr 6
ojrq.net 6
radiostanica.ba 6
renamereptiliantrance.com 6
schemecolor.com 6
trac.maxoffer.net 6
xvideosdownload.pro 6
ashemaletube.com 5
de.eporner.com 5
explore.microsoft.com 5
gist.github.com 5
invol.co 5
kts.sensitiveclick.com 5
mojtv.hr 5
play.google.com 5
sbm49.gotrackier.com 5
sub.api-rfr.com 5
videoteka.info 5
w3.org 5
xhamsterlive.com 5
6opo.com 4
autocatalogarchive.com 4
axjndvucr.com 4
campaign.aliexpress.com 4
cloudconvert.com 4
codecguide.com 4
ctwmsg.com 4
djxh1.com 4
dreamstime.com 4
dublincore.org 4
faphouse4k.com 4
fapnado.xxx 4
filmotip.com 4
filmoton.net 4
fmstream.org 4
fr.sbtmoney.com 4
gbodysyndicate.com 4
get-techsafe.com 4
hooliredir.com 4
hurtful-orange.com 4
icolorpalette.com 4
internet-radio.com 4
just-color-picker.en.download.it 4
just-color-picker.en.lo4d.com 4
kompoz2.com 4
lamertang.com 4
locoloader.com 4
lpnovanet.com 4
mail.google.com 4
marina-apartments.portonovi.com 4
martted.com 4
milfporn.tv 4
online.wnb-shop.com 4
onlinepngtools.com 4
qmc.hr 4
radio.net 4
redir.wargaming.net 4
reverselookup.com 4
rirki.com 4
rm358.com 4
roadster24.com 4
scentofgold.com 4
shutterstock.com 4
srpskainfo.com 4
t.me 4
vlm.vxngo.com 4
wet-city.com 4
wise.com 4
wlsynottipba.adsrv.eacdn.com 4
worldofwarships.eu 4
xicrads.com 4
zbporn.com 4
29655261-34893-27811.tentedienat.com 3
29659516-38442-25233.squitoiages.com 3
880787.seahorizonviewtop.com 3
a.adtng.com 3
ad.doubleclick.net 3
admiralbet.ba 3
adv3.clickadu.net 3
autohotkey.com 3
bestdvdklub.co.rs 3
bigportal.ba 3
corralsspatio.shop 3
developer.valvesoftware.com 3
downby.foodylobal.top 3
foggilytraps.cfd 3
forum.hddguru.com 3
forums.opera.com 3
freemeet.net 3
fxsound.com 3
go.arminius.io 3
go.janusaent.com 3
go.whitetrafsa.com 3
google.fr 3
inxxx.com 3
jackopp.eliakanadi.workers.dev 3
just-color-picker.en.softonic.com 3
kiki18.com 3
landing.sexselector.com 3
magnific.com 3
masonry.blacked.com 3
masterfap.net 3
mat6tube.com 3
mcpuwpsh.com 3
messanger.com 3
mozilla.org 3
mubi.com 3
music.youtube.com 3
mytuner-radio.com 3
obqj2.com 3
onlinee.en-ligne-suisses.ink 3
onlinegiftools.com 3
portal.bilderlings.com 3
premium.recommended-twice.com 3
prismawave.pro 3
pxl-eu.tsyndicate.com 3
radiostudent.hr 3
radiouzivo.online 3
rak8s.com 3
raspored.hrt.hr 3
researchgate.net 3
spxxxtube.com 3
srv.dt.ppmxp.com 3
syndication.traffichaus.com 3
temuaffiliateprogram.pxf.io 3
theyarehuge.com 3
trip.com 3
u-tk.com 3
unitrks.com 3
upxgiris.ecigs-scotland.com 3
us.fixenic.com 3
xtits.xxx 3
1ude.com 2
879955.seahorizonviewtop.com 2
880787.jetwonder.co 2
880787.skyquestfky.co 2
886706.skyquestfky.co 2
adobe.com 2
ads-dus.top 2
adultempire.com 2
adzilla.meme 2
alibaba.com 2
arminius.io 2
attractiveperformance.com 2
autolina.ch 2
baggy-explanation.com 2
balkanradiostanice.com 2
belarus.bilderlings.com 2
bigdaddys.digistream.info 2
blog.gotoshop.ua 2
blomikron.com 2
bot.msg-go.com 2
buscarut.cl 2
byteplus.com 2
cbxyz.com 2
clc.wargaming.net 2
click-v4.junclikrmedi.com 2
click-v4.plarclck.com 2
click.izlesex.org 2
click.pixelimpact.io 2
click.smalltits.pro 2
clicks.trafficworldclass.com 2
clippingmagic.com 2
codeconvey.com 2
condimentdisillusionnosebleed.com 2
console.byteplus.com 2
coosync.com 2
css3.info 2
de.divaniceni.com 2
deamedica.com 2
definebabe.com 2
dell.com 2
dhf.be 2
dikeprotectorencyclopaedia.com 2
displayvertising.com 2
dividedgrandtoll.com 2
docs.temu.com 2
dreamlikefostergala.com 2
ebay.com 2
echtgeld-casino.daistesja.de 2
egotisticexcavateplywood.com 2
en.softonic.com 2
erome.com 2
eu.gameslabs.info 2
eu.unupdatei.com 2
exc.vx323.com 2
exyuradio.net 2
formula.ba 2
forum.jquery.com 2
go.bluetrafficstream.com 2
go.mayzaent.com 2
google.ba 2
google.fi 2
hdsaprevodom.com 2
hitfm.ba 2
instagram.com 2
intimatediary.com 2
its.porn 2
jackpot-spinwave.com 2
jsfiddle.net 2
kasino-utan-svensk-licens.org 2
kasyna.7lusek.pl 2
l.facebook.com 2
l.locopar.com 2
learn.microsoft.com 2
livejasmin.com 2
mariachiloco.cl 2
maturetubehere.com 2
max-r3v3nue.com 2
medium.com 2
melonstube.com 2
messenger.com 2
mks98.com 2
momentsingraphics.de 2
my.goruftuiov.com 2
nefabop.com 2
nezavisne.com 2
omiljeniradio.com 2
open.spotify.com 2
passion-industry-game.com 2
pinterest.com 2
pixelcut.ai 2
plantcss.com 2
playerhq.co 2
playerservices.streamtheworld.com 2
playstake.club 2
plex.tv 2
plyer.saicedevours.top 2
popc-dir-eu.syndralitho.info 2
precheck.adsmbdc.com 2
profitablecpmratenetwork.com 2
purl.org 2
quora.com 2
radiochrystusakrola.pl 2
radiostanica.com 2
rainbet.com 2
remove.bg 2
rgbacolorpicker.com 2
roundsliderui.com 2
rr.tracker.mobiletracking.ru 2
s.happyleafmotion.com 2
samsung.com 2
scontent.fbnx1-1.fna.fbcdn.net 2
serversideup.net 2
simplified.com 2
slazzer.com 2
solodue.at 2
some.porn 2
sparklabs.com 2
srv.eu.pomxd.com 2
stream.radiotime.com 2
sudetyj.com 2
support.google.com 2
support.microsoft.com 2
t.tenlets.com 2
tgp1.brazzersnetwork.com 2
theswinginhermlins.de 2
tidy-status.com 2
torpapa.com 2
traff-way.com 2
tri-sport.ru 2
trktraffic.com 2
trustedtechsafe.com 2
um.cafflekiloton.com 2
vivalaciccia.pt 2
vmix.com 2
wilted-switch.com 2
wmcdct.com 2
world-content-2.com 2
worldfootball.net 2
wz.offsetniceish.qpon 2
xhand.net 2
xml-v4.revantagex.com 2
xml-v4.srvqck27.com 2
xozilla.live 2
xxvidsx.com 2
yahoo.com 2
zbgalleries.com 2
1-vin.isse-russia.ru 1
123rf.com 1
192.168.1.1 1
1xbet1931.blpk-uu.ru 1
22183.live.streamtheworld.com 1
22343.live.streamtheworld.com 1
25323.live.streamtheworld.com 1
28973.live.streamtheworld.com 1
3movs.com 1
4qzu3q99ph.lonbwes.com 1
54883.com 1
65.21.202.84 1
7lusek.pl 1
8d1owxs59x.lonbwes.com 1
8jkgovujws.gogogogoo.com 1
a.aberatii.com 1
a.ahort.xyz 1
a1autoelectricalservice.com 1
acrobat.adobe.com 1
adclickad.com 1
ads.rtbthtrck.com 1
ads.traffichunt.com 1
aes.org 1
agdp1.ru 1
airspectrum.cdnstream1.com 1
aistudio.google.com 1
ajax.googleapis.com 1
alidz.store 1
amazon.com 1
annystudio.com 1
apex.autosila24.ru 1
api.jquery.com 1
apolonio.es 1
app.mediafire.com 1
appleid.apple.com 1
apropthree.com 1
archiexpo.com 1
armedbowlersaustralia.com 1
assets.codepen.io 1
au.dattaaustralia.com 1
au.onlinebestcasino-au.shop 1
au.scoutandsagespirits.com 1
audiopro.hr 1
audiotainment-sw.streamabc.net 1
aussie-casino.warehousetwentyfive.com 1
auth.tripo3d.ai 1
autoexpress.co.uk 1
autopronews.ru 1
autosila24.ru 1
awardhost.info 1
az.pin-upkaz.shop 1
az.top-zone-casino.life 1
ba.hisense.com 1
babepedia.com 1
badassdownloader.com 1
banggood.com 1
bbnmli5fhb.gogogogoo.com 1
benchmark.rs 1
bennadel.com 1
bennettfeely.com 1
best.eest.se 1
bestcasinoz.tri-sport.ru 1
blob:https://netu.filmoviplex.com/08a70514-5b66-4543-8af6-7eacc9de7f0b 1
blob:https://netu.filmoviplex.com/415b4620-5180-40c1-8f58-be611d665a5e 1
blob:https://netu.filmoviplex.com/6a646e24-84d6-4be5-963c-ef2383a9043b 1
blob:https://netu.filmoviplex.com/dab9e290-bb7f-44a2-8a5b-e4e71437b996 1
blog.codepen.io 1
bngtrak.com 1
bogotol-r.ru 1
bongacams.com 1
bongacams4.com 1
bongacams8.com 1
bonos-sin-deposito.cmgv.es 1
bozzo.pl 1
brainberries.co 1
brazzerssurvey.com 1
broad-moon-7a6d.fecisaj576.workers.dev 1
bythebaychiropractic.com.au 1
c0mpass.teamerlich.org 1
c4.auracast.net 1
cabellomagico.co 1
candy.ai 1
candyai.gg 1
casaranocalcio.it 1
casino-online.elemergente.net 1
casino-online.tieraerztlicher-notdienst-ingolstadt.de 1
casino-rf.xn----7sbckgukdcd3bza3ak.xn--p1ai 1
casino-utan-licens.svenskabussarna.com 1
casino.buscarut.cl 1
casino.oxd.cl 1
casinoenligne-win.com 1
casinos-confiables.aire25.es 1
casinos-online.transportestrasamer.com 1
casinos.buscarut.cl 1
casinos.hotel-hahletal.de 1
casinos.oxd.cl 1
casinos.preditoural.com 1
casinos.saveurs2s.ca 1
casinos.vicaria.cl 1
casinoutansvensklicens.eest.se 1
casinoutansvensklicens.svenskabussarna.com 1
cassinos-online.aemedbr.com 1
cbyt164rc2.lonbwes.com 1
cdn.me88v.com 1
cdn.pcappstore.com 1
celle-automobile.de 1
chess.com 1
chileanfibio.cl 1
chromewebstore.google.com 1
citymagazine.danas.rs 1
clck.adskeeper.com 1
clck.mgid.com 1
cloudstratex.com 1
clubspacepagekey.monster 1
cmgv.es 1
code.21wiz.com 1
codingforum.net 1
colordrop.io 1
colorxs.com 1
community.adobe.com 1
comodosslstore.com 1
confeccionesalber.es 1
coolors.co 1
courseobstacle.com 1
csgoempirepromocode.com 1
ctjdmar.com 1
ctwildcat.com 1
cz.nudogram.com 1
daistesja.de 1
data.appslime.com 1
dateseni.su 1
dcfeed.adsmbdc.com 1
dctrk.adsmbdc.com 1
decantosvinicola.com 1
defiancebeer.com 1
deliver.ptgncdn.com 1
depana.cl 1
descope.com 1
designmodo.com 1
developer.chrome.com 1
devilhard.com 1
devsnap.me 1
dfg-schulpost.de 1
discourse.threejs.org 1
dmkd0fqaqa.lonbwes.com 1
docs.videojs.com 1
dofactory.com 1
domaceserije.online 1
donnerluettchen-kiel.de 1
dostava.postesrpske.com 1
doublslash.com 1
downloadsound.cloud 1
drag0nec.uszn-mzk.ru 1
drakondengu.tumanadm.ru 1
drgonmney.tumanadm.ru 1
drug-on.uszn-mzk.ru 1
dsp52.adplsr.com 1
dvcs.w3.org 1
ebay.co.uk 1
echtgeld-casinos.daistesja.de 1
el-casino.constantinosaccessories.gr 1
elbonmenjar.es 1
elixirforum.com 1
eloni.ai 1
enphnt.github.io 1
enter.javhd.com 1
epicgfs.com 1
erzurumescorttr.net 1
esonderegger.github.io 1
eu.newshq.info 1
euanmacleod.com 1
eva-rf-casinos.aikostore.ru 1
exc.pornporngirl.com 1
fahrschule-3f.de 1
familypornhd.com 1
fenixsite.net 1
figuresina.com 1
fml174.ru 1
forbes.com 1
forum.arduino.cc 1
forum.babylonjs.com 1
forum.godotengine.org 1
forums.codeblocks.org 1
fpo.xxx 1
freecodecamp.org 1
freeconvert.com 1
freefrontend.com 1
freeiconspng.com 1
german4host.net 1
get-gx.com 1
getcssscan.com 1
gist.githubusercontent.com 1
go.awdeliverynet.com 1
go.dealslandz.com 1
go.microsoft.com 1
go.mnaspm.com 1
google.at 1
google.it 1
googleadservices.com 1
gpac.io 1
gpac.wp.imt.fr 1
gsap.com 1
guce.yahoo.com 1
gym-nastika.ru 1
h2douro.pt 1
h60bey71jg.lonbwes.com 1
hddguru.com 1
heartcarefoundation.org 1
hexcalculator.org 1
hifi-moebel.com 1
himbyt.kz 1
http.dev 1
hugewangs.com 1
icecast-soulshow-cdp.triple-it.nl 1
icecast.ofdoom.com 1
imdb.com 1
indiamart.com 1
ineu.ru 1
instytutdanychzdupy.edu.pl 1
jacobdoesaudio.com 1
javhd.com 1
javsecrets.com 1
joergwetzel.ch 1
join.teamskeet.com 1
jokabet-casino-gb.co.uk 1
jokabetcasino.click 1
jokabetcasinogb.co.uk 1
jsdelivr.com 1
jukeboxprint.com 1
k7a90wnpxd.lonbwes.com 1
karoonpilatesjavea.com 1
kasyna-online.7lusek.pl 1
kasyna.bozzo.pl 1
kasyno.7lusek.pl 1
katrinasauburn.com 1
kazakstan.top-luck-casino.life 1
kguqo2xgtm.lonbwes.com 1
kh.cheatedgret.shop 1
kuestenglueck.com 1
kupujemprodajem.com 1
landing1.brazzersnetwork.com 1
laut.fm 1
learn.freecodecamp.org 1
lens.google.com 1
levelup.gitconnected.com 1
lexnia.com 1
live.applzr.com 1
livepush.io 1
livestockoftheworld.com 1
lk3hf6a1d7.gogogogoo.com 1
lostshorts.com 1
loyalfans.com 1
lumidates.com 1
m.gsmarena.com 1
macdonaldarms.com 1
malatyabayansitesi.com 1
maps.google.com 1
mathworks.com 1
mclno.org 1
mega.nz 1
meinherztanzt-derfilm.de 1
mejor-casino-online.pacari.cl 1
mejor-casino.rentcardeluxe.es 1
mejorescasino.pernosirua.com 1
michaelbromley.co.uk 1
minstroy.ru 1
mjtuhic19v.gogogogoo.com 1
mobileautodoctors.co.uk 1
mojwebdizajn.net 1
monsterwin-casino.net 1
moravalinmobiliaria.com 1
multitrk.com 1
murobeachclub.es 1
my.synottip.ba 1
namethatpornad.com 1
natoshop-frankfurt.de 1
nau-usynovlenie.kz 1
naxi64ssl.streaming.rs 1
naxidigital-80s128.streaming.rs 1
naxidigital-cafe128.streaming.rs 1
netu.filmoviplex.com 1
neuhoffmedia.com 1
news.samsung.com 1
niam.cl 1
nickwritesablog.com 1
niudalia.es 1
nordic-ural.ru 1
nothrow.co.nz 1
nova.rs 1
nutriclinica.es 1
okx.com 1
olimmp1.gadgetdiscoveryclub.com 1
onlavka.ru 1
online-casino.jagd1.de 1
online-casinos-aus-tralia-2026.shop 1
onlinecasino.niudalia.es 1
onlyfans.com 1
openreplay.com 1
ourcodeworld.com 1
ouvreainoi.rest 1
oxcantech.com 1
parkinpictures.online 1
pawleysislandbakery.com 1
paxxyandflora.com 1
payid-pokies-aus.gb.net 1
paysafe.donnerluettchen-kiel.de 1
paysafecard-casino.kerstin-koeditz.de 1
paysafecard-casino.theswinginhermlins.de 1
paysafecard-casinos.kerstin-koeditz.de 1
pergwerk.at 1
pin-ap.chagoda.ru 1
pinco.pinco-2026.shop 1
pinko.everettimprov.com 1
pinupdep.visitnao.ru 1
pirate-spins.com 1
play-online-casinos.ggcarat.se 1
plazadetorosdegranada.es 1
pngtree.com 1
polskie-kasyno-recenzja.net 1
porn4fap.com 1
pornonecams.com 1
pornshake.com 1
portofino-bielefeld.de 1
poya2013.ch 1
private2go.pages.dev 1
pronhubxvideo.blogspot.com 1
psmusicgroup.com.au 1
puntarena.es 1
purl.archive.org 1
pxl-eu.rtb.tsyndicate.com 1
qg.arylblurry.shop 1
radio-addict.com 1
radiomast.io 1
rbeatz.com 1
rd2rzn.ru 1
redir.juicyads.com 1
redirect.admeking.com 1
regiocast.streamabc.net 1
repla.io 1
res.cloudinary.com 1
rezultati.com 1
rk.boltyseabags.qpon 1
rodeoslot-fr.org 1
rodneymoore.com 1
roostake.com 1
ropadripea.com 1
rudep.xn----7sbckgukdcd3bza3ak.xn--p1ai 1
s.dsatrd.com 1
s.dsuije.com 1
s.viilaulc.com 1
s.viiwmkvb.com 1
s3-us-west-2.amazonaws.com 1
saprevodomonline.net 1
saturntube.com 1
savesubs.com 1
schnittschwestern-salon.de 1
school-11snk.ru 1
se.mathworks.com 1
serestareducar.es 1
shecodes.io 1
showcamrips.com 1
shutterstock.7eer.net 1
shutterstock.sa7eer.com 1
silphiumdesign.com 1
simplecss.eu 1
sl196.tnaflix.com 1
sliderrevolution.com 1
slot.bogotol-r.ru 1
slusaj-radio.com 1
smappps.online 1
snarepopinstantfile.monster 1
snuut.es 1
soulmuchsoul68.out.airtime.pro 1
soundboostpro.org 1
sp6fm71r1s.lonbwes.com 1
speckyboy.com 1
sportshard.com 1
srtjb.com 1
stackpath.bootstrapcdn.com 1
startmyonlinecourses.com 1
static.eporner.com 1
stil.kurir.rs 1
stonesforum.de 1
stream.b92.net 1
stream.bigfm.de 1
stream.soulboxradio.com 1
stream.soulconnexionradio.com 1
stream.sublime.nl 1
streams.80s80s.de 1
streamvortex.com 1
strefalivingu.pl 1
studio-pozza.it 1
sul.thaidiamondbbqglendora.com 1
superbmatch.beauty 1
suterma.github.io 1
suzuki.co.th 1
syncfusion.com 1
syndicatedsearch.goog 1
synthiam.com 1
syo.cl 1
t.bopako.com 1
t.co 1
t.trcktr.com 1
t6-rotator-marketingg.com 1
tailwindcss.com 1
taxireutte.at 1
teamskeet.tv 1
techsavys.info 1
tennisopenkarlsruhe.de 1
tenten.vn 1
territoryofporn.com 1
textures.com 1
thaidiamondbbqglendora.com 1
the42degreescompany.com 1
theglobaltrunk.com 1
thisisarcadia.com 1
tigerabrodi.blog 1
tiktaks.de 1
tim-school.com 1
titlovi.com 1
today.latest-job.com 1
top.casino-utan-svensk-licens.us 1
top10.bogotol-r.ru 1
top10casinos.xn----7sbckgukdcd3bza3ak.xn--p1ai 1
topcasinoforru.xn--80afwrr.xn--p1ai 1
topcasinos.kidzoneshop.com.au 1
topforex.trade 1
tradelens.com 1
travelsingippsland.com 1
tripall.eliakanadi.workers.dev 1
tripo3d.ai 1
tumanadm.ru 1
tumbex.com 1
tunedradios.com 1
tunefm.de 1
tusproteinas.es 1
tutorialspoint.com 1
tv.aladin.info 1
tympanus.net 1
uino.gov.ba 1
uk3.internet-radio.com 1
ul.jiggleroctene.cyou 1
unaware-project.pro 1
upload.wikimedia.org 1
usyddent.org.au 1
uszn-mzk.ru 1
utchiha505s-001-site1.qtempurl.com 1
uzivoradio.com 1
vavada.nau-usynovlenie.kz 1
vd2026.livestockoftheworld.com 1
vdownload-3.sb-cd.com 1
vecteezy.com 1
vid-s19-n50-nl-cdn.eporner.com 1
vid-s4-n50-fr-cdn.eporner.com 1
vidquickly.com 1
viifcktm.com 1
vipserije.com 1
vivatube.com 1
vmgjt.click 1
vrgz.clubspacepagekey.monster 1
vvtvid.com 1
war.streamguys1.com 1
warehousetwentyfive.com 1
webartdevelopers.com 1
webconnection.west-wind.com 1
weissgerberlesezirkel.de 1
whsri.org 1
wiinety.pro 1
winbeast.uk.net 1
winbit-casino.com 1
wk.sanpoiljejuna.cfd 1
worthepenny.com 1
xapi.juicyads.com 1
xedcr.click 1
xgif.cc 1
xn--80afwrr.xn--p1ai 1
xxxkeeper.com 1
yifytv-official.site 1
yr.chimedperturb.com 1
ysxt.ru 1
ytdown.to 1
yts.mx 1
zaozmi.ru 1