rubiconproject.com 139
youtube.com 123
yandex.com 104
criteo.com 65
adnxs.com 60
contextweb.com 54
aliexpress.com 50
roeduchess.com 50
eporner.com 45
chaturbate.com 44
a-mx.com 40
cambaddies.com 39
doubleclick.net 35
byteplus.com 34
taboola.com 33
wired.com 33
yandex.ru 32
banggood.com 31
nextmillmedia.com 31
a-mo.net 29
media.net 29
ad.twinrdengine.com 28
prebid.a-mo.net 28
rtb.mx 28
sync.a-mo.net 28
bing.com 27
pornhub.com 27
spankbang.com 27
stake.com 27
google.com 26
stake.ac 26
stripchat.com 26
worldfootball.net 25
creativecdn.com 22
candy.ai 21
dropbox.com 21
tripo3d.ai 21
alibaba.com 20
shemale.show 20
economist.com 19
go.sonobi.com 19
okx.com 19
omg.adult 19
reverselookup.com 19
srpskainfo.com 19
trip.com 19
xhamsterlive.com 19
adobe.com 18
bongacams.com 18
brainberries.co 18
iqoption.net 18
kilojaya.com 17
missena.io 17
mojtv.hr 17
scorecardresearch.com 17
sparteo.com 17
w3schools.com 17
whitebit.com 17
bricks-co.com 16
casalemedia.com 16
polymarket.com 16
sbtmoney.com 16
xhamster.com 16
3lift.com 15
prebid.media.net 15
chubbyexemplaryhardiness.com 14
faphouse.com 14
otm-r.com 14
plex.tv 14
showcamrips.com 14
bfmio.com 13
camterest.com 13
dotomi.com 13
hit.gemius.pl 13
pornone.com 13
twpornstars.com 13
yts-official.cc 13
bybit.com 12
chatmate.tv 12
mozzartbet.ba 12
playbc.fun 12
smartadserver.com 12
tiktok.com 12
toasterdump.com 12
euw2-sync.a-mo.net 11
livejasmin.com 11
tnaflix.com 11
worldoftanks.eu 11
wotheat.com 11
yahoo.com 11
accounts.google.com 10
aladin.info 10
ashemaletube.com 10
bcgame62.com 10
filmoviplex.com 10
javhd.com 10
livecamrips.to 10
pornshake.com 10
saturntube.com 10
stackoverflow.com 10
adroll.com 9
ads.yieldmo.com 9
chomikuj.pl 9
csgoempire.com 9
d.adroll.com 9
gotoshop.ua 9
highcharts.com 9
livepush.io 9
morganluna.com 9
teamskeet.tv 9
theguardian.com 9
tremorhub.com 9
trustedstack.com 9
worldofwarships.eu 9
abxxx.com 8
accounts.livechatinc.com 8
amazon.com 8
createsexfriend.com 8
daofile.com 8
easterneuropeanmovies.com 8
exnova.com 8
facebook.com 8
googleadservices.com 8
leakgallery.com 8
noodlemagazine.com 8
opera.com 8
quandrix.info 8
redtube.com 8
seedtag.com 8
telegraf.rs 8
vidsrc-embed.ru 8
www3.yts-official.to 8
yts-official.top 8
37games.com 7
analdin.com 7
blacked.com 7
codecguide.com 7
digen.ai 7
dikeprotectorencyclopaedia.com 7
divaniceni.com 7
hornystudents.com 7
htx.com 7
hugewangs.com 7
mat6tube.com 7
olx.ba 7
pcappstore.com 7
rottentomatoes.com 7
sluts.xyz 7
some.porn 7
sportradarserving.com 7
top-fwz1.mail.ru 7
tumbex.com 7
worldofseabattle.com 7
xhand.net 7
xtits.xxx 7
3movs.com 6
aistudio.google.com 6
amateur8.com 6
best.aliexpress.com 6
betweendigital.com 6
binance.com 6
bopper.ketylclayen.qpon 6
chromewebstore.google.com 6
co.buttingtempter.click 6
codepen.io 6
console.byteplus.com 6
dateseni.su 6
ef.perronsdurous.top 6
fe7.ad.twinrdengine.com 6
foggilytraps.cfd 6
hu.nudishcedron.shop 6
hunt4k.com 6
ixxx.com 6
lesbian8.com 6
lk.slowedaurums.top 6
masterfap.net 6
msn.com 6
mubi.com 6
my.rtmark.net 6
nc.claithfoiter.click 6
nytimes.com 6
play.google.com 6
pornpics.com 6
roostake.com 6
sq.teopantrivant.shop 6
tranny.one 6
ul.jiggleroctene.cyou 6
um.cafflekiloton.com 6
videoteka.info 6
webvisor.org 6
whitebit.ge 6
wk.sanpoiljejuna.cfd 6
xhamster19.com 6
ym.defacesirras.click 6
ynuf.aliapp.org 6
zbporn.com 6
zd.midbodyritz.shop 6
1xlite-03801.world 5
admiralbet.ba 5
alohatube.com 5
c.bing.com 5
camsoda.com 5
de.eporner.com 5
faphouse4k.com 5
fe1.ad.twinrdengine.com 5
giantadblocker.com 5
heavy-r.com 5
holahupa.com 5
holdgently.com 5
imdb.com 5
lostshorts.com 5
lumberingcombine.com 5
marina-apartments.portonovi.com 5
maturetubehere.com 5
milfporn.tv 5
mks98.com 5
myhotcams.net 5
ntp.msn.com 5
onlyoffice.com 5
paypal.com 5
pichunter.com 5
porncoven.com 5
porzo.com 5
qmc.hr 5
redketchup.io 5
reelgood.com 5
seaofconquest.com 5
shopify.com 5
spxxxtube.com 5
stileproject.com 5
straight.aebn.com 5
tgtube.com 5
titlovi.com 5
trannytube.tv 5
userreport.com 5
vidquickly.com 5
vk.com 5
whatismymovie.com 5
wps.com 5
xozilla.com 5
xozilla.live 5
xvideosdownload.pro 5
youtube-thumbnail-grabber.com 5
2-05.com 4
4kporn.xxx 4
4tube.com 4
assoass.com 4
bk.usesmock.top 4
blpk-uu.ru 4
boysfood.com 4
brazzersnetwork.com 4
chrome.com 4
clarity.ms 4
durunetwork.com 4
eloni.ai 4
emezk.ru 4
erome.com 4
filmotip.com 4
fms-udm.ru 4
fondleaegipan.shop 4
go.dealslandz.com 4
go.getdirectbonus.com 4
google.com.au 4
google.de 4
google.fr 4
google.it 4
hrt.hr 4
insightexpressai.com 4
janitorprecisiontrio.com 4
kqftc.com 4
ksp-chel.ru 4
kts.vasstycom.com 4
linkedin.com 4
login.alibaba.com 4
lust-goddess-now.com 4
magsrv.com 4
melcasino-online-top.us.com 4
melonstube.com 4
metaporn.com 4
mfadsrvr.com 4
nexy.works 4
nhnace.com 4
nn-svadba.ru 4
pixhost.to 4
porndr.com 4
pornzona.com 4
rd2rzn.ru 4
rts.rs 4
sexchatters.com 4
sexselector.com 4
sheer.com 4
subsubfolder.com 4
sxyprn.net 4
synottip.ba 4
t.visx.net 4
theporndude.com 4
to.dordir.com 4
toast.com 4
tracookiepixel.xyz 4
transflix.net 4
transhero.com 4
tri-sport.ru 4
tsyndicate.com 4
tubegalore.com 4
tvprofil.com 4
twitch.tv 4
twitter.com 4
ubt-sgp.trip.com 4
uncams.com 4
vapley.top 4
videocdnmetrika72.com 4
vikiporn.com 4
wankoz.com 4
x.com 4
xnxx.gold 4
xvideos.com 4
xxvidsx.com 4
yifytv-official.site 4
youtrannytube.com 4
1adr.com 3
1xlite-22127.world 3
360yield.com 3
acrobat.adobe.com 3
addin1.name 3
adhigh.net 3
adotmob.com 3
adscale.de 3
advtrackingleads.com 3
aimode.alibaba.com 3
alddy.com 3
altaffiliatesol.com 3
anettelawrence.cammodels.com 3
best.searchapp.space 3
bojel.com 3
boxypluckunrelated.com 3
camstreams.tv 3
cdn.me88v.com 3
chat.chaturbate.sx 3
coontool.com 3
creative-serving.com 3
crwdcntrl.net 3
ctnsnet.com 3
depana.cl 3
djxh1.com 3
easyportaler.cyou 3
elazigbayansitesi.com 3
epicgfs.com 3
eroarcade.com 3
erzurumsbm.net 3
escortbursam.com 3
fe6.ad.twinrdengine.com 3
filmovi365.com 3
formula.ba 3
frs2c.com 3
g2288.com 3
glimmersmugglingsullen.com 3
google.at 3
hadesex.com 3
hdhq2.com 3
holavpn.com 3
homeoutlet.cl 3
hotleaks.tv 3
hotzcam.com 3
igodigital.com 3
iloveimg.com 3
impact-ad.jp 3
imtri.cl 3
ingage.tech 3
inmobi.com 3
javsecrets.com 3
join.worldoftanks.eu 3
katestube.com 3
larocca.cl 3
latest-job.com 3
loyalfans.com 3
lust-goddess.com 3
mediarithmics.com 3
mojtv.net 3
mts.ru 3
naslovi.net 3
nuvid.com 3
onlinerelazioni.com 3
onlyfans.com 3
openx.net 3
pernosirua.com 3
pinterest.com 3
pool.liftdsp.com 3
pornwatchers.com 3
pornworks.com 3
postrelease.com 3
pre35.com 3
rak8s.com 3
realsrv.com 3
reddit.com 3
rtbsystem.com 3
runetki6.com 3
scmonjasinglesas.cl 3
sexable.tv 3
spartansport.ba 3
srv.dt.ppmxp.com 3
stock.adobe.com 3
studio.tripo3d.ai 3
territoryofporn.com 3
thefap.net 3
thumbzilla.com 3
topforex.trade 3
trannymovs.com 3
u-tk.com 3
ukdevilz.com 3
upstore.net 3
uuidksinc.net 3
veterinariarepublica.cl 3
vipserije.com 3
vol.vprtrfc.com 3
vrtcal.com 3
wundeeer.com 3
wvdme.com 3
xedcr.click 3
xizmitescort.com 3
youporn.com 3
1ato.com 2
1ude.com 2
1xlite-91450.world 2
20rm.com 2
3xyy.com 2
405kk.com 2
484r.com 2
54883.com 2
69b2d530.thequizgo.com 2
69be876a.thequizgo.com 2
880787.seahorizonviewtop.com 2
9n8o.com 2
adsrvr.org 2
agkn.com 2
aidata.io 2
aj1987.online 2
aj2555.bid 2
alicdn.com 2
amazon-adsystem.com 2
amx1.net 2
apiyoutube.cc 2
aqle3.com 2
aralego.com 2
archive.org 2
as.footerfont.com 2
attirecideryeah.com 2
b7510.com 2
babepedia.com 2
bakaprase.com 2
balkanjizz.com 2
bcgame52.com 2
bcgame61.com 2
beacon.lynx.cognitivlabs.com 2
bestdvdklub.co.rs 2
bidr.io 2
bidswitch.net 2
bigwarp.pro 2
bot.msg-go.com 2
bullionglidingscuttle.com 2
c.clarity.ms 2
cambist.worsesraftageparify.qpon 2
casinosvensklicens.com 2
chagnougroalry.net 2
chnsrv.com 2
colossusssp.com 2
company-target.com 2
consent.hr 2
contentmx.okcoin.com 2
cornerstonecountry.ca 2
cs.amx1.net 2
data.appslime.com 2
dblks.net 2
deepintent.com 2
definebabe.com 2
demdex.net 2
developer.chrome.com 2
disqus.com 2
dotmetrics.net 2
downby.foodylobal.top 2
dporn.com 2
duel.com 2
e7cod.com 2
eat.comtamdigital.com 2
erothots1.com 2
erzurumbayanilan.com 2
erzurumbayansitesi.com 2
erzurumcozumetut.com 2
es.stripchat.com 2
eu.ad.twinrdengine.com 2
ey43.com 2
f75s.com 2
fapnado.xxx 2
fe5.ad.twinrdengine.com 2
filmolino.net 2
flavouredjuicycontent.com 2
fy.stewardcasitas.qpon 2
g9r6.com 2
github.com 2
go.aawdlvr.com 2
go.bucksmein.com 2
google.com.hk 2
hdzog.tube 2
hpawd.pornpics.com 2
hrtprikazuje.hrt.hr 2
hy.outrunmost.com 2
ib.mookie1.com 2
ifeelmyself.com 2
iherb.com 2
instagram.com 2
inxxx.com 2
its.porn 2
jl63v3fp1.com 2
join.wotheat.com 2
jsfiddle.net 2
justservingfiles.net 2
kkwvy.com 2
ladsp.com 2
lakns.com 2
lexnia.com 2
lijit.com 2
linker.ba 2
locoloader.com 2
lumidates.com 2
madvladurird.com 2
magma.tube 2
mail.google.com 2
malatyabayansitesi.com 2
maxicar.pt 2
mdshop.ba 2
messanger.com 2
mexc.com 2
mmstat.com 2
mozilla.org 2
myeconomystorage.com 2
netu.ac 2
netu.filmoviplex.com 2
nudogram.com 2
nutaku.net 2
offer.alibaba.com 2
otieu.com 2
phare.agrodless.rest 2
pippio.com 2
pixel.dsp.onetarget.ru 2
playafterdark.com 2
player.viads.com 2
plr2u.com 2
plyer.saicedevours.top 2
pocketoption.com 2
porntrex.com 2
pornzog.com 2
promo.worldofwarships.eu 2
proshop.autos 2
protrafficinspector.com 2
purpleadvlnd.com 2
qp278.com 2
r-ms.com 2
rambler.ru 2
raspored.hrt.hr 2
rel-s.com 2
rel.pornpics.com 2
rfihub.com 2
rg403.com 2
rkv1.com 2
rodneymoore.com 2
salvor.glottaldevianthodful.click 2
scolioz-ds.ru 2
sex4tokens.com 2
sharethis.com 2
shb-sync.com 2
socdm.com 2
sokkan.net 2
spotify.com 2
suj.mobi 2
sundaysky.com 2
t.easyportaler.cyou 2
t.pornworks.com 2
tapbit.com 2
theyarehuge.com 2
thothub.mx 2
thothub.org 2
thotporn.tv 2
thotsbay.tv 2
track.trackingchamps.com 2
tsthots.com 2
turvallisetmaksutavat.fi 2
udmserve.net 2
upns.live 2
us.ynuf.aliapp.org 2
usheebainaut.com 2
utorrent.com 2
vichy.hr 2
videocdnmetrika1.com 2
videocdnmetrika12.com 2
videocdnmetrika13.com 2
videocdnmetrika14.com 2
videocdnmetrika15.com 2
videocdnmetrika18.com 2
videocdnmetrika19.com 2
videocdnmetrika20.com 2
videocdnmetrika21.com 2
videocdnmetrika22.com 2
videocdnmetrika3.com 2
videocdnmetrika32.com 2
videocdnmetrika39.com 2
videocdnmetrika4.com 2
videocdnmetrika40.com 2
videocdnmetrika41.com 2
videocdnmetrika42.com 2
videocdnmetrika43.com 2
videocdnmetrika44.com 2
videocdnmetrika46.com 2
videocdnmetrika6.com 2
videocdnmetrika7.com 2
videocdnmetrika73.com 2
videocdnmetrika74.com 2
videocdnmetrika8.com 2
videocdnmetrika81.com 2
videocdnmetrika9.com 2
viifcktm.com 2
vip4k.com 2
vipsevgilim.com 2
vivatube.com 2
watch-now.live 2
wildbearads.go2affise.com 2
wounofoarausooy.net 2
x7i0.com 2
xcams.com 2
xn--j1aaude4e.xn--p1ai 2
xnxx.com 2
xvideos.red 2
xxxkeeper.com 2
yahoo.co.jp 2
ytdown.to 2
yts-official.to 2
zrlqm.com 2
0cf.io 1
1rx.io 1
2477april2024.com 1
2489may2024.com 1
7slots-2025tr.live 1
9xbuddy.in 1
a.usbrowserspeed.com 1
a.vfghc.com 1
a.vfgth.com 1
a8r.games 1
abysscdn.com 1
acint.net 1
ad.mail.ru 1
adentifi.com 1
admaster.cc 1
admatic.de 1
adriver.ru 1
ads.avads.net 1
ads.travelaudience.com 1
ads.viralize.tv 1
adspector.io 1
adstag0102.xyz 1
adtarget.biz 1
adultempire.com 1
advolve.io 1
affect3d.com 1
agoda.com 1
alkimi-onboarding.com 1
allureanews.com 1
analytics.yahoo.com 1
applovin.com 1
appmine.my 1
appoffering.sbs 1
apps.microsoft.com 1
appsflyer.com 1
appsflyersdk.com 1
appsforpc.design 1
appstrack.cc 1
appsvista.site 1
aquapp.net 1
arata.cl 1
areapineda.com 1
auth.magic.link 1
auth.tripo3d.ai 1
bc-sso.com 1
beldooschae.com 1
bestcam.tv 1
bidberry.net 1
bidgx.com 1
bigwarp.cc 1
bilafa.xyz 1
bliink.io 1
blismedia.com 1
blockfin.com 1
blofin.com 1
bluevest.site 1
bolsterate.net 1
bonusgaf.com 1
bosnainfo.ba 1
brand-display.com 1
bumlam.com 1
burningpushing.info 1
c.appier.net 1
camgirls247.com 1
camvault.to 1
cbcam2cam.com 1
cbx-rtb.com 1
cdns.gigya.com 1
chaturbate.sx 1
chezanja.ch 1
chezanja.com 1
chmsrv.com 1
cittamatra.com 1
citybike-nordhorn.de 1
clannotillortale.com 1
cnt.nuvid.com 1
cnt.vivatube.com 1
coinmarketcap.com 1
condorx.io 1
confenats.cl 1
cookies.nextmillmedia.com 1
coosync.com 1
crme7srv.com 1
csync.loopme.me 1
ct.pinterest.com 1
de1.ad.twinrdengine.com 1
de2.ad.twinrdengine.com 1
digitaleast.mobi 1
dinamobetvrgiris.vip 1
dirpy.com 1
dmg.digitaltarget.ru 1
dnacdn.net 1
dpm.demdex.net 1
driftpixel.live 1
dsdjcu.com 1
dsdkr4.com 1
dsesj1.com 1
dshh37.com 1
dsi27u.com 1
dskkza.com 1
dsqvkn.com 1
dsr577.com 1
dsr9gv.com 1
dsreb7.com 1
dss29f.com 1
dsse6w.com 1
dtscdn.com 1
duplichecker.com 1
dvgroup.com 1
e-planning.net 1
easywebland.my 1
ecamrips.com 1
economist.blueconic.net 1
eln7dc.com 1
eporner.video 1
ericcoxphotography.com 1
et.nytimes.com 1
eu.effic.pro 1
eu.vilitram.com 1
eunow4u.com 1
everesttech.net 1
exness.com 1
exoclick.com 1
eyeota.net 1
factmata.com 1
familypornhd.com 1
fapcat.com 1
flashtalking.com 1
flirt4free.com 1
flowyepmob.com 1
flydownloader.com 1
fp.metricswpsh.com 1
fpo.xxx 1
franecki.net 1
fwmrm.net 1
fxsound.com 1
g493.economist.com 1
gentlefieldpattern.com 1
getblue.io 1
getyourguide.com 1
giraff.io 1
gnezdo.ru 1
go.affec.tv 1
go.cambaddies.com 1
go.marzaent.com 1
go.playlg.com 1
go.whitetrafsa.com 1
goldpopblocker.info 1
gonet-ads.com 1
gonreommon.com 1
grodynesinetme.com 1
gumgum.com 1
h.online-metrix.net 1
hdbkome.com 1
hdsexy.top 1
hhkld.com 1
hibt.com 1
hit.ua 1
hm.baidu.com 1
hotpornfile.org 1
hotwebcams.org 1
hqmilfporn.com 1
hybrid.ai 1
i-00.com 1
ih.adscale.de 1
insiatryverested.com 1
iporntv.net 1
ipredictive.com 1
iprom.net 1
iqoption.com 1
iqtrading.asia 1
istripper.com 1
izooto.com 1
jizzbunker.com 1
jshell.net 1
justinepulvino.qpon 1
kadenhealth.com 1
kargo.com 1
karosseriteknik.se 1
kick.com 1
kleis-ibk.com 1
kompoz2.com 1
kts.sensitiveclick.com 1
kucoin.com 1
laforetgroupe.com 1
lensfrontend-pa.googleapis.com 1
liadm.com 1
livecamrips.su 1
localworldnow.com 1
login.microsoftonline.com 1
lotus-dsp.ru 1
lunamedia.live 1
m1rs.com 1
mail.ru 1
manyrecs.com 1
marketiq.com 1
marketperf.com 1
marktkauf-shs.de 1
mathtag.com 1
mediago.io 1
meganewsspace.my 1
metatrckpixel.com 1
metody-platnosci.pl 1
microsoft.com 1
modellbau-chemnitz.de 1
moloco.com 1
mozzartaffiliates.com 1
mpsnare.iesnare.com 1
mxptint.net 1
mychaturcam.com 1
naver.com 1
newforestfabrications.com 1
newsparentingspot.com 1
newsroom.bi 1
nj.tdomads.com 1
nj.tesprob.com 1
nobodyhome.tv 1
nobodyhome.ws 1
nofeu.com 1
nortegubisian.com.br 1
nrich.ai 1
nrtool.to 1
ogs.google.com 1
onaudience.com 1
one-new-message.com 1
onelink.me 1
onestepapping.store 1
onetag-sys.com 1
ooxxx.pro 1
opendsp.ru 1
opoxv.com 1
ortb.net 1
ospariessolkaws.com 1
otclick-adv.ru 1
ouraidream.com 1
pastedownload.com 1
pbs.yahoo.com 1
pbsadverxo.com 1
pemsrv.com 1
peresentacconette.com 1
permutive.wired.com 1
phoenix-widget.com 1
picazor.com 1
pixad.com.tr 1
player.filmovi365.com 1
player.videoteka.info 1
playstake.club 1
pmbmonetize.live 1
poensex.com 1
popai.pro 1
porngash.com 1
porno-klipovi.com 1
pornoeggs.com 1
pornoslon.me 1
prebid.cwi.re 1
prebid.trustedstack.com 1
presage.io 1
pro-market.net 1
programmatica.com 1
pub.network 1
pubads.g.doubleclick.uk.net 1
public.servenobid.com 1
pubmatic.com 1
pump.fun 1
pusica.com 1
pxf.io 1
qivuro.my 1
quantserve.com 1
radio.hrt.hr 1
rainbet.com 1
rbstsystems.live 1
record.mozzartaffiliates.com 1
recu.me 1
redirect.admeking.com 1
rezultati.com 1
riverhit.com 1
rkdms.com 1
rlcdn.com 1
roll-me-away.com 1
rolos.cl 1
rqtrk.eu 1
rtb-pinklion.io 1
rtbscale.com 1
rtg.wewomedia.com 1
ru.nudogram.com 1
rupertisdivingintoocean.com 1
rutarget.ru 1
sattiostiounper.com 1
savemycam.com 1
savesubs.com 1
seelenapp.ink 1
sellonolon.com 1
semasio.net 1
server.cpmstar.com 1
server.smartytech.io 1
servetraff.com 1
shopify.pxf.io 1
simpli.fi 1
sitescout.com 1
smallseotools.com 1
smilewanted.com 1
snapchat.com 1
snapxnum2266.spankbang.com 1
snarepopinstantfile.monster 1
snowplow-collector.csgoempire.com 1
snowplow-collector.duel.com 1
spankbanglive.com 1
srv.stackadapt.com 1
ssp-rtb.sape.ru 1
st.chatango.com 1
stackexchange.com 1
stake.mba 1
starcamgirls.com 1
store.steampowered.com 1
stripchat.global 1
superuser.com 1
swipey.ai 1
sync.srv.stackadapt.com 1
taetee.com 1
targeting.unrulymedia.com 1
tdslinetraffic.com 1
technoratimedia.com 1
temu.com 1
tf4srv.com 1
thesocialshepherd.com 1
thisisdax.com 1
thisisxx.com 1
thrtle.com 1
tns-counter.ru 1
topworkredbay.shop 1
toyota.ba 1
tpmn.io 1
track.fastfirestarterkit.com 1
tracking.olx-st.com 1
trahkino.tube 1
tranny.show 1
trans.banggood.com 1
translate.google.com 1
travelaudience.com 1
trfcclbs.com 1
trk.mobtrakk.com 1
trust.zone 1
trustedvpn.site 1
trustpielote.com 1
trustx.org 1
tschats.com 1
tubeoffline.com 1
turn.com 1
tutorbird.com 1
tynt.com 1
ufouxbwn.com 1
uidsync.net 1
ukankingwithea.com 1
uncysiante.com 1
upload.wikimedia.org 1
upravel.com 1
us.vilitram.com 1
utraff.com 1
v2pop.com 1
veonadx.com 1
vidapi.xyz 1
vidoomy.com 1
viglink.com 1
viiporfu.com 1
vimeo.com 1
vipentertainment.online 1
vipserije.online 1
viralize.tv 1
viralnetwork.com.br 1
visx.net 1
w55c.net 1
watch.plex.tv 1
wayfair.com 1
wcs.naver.com 1
weborama-tech.ru 1
weborama.fr 1
wikipedia.org 1
winhelponline.com 1
wisesoft.my 1
wp.pl 1
xoffline.com 1
xxllrpd.com 1
xxxdbx.com 1
xxxporn.pics 1
yadro.ru 1
yieldmo.com 1
yifydl.com 1
youxxtube.com 1
yts-official.org 1
yts.bz 1
yts.si 1
ytstv.hair 1
zeotap.com 1
zlinkt.com 1
zlinkw.com 1
zurkastanie-marl.de 1