facebook.com 164
youtube.com 116
bing.com 45
store.pchelpsoft.com 8
drive.google.com 7
accounts.google.com 6
planetminecraft.com 6
mcpedl.com 5
curseforge.com 4
econventa.com 4
github.com 4
mcpepacks.com 4
microsoft.com 4
explore.microsoft.com 3
mediafire.com 3
opera.com 3
paygw.adaware.com 3
sisu.xboxlive.com 3
techynicky.com 3
ccleaner.com 2
drive.usercontent.google.com 2
highrez.co.uk 2
login.live.com 2
mcenters.net 2
pchelpsoft.com 2
support.xbox.com 2
tlauncher.org 2
x-mouse-button-control.en.softonic.com 2
accounts.google.com.bd 1
accounts.youtube.com 1
app.any.run 1
dvps.highrez.co.uk 1
en.softonic.com 1
fast.com 1
files.fm 1
go.microsoft.com 1
helium.computer 1
millerzzz.github.io 1
nahuatlecaanopsyshoreland.com 1
natureclient.com 1
oundhertobeconsist.org 1
pulse.alphagridnexus6.cyou 1
runoperagx.com 1
u.viijvhnl.com 1