com.facebook.katana 8
accounts.google.com 4
instagram.com 4
facebook.com 3
com.roblox.client 2
org.xbet.client1 2
app.gala.games 1
app.tikfollowers.com.fans.free 1
artgrid.io 1
banglatask.com 1
bullvpn.com 1
client.globalgt.com 1
com.casht.eidbonus 1
com.dts.freefireth 1
com.duolingo 1
com.facebook.lite 1
com.getepic.epic 1
com.instabridge.android 1
com.instagram.android 1
com.nildolcash.easycash 1
com.ninexgen.wifi.password.recovery 1
com.snapchat.android 1
cutt.ly 1
dil-amazon.com 1
epicgames.com 1
globalgt.com 1
himumoni.xyz 1
m.facebook.com 1
msftconnecttest.com 1
myaccount.google.com 1
oauth.vk.com 1
quiz.sheikhrussel.gov.bd 1
remotedesktop.google.com 1
sg.bigo.live 1
signin.autodesk.com 1
thetechpro.xyz 1
tkwin99.com 1
tunnelbear.com 1
watch.plex.tv 1
wincash24.net 1