youtube.com 30
pornhub.com 23
stripchatgirls.com 23
stake.mba 22
xhamster.com 19
leakgallery.com 17
secrets.ai 16
janitorprecisiontrio.com 14
chaturbate.com 11
1xlite-98366.pro 10
bing.com 10
google.com.bd 10
ng88a.com 10
pimpbunny.com 10
thothd.com 10
sex.com 9
xhaccess.com 8
bgb88.club 7
epawg.com 7
google.com 7
hitomi.la 7
accounts.google.com 6
dateseni.su 6
instagram.com 6
xorgasmo.com 6
en.joporn.space 5
watchhentai.net 4
hentaistream.com 3
ad.twinrdengine.com 2
covidhometrial.harlock.co.uk 2
go.awdeliverynet.com 2
happyleafmotion.com 2
lens.google.com 2
msn.com 2
1rmphysio.co.nz 1
cambaddies.com 1
coosync.com 1
discord.com 1
go.bluetrafficstream.com 1
ogs.google.com 1
st15.pimpbunny.com 1
st16.pimpbunny.com 1