youtube.com 2809
google.com 467
bing.com 210
facebook.com 203
unlockxh1.com 114
web.facebook.com 66
ibas.finance.gov.bd 63
tiktok.com 56
boobsradar.com 54
sopornvideos.com 47
accounts.google.com 44
microsoft.com 42
xnxxvideos.su 40
xvideos5.com 34
indianporn365.net 31
xasiat.com 31
mozilla.org 29
x-videos.su 29
archertube.com 28
browsecoherentunrefined.com 28
freeporncave.com 25
nagorik.com 25
youx.xxx 21
bangtubevideos.com 20
xxxpornvideos.su 20
teletalk.com.bd 19
toffeelive.com 19
vidoexxnx.pro 19
pornone.com 18
fuckhardclips.com 17
gxgwgk.bestdates4you.net 17
s.pemsrv.com 17
yzwtz.com 17
xxx8.me 16
sex-xxx.video 15
track1122.malayluck.com 15
video1tube.com 15
wow.xxx 14
cricket.bonuly.com 13
muktopaath.gov.bd 13
sexhdmovs.com 13
bestgirlsexy.com 12
cricket.prommio.com 12
twpornstars.com 12
xxnxcom.pro 12
bustsniffwired.com 11
g2288.com 11
hot-porn.pro 11
rak8s.com 11
ribunews.com 11
xbox.com 11
1xlite-98366.pro 10
fapello.com 10
gulftimetable.com 10
improperscrubbedvendor.com 10
jamopo.com 10
nocturnalaverage.com 10
pbs.twimg.com 10
bestpornclip.com 9
forms.gov.bd 9
momsex.su 9
nagad88f.com 9
openxh1.com 9
stake.mba 9
xhspot.com 9
alleducationresult.com 8
diagramjawlineunhappy.com 8
freepornmovies.su 8
hdmilftube.com 8
instagram.com 8
onmatureporn.pro 8
opera.com 8
winvip88.club 8
xxxdessert.com 8
xxxmoviesdownloads.com 8
alamy.com 7
egqqk.ttrk.io 7
en.softonic.com 7
freesexvideos.su 7
getalltraffic.com 7
hqprn.com 7
inspectorstrongerpill.com 7
sexvideos.host 7
viicmkru.com 7
viiukuhe.com 7
visariomedia.com 7
xgoqw.findyourlovemate.com 7
amazon.co.jp 6
b.litebeach.com 6
bb88time.com 6
crn77.com 6
easyasvpn.com 6
form-sport-ipl-bd.sg.moltra.net 6
frhiys.com 6
fuckmature.cam 6
gofreeporn.pro 6
imdb.com 6
landing1.brazzersnetwork.com 6
my.exness.com 6
pornhyb.su 6
rm358.com 6
rvklk.loveiswaiting.net 6
syndication.realsrv.com 6
tropictube.com 6
xvideoz.pro 6
acrobat.adobe.com 5
barta24.com 5
bn.xhamster45.desi 5
desipussy.in 5
freexxxmovies.biz 5
hdsex.org 5
hugesexbox.com 5
ibas.xyz 5
ixnxx.net 5
maturesluts.tv 5
milfsex.cc 5
mysexvids.net 5
nfrit.com 5
pornvideotop.net 5
u-tk.com 5
wps.com 5
x.com 5
xvids.su 5
xxlej.loveiswaiting.net 5
xxx2020.pro 5
xxxo5.com 5
18t.me 4
1osb.com 4
4nicebets.org 4
adv.clickadu.net 4
auth.services.adobe.com 4
bdservicerules.info 4
bforest.gov.bd 4
crumpetprankerstench.com 4
explore.microsoft.com 4
frs2c.com 4
fuck2020.pro 4
gamerhit.co 4
grameenphone.portal.ncnd.mobi 4
gsaresult.teletalk.com.bd 4
hai8g.com 4
home.eset.com 4
jav.guru 4
login.eset.com 4
maturemovs.pro 4
matureporncorp.com 4
maturesexbase.com 4
microsoft-word-2010.en.softonic.com 4
msn.com 4
myadultdir.com 4
ng88a.com 4
nikonians.org 4
nude-milf.com 4
pornvid.pro 4
rcdn-web.com 4
report.finance.gov.bd 4
sequencesuccessfullygenetic.com 4
sexvideos.rodeo 4
sub.fordonny.com 4
support.microsoft.com 4
syndication.exosrv.com 4
tbyh5.com 4
tubemovies4k.com 4
wundeeer.com 4
xxxdan.com 4
xxxvideosind.com 4
1xlite-08668.world 3
38881.impseeineclots.com 3
4ksexmovie.com 3
accounts.firefox.com 3
bonikbarta.com 3
borojeetads.space 3
cdnwg7.youx.xxx 3
cherryescort.net 3
computermania.com.bd 3
contehos.com 3
cse.google.com 3
digifinex.com 3
drive.google.com 3
elitebabes.com 3
engine.phn.doublepimp.com 3
flowejoin.com 3
freefuckbuddytonight.com 3
freehdporn.tv 3
freepornomovies.info 3
fuckxxnx.pro 3
goodimpressioncrboost.com 3
grameenphone.filter.ncnd.mobi 3
hdsexxx.net 3
hdxxx.su 3
help.x.com 3
hookup.smartbang.com 3
hotnaked.net 3
hotsexvids.net 3
javxxx.me 3
kittypornvideos.com 3
megafuckvideos.com 3
microsoft-office-2010.en.softmany.com 3
mom-xxx.pro 3
monitor.firefox.com 3
n-doptor-accounts.nothi.gov.bd 3
objectstorage.ap-dcc-gazipur-1.oraclecloud15.com 3
openxh.com 3
poorn.pro 3
porm.club 3
pornatur.com 3
pornmushroom.com 3
porntool.net 3
pornvidsfree.com 3
pornxxxvideos.xyz 3
rankjerryrounion.com 3
reffpa.com 3
refpupp2020.com 3
sexvideos.tel 3
sopornmovies.com 3
t.grtyv.com 3
ti-bangladesh.org 3
topporn.me 3
tsyndicate.com 3
tubepornmovies.net 3
uhdtubemovs.com 3
unsightly-reserve.com 3
video.fc2.com 3
videocelebs.net 3
videosporno.life 3
windowstan.com 3
xerotica.com 3
xxxfreepornclip.com 3
xxxindianporn.pro 3
xxxtophd.com 3
xxxvids.mobi 3
xxxvids.tv 3
zeforio.com 3
730f06b9b2.fc86831720.com 2
accounts.google.com.bd 2
adroitdeceitcongestion.com 2
adulttime.com 2
ajbabdisoft.com 2
allpornvids.com 2
anym8.com 2
apetube.asia 2
api.whatsapp.com 2
ashamed-diamond.com 2
auntmia.com 2
babu88e.com 2
beeg.ink 2
beeg.world 2
best-porn-clips.com 2
besthotbhabhi.com 2
betoholictrack.cloud 2
bitchute.com 2
blog.mozilla.org 2
bobgames-prolister.com 2
boxypluckunrelated.com 2
brazzer.su 2
buondua.com 2
config.office.com 2
cookedvisit.pro 2
creative.zybrdr.com 2
daraz.com.bd 2
dcfeed.rtbdcfeed.top 2
dctrk.datedeskads.com 2
dead-put.com 2
desiauntysex.org 2
distantscience.com 2
dividedgrandtoll.com 2
divorceabetpiano.com 2
drive.usercontent.google.com 2
eatcells.com 2
efaidnbmnnnibpcajpcglclefindmkaj 2
faphouse2.com 2
fastnews-24.com 2
flexyvids.com 2
flirtsex.pro 2
fotokiss.com 2
freepornhunt.com 2
freepornxxxvids.com 2
freepron.xyz 2
freesex24.pro 2
fuckmovs.pro 2
ganttxl.com 2
geministeroidhoneycomb.com 2
getpocket.com 2
gettyimages.com 2
google.co.id 2
grammarly.com 2
greencampus.telkomuniversity.ac.id 2
hard-tube-hd.com 2
hdsexvideos.su 2
hdzog.com 2
hello.fuckbook.tv 2
hotsextube.site 2
hwf-ngb-nw.com 2
icn.brandnewapp.pro 2
indiandesisex.org 2
infamous-growth.pro 2
iqoption.com 2
javhd.today 2
jk-to-mn.com 2
jkxxx.com 2
journaljesbs.com 2
joyreactor.com 2
jugantor.com 2
justvideohub.org 2
king-media.net 2
krikya11.club 2
ladytara-sfbsxes.work 2
lami.gexcv.xyz 2
landing.brazzersnetwork.com 2
leakedmodels.com 2
licensigo.com 2
ltljm.voluumtrk2.com 2
lustp.com 2
luxxxporn.com 2
mail.google.com 2
market-qx.trade 2
markshospitalitymoist.com 2
maturesexmovies.net 2
maturesexvideo.pro 2
mega45pari12.in 2
mgid.com 2
moef.gov.bd 2
mof.portal.gov.bd 2
mymompics.com 2
myvccs.com 2
nata.gov.bd 2
nn125.com 2
noxiousback.com 2
nqgznv.niightsparkle.com 2
nukeru-video.com 2
ohsex.pro 2
omg10.com 2
openxxxporn.com 2
oyi9f1kbaj.com 2
payfixation.gov.bd 2
perfectgirls.xxx 2
pinterest.com 2
pirnhub.xyz 2
pornarmored.com 2
pornmovies.su 2
pornmovies4k.com 2
pornmoviesuhd.com 2
pornoclips.net 2
pornomovieshd.com 2
pornsexxxer.com 2
porntop100.com 2
private2go.pages.dev 2
profitablebutton.com 2
profitablegate.com 2
refpa2518.com 2
refpa92463.com 2
roughfucktube.com 2
ruddy-pass.com 2
s.viinyzfu.com 2
see-even-more.com 2
sex-mom.com 2
sexhqvideo.com 2
sexmovies.su 2
shubad2u8ba09.com 2
streamyourvid.com 2
syndication.exoclick.com 2
t.adating.link 2
t.locopar.com 2
teensex.su 2
teenxxxporn.icu 2
titis.org 2
tour1.xnxx.gold 2
trffk.g2afse.com 2
tube-xxx.pro 2
tubemovs4k.com 2
tubewee.com 2
uhdpornmovie.com 2
v.extrememley.com 2
video.twimg.com 2
vidsfuck.com 2
viiwinli.com 2
viptube.com 2
wa.me 2
webatam.com 2
wikitecher.com 2
wl12wbq.balanceddate.com 2
xml-eu.rtbmedweb.com 2
xnxx.rent 2
xqrnj.readyforfun.net 2
xxnxx.fun 2
xxx18.best 2
xxxonxxx.com 2
xxxpornclips.pro 2
xxxpornohub.net 2
zcforest-rangamati-d.nothi.gov.bd 2
zoom.en.softonic.com 2
zubtube.com 2
1.press-to-allow.com 1
1q.harlock.co.uk 1
1red-uk-casino.org 1
1tvporn.com 1
2.b4mls.com 1
26.riseupbeardown.com 1
2cnjuh34jbhub.com 1
3.ajbabdisoft.com 1
32.ajbabdisoft.com 1
39.canopycorpinc.com 1
3xxx.pro 1
6bcaf.data1.hmovs.com 1
6d639fd8.connectionsecurity-proceedv1.pages.dev 1
836184mp.pro 1
888starz-polska.com 1
8kpornvids.com 1
981628.xmlfeed.adplsr.com 1
a.labadena.com 1
aajkerbarta.com 1
aajkersangbad.com 1
abong.com.bd 1
accaii.com 1
acnidescu.blog 1
admachina.g2afse.com 1
adspredictiv.com 1
aftermasterpro.com 1
airindianporn.com 1
all-xhamster.com 1
allresultbd.com 1
alokitolangadu.com 1
amateursexvideos.pro 1
analstepmom.com 1
anyporn.com 1
apams.cabinet.gov.bd 1
app.getpocket.com 1
app.zoom.us 1
asia.canon 1
asianpinay.com 1
atlassian.com 1
atpornvideos.pro 1
b4mls.com 1
babu88o.com 1
bangladesh.gov.bd 1
banglanews24.com 1
battleforthegalaxy.com 1
bb88click.com 1
bd-titan.vip-goods.org 1
bd3.maxup.newsalepro.com 1
bdixtv.live 1
bdris.gov.bd 1
bestsexvideos.su 1
betforecast.ai 1
bhbfc.gov.bd 1
bid.onclckpop.com 1
bivvywhoot.top 1
blob:https://boomba.club/2408a5e7-0fd3-4f23-9d60-6be92fb83a2f 1
blob:https://titis.org/b8af3002-bcf4-4e28-a404-26da0e6a349a 1
blockadsnot.com 1
blog-in.biz 1
bluestacks.com 1
bn.amp.xhamster.com 1
bn.wikipedia.org 1
bn.xhamster.desi 1
boomba.club 1
brainberries.co 1
broker-qx.pro 1
c.adsco.re 1
canopycorpinc.com 1
caopsid.gov.bd 1
cga.gov.bd 1
cityaznews.com 1
cityonlinenews.com 1
clckysudks.com 1
click.hooligs.app 1
clipapps.net 1
coinsbit.io 1
connectivitycheck.gstatic.com 1
creativecenter.brother 1
crentgate.com 1
cretgate.com 1
crptgate.com 1
crt.livejasmin.com 1
dailyamarswadhinbangladesh.com 1
dainikamadershomoy.com 1
dainikazadi.net 1
dateseni.su 1
datsgirl.com 1
deutracked.com 1
dgfood.gov.bd 1
dlfvgndsdfsn.com 1
dmvbdfblevxvx.com 1
doclus.com 1
dpp.gov.bd 1
drivers-canon.com 1
e7ky.me 1
ejoinflow.com 1
elitescorthatun.com 1
en.uptodown.com 1
en.worthpedia.com 1
en.xsz-av.com 1
eporner.com 1
erome.com 1
eset.com 1
everify.bdris.gov.bd 1
faq.whatsapp.com 1
fastandslut.com 1
fhvfd.com 1
firefox.com 1
formafirtha.blog 1
free-articles.info 1
freebonus.click 1
freehdvideos.xxx 1
freehotmaturetube.com 1
freepornovideos.me 1
freesexvideo.pro 1
funfuckdolls.com 1
g2fame.com 1
gbwhatsappr.com 1
getn.net 1
getsex.xxx 1
go.lustp.com 1
go1.trakit25.com 1
goldpornsite.com 1
gsa.teletalk.com.bd 1
guard-web.com 1
havingwacks.qpon 1
hclips.com 1
hd.apkarena.site 1
hdbeegfree.com 1
hdnubilessex.com 1
hdsexmovies.xxx 1
hdtubeporn.pro 1
hello.fuckbooksite.com 1
help.twitter.com 1
heroine.harlock.co.uk 1
hola.org 1
hot-sex-tube.com 1
hqpornvidz.com 1
hqxmovies.com 1
hugedomains.com 1
hurtful-orange.com 1
hwdrilling.com 1
ia801804.us.archive.org 1
ibnewz.com 1
igotube.com 1
in-tower-rush-main-5-3.gloveguard.co.uk 1
in.tubecorporate.com 1
incelbari.pro 1
indsex.net 1
infotechlife.com 1
ipuddlewave.com 1
iqbroker.com 1
itvbd.com 1
jkforum.net 1
jp-domains.com 1
jpf.go.jp 1
justindianporn.pro 1
kol.juksy.com 1
koreaboo.com 1
kroybikroy.com 1
krx18.com 1
landing.sexemulator.com 1
learn.microsoft.com 1
link.xsolla.com 1
lologhfd.com 1
longtubeclips.com 1
masterfap.net 1
maturex.pro 1
medium.com 1
memu.en.uptodown.com 1
memuplay.com 1
mitatic.xyz 1
molloysantiques.co.nz 1
momsp.com 1
mumuplayer.com 1
myaccount.google.com 1
myniceposts.com 1
myteletalk.en.softonic.com 1
n-doptor.nothi.gov.bd 1
nastybulb.com 1
nbtimes24.com 1
neuhoffmedia.com 1
news24bd.tv 1
newskhobor.com 1
nofakeporn.com 1
nuancesmusique38.fr 1
nurserynisarga.in 1
oilforms.com 1
omicronlab.com 1
onedio.com 1
oneprotests.thefap.net 1
oneworldnews.com 1
onmarshtompor.com 1
open.spotify.com 1
p242.insomn.pro 1
parbattanews.com 1
passionsexvideos.com 1
penson.co 1
pics.auntmia.com 1
pixtastock.com 1
plandiv.portal.gov.bd 1
pnpages.com 1
policies.google.com 1
porn2012.com 1
pornosex.cam 1
pornvideosites.com 1
preparationsbd.com 1
prepaway.com 1
printerdrivers.com 1
printfriendly.com 1
prothomalo.com 1
pxl-eu.rtb.tsyndicate.com 1
pxl-eu.tsyndicate.com 1
readingbd.com 1
realnews25.com 1
redbubble.com 1
redtube.com 1
refpa37630.com 1
refpazitag.top 1
residenceinn.thefap.net 1
riseupbeardown.com 1
rizeapping.quest 1
rt.pornhub.org 1
rudyrucker.com 1
rusenov.com 1
s.1ts17.top 1
s.dsi27u.com 1
s.optvz.com 1
s.painamour.com 1
s.viisceis.com 1
samakal.com 1
sarkariniyog.com 1
scontor.net 1
scubaboard.com 1
sebokep.vip 1
secure.indiangfporn.com 1
sedatesturine.cfd 1
sexhubmovs.com 1
sexvidzhub.com 1
shipbuilding-plate.com 1
shopdealux.com 1
sigma-rt.com 1
siirtvip.xyz 1
skinnycrawlinglax.com 1
sliwn.com 1
smartfinstories.biz 1
smartmnews.pro 1
sobujghor.com 1
starescort.org 1
startech.com.bd 1
startmyonlinecourses.com 1
stream-your-vids.com 1
support.eset.com 1
surveypush.com 1
t.tenlets.com 1
taiwantrade.com 1
tajakhabor24.com 1
tamilsexvideostube.com 1
techdee.com 1
teenfuck.win 1
teenporn18.club 1
territorynativeplants.com.au 1
theeverydayplay.com 1
threads.com 1
tib.eu 1
to.pwrgamerz.com 1
tokyokinky.com 1
tower-rush-games.it.com 1
tr.admachina.com 1
tradefooty.socialplay.xyz 1
training.apams.cabinet.gov.bd 1
translate.google.com 1
tropical.theferns.info 1
trtjigpsscmv9epe10.com 1
trysextube.com 1
tube2017.com 1
tubeadult4k.com 1
tubedupe.com 1
tubemovie4k.com 1
tubeporn4k.com 1
tubes.red 1
twlesbian.com 1
unjambonin.com 1
unselfishporn.com 1
uporn.uno 1
upornia.net 1
usanivery.pro 1
v3m.uuzu.com 1
vacijrloz.com 1
vid-xm.com 1
vsporntube.com 1
wannaknowmysecret.com 1
web.linkxoxo.co 1
wewo.gotrackier.com 1
whatsapp.com 1
whocalledcn.com 1
wiinety.pro 1
www4.24-jav.com 1
xfreehdvideos.com 1
xnxxbest.pro 1
xupdatemovies.com 1
xvideos.red 1
xxxhothub.com 1
xxxindian2021.com 1
xxxmatureworld.com 1
xxxmilf.org 1
young-amateurs.xyz 1
yourlust.com 1
yupjelas.pro 1
zo.puckseychavish.cyou 1
zub-tube.com 1