youtube.com 386
facebook.com 199
google.com 153
bing.com 58
instagram.com 41
pinterest.com 40
accounts.google.com 38
pornhub.com 14
store.fcm.ea.com 11
help.ea.com 10
1xlite-98366.pro 9
mail.google.com 8
themoviebox.xyz 8
xhamster46.desi 8
b7510.com 7
moviebox.pub 7
redeem.fcm.ea.com 5
xhamster.com 5
anizen.tr 4
karigoripathsala.com 4
melonstube.com 4
opera.com 4
s.pemsrv.com 4
stripchatgirls.com 4
accountscenter.facebook.com 3
animixstream.com 3
crn77.com 3
daraz.com.bd 3
diplomamentor.com 3
fractionfridgejudiciary.com 3
go.microsoft.com 3
in.pinterest.com 3
moviboxapk.com 3
pornkut.com 3
2osb.com 2
b.litebeach.com 2
betoholictrack.cloud 2
filebaseprotector.com 2
go.marzaent.com 2
go.whitetrafsa.com 2
ilyvo.com 2
j9track.com 2
microsoft.com 2
moviebox4u.app 2
movieboxapp.co.za 2
msn.com 2
nagad88n.com 2
nn125.com 2
ourdream.ai 2
r-ms.com 2
refpa2518.com 2
rm358.com 2
signin.ea.com 2
stake.mba 2
theanalyst.com 2
trffk.g2afse.com 2
tsyndicate.com 2
videodownloader.site 2
wps.com 2
xh.partners 2
zoologyfibre.com 2
198.195.239.50 1
888starz-polska.com 1
anizen.me 1
apps.microsoft.com 1
apsld.cfd 1
bb88time.com 1
betoholictrack.biz 1
brave.com 1
chatmate.tv 1
codashop.com 1
create.roblox.com 1
dr-blanca-mhfscak.work 1
en.wikipedia.org 1
faphouse2.com 1
fcmobileforum.com 1
fictionhorizon.com 1
h.viinyzfu.com 1
hentaiera.com 1
javxxx.me 1
jaya9ads.store 1
livetv.com.bd 1
market-qx.trade 1
melbet-76956.bar 1
ourdreamersai.com 1
queenmelisa-gbjvlqi.work 1
rcdn-web.com 1
refpa65784.com 1
snapsave.app 1
sports.yahoo.com 1
startmyonlinecourses.com 1
tesorf.com 1
tiktok.com 1
tinyurl.com 1
web.telegram.org 1
xxxcomics.org 1
youporn.com 1