rubiconproject.com 66
youtube.com 48
criteo.com 43
contextweb.com 40
jugantor.com 40
yandex.ru 40
softonic.com 37
womenshealthmag.com 28
impactserving.com 27
tradblock.com 27
twinrdsrv.com 27
media.net 26
zoom.us 25
a-mx.com 24
nypost.com 24
qvdt3feo.com 24
scribd.com 23
taboola.com 23
scorecardresearch.com 22
exness.com 21
microsoft.com 20
workdeadlinededicate.com 20
xhspot.com 20
pubmatic.com 19
rat.xxx 19
toffeelive.com 19
xbox.com 19
pornhub.org 18
rtb.mx 18
prothomalo.com 17
adnxs.com 16
bing.com 16
dailymail.co.uk 16
desibp.org 16
indiatimes.com 16
juksy.com 16
nextmillmedia.com 16
ng88a.com 16
onedio.com 16
printfriendly.com 16
stake.mba 16
girlglam.rest 15
hindustantimes.com 15
rferl.org 15
uptodown.com 15
wps.com 15
zb.fansuite.co 15
a-mo.net 14
barta24.com 14
facebook.com 14
go.sonobi.com 14
google.com 14
maximonline.ru 14
pbs.nextmillmedia.com 14
samakal.com 14
adtelligent.com 13
bfmio.com 13
en.softonic.com 13
faphouse2.com 13
sync.a-mo.net 13
bonikbarta.com 12
boxypluckunrelated.com 12
crumpetprankerstench.com 12
onmanorama.com 12
pixtastock.com 12
winvip88.club 12
wow.xxx 12
amx1.net 11
banglanews24.com 11
bestgirlsexy.com 11
casalemedia.com 11
msn.com 11
parbattanews.com 11
babu88e.com 10
exoticsole.shop 10
faphouse1.com 10
improperscrubbedvendor.com 10
incelbari.pro 10
koreaboo.com 10
leaksex.online 10
licensigo.com 10
localchicks.com 10
opera.com 10
prebid.a-mo.net 10
worldlandtrust.org 10
yupjelas.pro 10
1wxfvg.com 9
247pussy.com 9
alamy.com 9
dmm.co.jp 9
eporner.com 9
flaru.com 9
instagram.com 9
omg.adult 9
reviewshops.online 9
richaudience.com 9
xoyondo.com 9
accounts.livechatinc.com 8
ad.twinrdengine.com 8
ads.yieldmo.com 8
cloudsportek.com 8
ebay.com 8
endowmentoverhangutmost.com 8
istockphoto.com 8
linkedin.com 8
news24bd.tv 8
otm-r.com 8
primevideo.com 8
sattacademy.com 8
thetoptens.com 8
tiktok.com 8
xxxdan4.com 8
12luxe5678.com 7
bollywoodlife.com 7
brazzersnetwork.com 7
desipussy.in 7
detoxifylagoonsnugness.com 7
fansuite.co 7
fapello.com 7
journalnews.com.ph 7
nagad88f.com 7
namu.wiki 7
nurserynisarga.in 7
oneworldnews.com 7
porntry.com 7
samsung.com 7
sea1-sync.a-mo.net 7
shopee.com.my 7
softmany.com 7
startappnetwork.com 7
thedailystar.net 7
thichawheja.pro 7
wisdomlib.org 7
youporn.com 7
adhigh.net 6
aliexpress.com 6
amazon.co.jp 6
babu77.com 6
buondua.com 6
c.bing.com 6
creativecdn.com 6
dateseni.su 6
eset.com 6
hugedomains.com 6
hurtful-orange.com 6
imdb.com 6
joyreactor.com 6
krikya11.club 6
login.microsoftonline.com 6
mychasma.com 6
ndtv.com 6
omicronlab.com 6
pool.liftdsp.com 6
sportradarserving.com 6
stir.ac.uk 6
technoratimedia.com 6
trustedstack.com 6
twpornstars.com 6
uncn.jp 6
vend-o.com 6
veryfreeporn.com 6
vjav.com 6
wordpress.com 6
xhamster.desi 6
xhamster44.desi 6
xhamster45.desi 6
yandex.com 6
159.89.198.98 5
adroll.com 5
adv.clickadu.net 5
ashamed-diamond.com 5
astronautlividlyreformer.com 5
barnesandnoble.com 5
bidmatic.io 5
bluestacks.com 5
boredpanda.com 5
bossyhearing.com 5
brenavmi.in 5
browsecoherentunrefined.com 5
bullionglidingscuttle.com 5
cdc.gov 5
citadelpathstatue.com 5
cookedvisit.pro 5
d.adroll.com 5
dainikazadi.net 5
de.pornhub.org 5
dead-put.com 5
dnacdn.net 5
dotomi.com 5
doubleclick.net 5
fsiblog.cloud 5
gettyimages.com 5
googleadservices.com 5
hdpornfree.xxx 5
hurtful-job.com 5
infamous-growth.pro 5
javhd.today 5
letsporn.com 5
loathsomeboy.com 5
market.sudomod.com 5
masterfap.net 5
mat6tube.com 5
medium.com 5
melbet-10591.today 5
nagad88a.com 5
noaa.gov 5
nqgznv.niightsparkle.com 5
onaudience.com 5
pemsrv.com 5
powerful-poem.com 5
reportbd.net 5
researchgate.net 5
scubaboard.com 5
sebokep.vip 5
seedtag.com 5
sokmil.com 5
spotify.com 5
statemirror.com 5
tangerine.hateblo.jp 5
twitter.com 5
unicef.org 5
unsightly-reserve.com 5
video.fc2.com 5
weirdsentence.com 5
wellworn-lead.com 5
windowstan.com 5
wonderwall.com 5
worldoftanks.eu 5
x.com 5
xasiat.com 5
xhand.com 5
xmilf.com 5
zenra.net 5
1xlite-08668.world 4
3pkf5m0gd.com 4
adtdp.com 4
adv3.clickadu.net 4
advolve.io 4
alibaba.com 4
ambientdsp.com 4
anguished-dirt.com 4
babu88o.com 4
betweendigital.com 4
bilibili.tv 4
bobsleddomesticglandular.com 4
brdteengal.com 4
caribbeancom.com 4
chaseherbalpasty.com 4
chromewebstore.google.com 4
chubbyexemplaryhardiness.com 4
cites.org 4
clarity.ms 4
config.office.com 4
cosmopolitan.com 4
crazyporn.xxx 4
crittereasilyhangover.com 4
daraz.com.bd 4
ddose007.com 4
diagramjawlineunhappy.com 4
discourseoxidizingtransfer.com 4
distantscience.com 4
driverhugoverblown.com 4
failing-commission.com 4
fapopedia.net 4
firefox.com 4
frozenpayerpregnant.com 4
galmet.com.pl 4
go.getdirectbonus.com 4
google.co.id 4
grammarly.com 4
imbx.io 4
impact-ad.jp 4
ivseek.com 4
janitorprecisiontrio.com 4
javcl.com 4
javideo.net 4
jkxxx.com 4
jpf.go.jp 4
leakedmodels.com 4
memuplay.com 4
mumuplayer.com 4
mydesii.com 4
nocturnalaverage.com 4
nothi.gov.bd 4
noxiousback.com 4
ntp.msn.com 4
pangolinsg.org 4
pglucky88.pro 4
pglucky88.win 4
pinterest.com 4
pocstock.com 4
pornhits.quest 4
prebid.media.net 4
profitablebutton.com 4
rbstsystems.live 4
rutube.ru 4
seattletimes.com 4
sentimentalflight.com 4
sexfantasyuk.com 4
smartadserver.com 4
sobujghor.com 4
store.steampowered.com 4
study.com 4
t.visx.net 4
techdee.com 4
tremorhub.com 4
twlesbian.com 4
us05web.zoom.us 4
whattocooktoday.com 4
wheel-game.site 4
xcadr.online 4
xhand.live 4
xksqb.com 4
xplosion.de 4
xsolla.com 4
xvideos.red 4
zubtube.com 4
1osb.com 3
1xlite-98366.pro 3
a.labadena.com 3
admatic.de 3
adv1.clickadu.net 3
anewfeedliberty.com 3
asianpinay.com 3
bakufu.jp 3
boobsradar.com 3
bustsniffwired.com 3
c1.microsoft.com 3
colossusssp.com 3
crme7srv.com 3
ctnsnet.com 3
deductgreedyheadroom.com 3
dhakatribune.com 3
divisiondrearilyunfiled.com 3
dropbox.com 3
earmuffpostnasalrisotto.com 3
earringsatisfiedsplice.com 3
elitebabes.com 3
engineexplicitfootrest.com 3
epidermispushupvariable.com 3
eromitai.com 3
filmesporno.xxx 3
fugetech.com 3
getads.online 3
grameenphone.portal.ncnd.mobi 3
guidepaparazzisurface.com 3
holahupa.com 3
hwdrilling.com 3
im-apps.net 3
inmobi.com 3
itvbd.com 3
jav.gallery 3
javcup.com 3
kajabi.com 3
kol.juksy.com 3
learn.microsoft.com 3
maalmasti.com 3
magsrv.com 3
mfadsrvr.com 3
mitatic.xyz 3
moltra.net 3
mts.ru 3
my.exness.com 3
nagorik.com 3
news.jennydanny.com 3
nikonians.org 3
nukeru-video.com 3
openx.net 3
pecantinglytripod.com 3
pexels.com 3
portal.gov.bd 3
privatehomeclips.com 3
pronoflix.com 3
reallifecam.com 3
realsrv.com 3
rm358.com 3
rottentomatoes.com 3
rt.pornhub.org 3
rtbsystem.com 3
rtbwise.com 3
ruddy-pass.com 3
rudyrucker.com 3
sex4tokens.com 3
sexselector.com 3
slothero99.com 3
stocking-tease.com 3
t.mbjm1.com 3
takeshobo.co.jp 3
thothd.com 3
threads.com 3
timesofindia.indiatimes.com 3
tracookiepixel.xyz 3
tsyndicate.com 3
tynt.com 3
undertone.com 3
webvisor.org 3
whatsapp.com 3
wpscdn.com 3
wundeeer.com 3
xnxx.gold 3
xwlketvkzf.com 3
xxxdessert.com 3
youx.xxx 3
zub-tube.com 3
1xlite-86981.world 2
2-05.com 2
62ad.com 2
888starz-polska.com 2
a-yz.com 2
a.cdn1.pro 2
ablenctionalle.info 2
ad-m.asia 2
adelement.com 2
adm.shinobi.jp 2
admachina.g2afse.com 2
adotmob.com 2
adscale.de 2
adsrvr.org 2
adsxtits.com 2
adtec.ru 2
adxhand1.name 2
adzilla1.name 2
aeonsecho.com 2
agkn.com 2
aidata.io 2
airows.com 2
aj2532.bid 2
ak.psaltauw.net 2
amazon-adsystem.com 2
anym8.com 2
app.yrotary.com 2
aralego.com 2
archive.org 2
as.sexad.net 2
aseensis.net 2
asg.bhabhiporn.pro 2
asg.myvideos.club 2
asg.somecdn.bid 2
asia.canon 2
asp.longtubeclips.com 2
astonishlandmassnervy.com 2
atlassian.com 2
auntmia.com 2
b.filexan.com 2
b70004.com 2
bangladesh-static.adfinix.com 2
barc.gov.bd 2
bat.bing.com 2
battleforthegalaxy.com 2
bbmoe.com 2
bcvn1.com 2
bdservicerules.info 2
bfri.gov.bd 2
bidgx.com 2
bidr.io 2
bidswitch.net 2
bigtaka.xyz 2
boomba.club 2
borojeetads.space 2
borwap.net 2
bscic.gov.bd 2
c.appier.net 2
c.msn.com 2
c3s.bionestraff.pro 2
camwhorescloud.com 2
catwt.com 2
chnsrv.com 2
chooseroverlaidspecies.com 2
clingcratemoistness.com 2
coinex.com 2
coinsbit.io 2
creative-serving.com 2
cricket.bonuly.com 2
cricket.prommio.com 2
crn77.com 2
crwdcntrl.net 2
cs.amx1.net 2
d1.landever.online 2
deutracked.com 2
djxh1.com 2
dmm.com 2
docomo.ne.jp 2
drive.google.com 2
dss.gov.bd 2
dtscout.com 2
eltbd.com 2
erodougazo.com 2
erome.com 2
eropuru.com 2
evexxx.com 2
ey43.com 2
farms.jasibel.com 2
form-sport-ipl-bd.sg.moltra.net 2
frs2c.com 2
g0st.com 2
g2288.com 2
getpocket.com 2
go.bucksmein.com 2
go.grammarly.com 2
go.showmeyouradsnow.com 2
hadesex.com 2
hai8g.com 2
harlock.co.uk 2
hudscornerpub.com 2
idealmedia.io 2
infocom.gov.bd 2
infostation.digital 2
iwanktv.org 2
jamopo.com 2
join.worldoftanks.eu 2
krx18.com 2
kulturevulturez.com 2
leak.xxx 2
lens.google.com 2
liadm.com 2
ljline.com 2
market-qx.trade 2
memu.en.uptodown.com 2
metype.com 2
minland.gov.bd 2
missav.ws 2
mozilla.org 2
mpc-prod-27-s6uit34pua-uk.a.run.app 2
mytdsnet.com 2
mz2v.com 2
newscgp.com 2
nibaz.com 2
nmsrv.run 2
nn125.com 2
nudebase.com 2
nudogram.com 2
oabaubsutha.com 2
obqj2.com 2
omg10.com 2
oneporn.net 2
oneprotests.thefap.net 2
optvz.com 2
orbsrv.com 2
ottadvisors.com 2
otubex.com 2
picazor.com 2
pixfuture.com 2
porn-hut.me 2
porn-xxxl.com 2
porn7.net 2
pornokran.cc 2
pornzog.com 2
printerdrivers.com 2
progolyh.info 2
push-onair.com 2
qlitics.com 2
r0ckeet.com 2
rak8s.com 2
rangamati.gov.bd 2
reb.gov.bd 2
red-porn.org 2
refpa3665.com 2
refpa65784.com 2
rel-s.com 2
res.1wcommon.com 2
residenceinn.thefap.net 2
rkdms.com 2
rogerebert.com 2
ru.nudogram.com 2
russelviper69.blogspot.com 2
rxnvg.com 2
secretdatingspace.com 2
sexyteengalore.com 2
sgptracked.com 2
similarchannels.com 2
smaato.net 2
startech.com.bd 2
sub.fordonny.com 2
sub.xxx-porn-tube.com 2
sudomod.com 2
sundaysky.com 2
support.google.com 2
syncingbridge.com 2
t.mbcm2.com 2
tapad.com 2
tbyh5.com 2
territorynativeplants.com.au 2
thrtle.com 2
titis.org 2
totaceha.pro 2
track.alinkif.com 2
track.gpsecureads.com 2
track.linkics.com 2
track.wargaming-aff.com 2
track1122.malayluck.com 2
tracking.pretrackings.com 2
trfcclbs.com 2
trk.gamebassadors.network 2
trktraffic.com 2
tuptoagloo.net 2
txxx.me 2
u-tk.com 2
u1zga.letsporn.com 2
ucdn.website 2
udmserve.net 2
udvash.com 2
uidsync.net 2
ulluhotseries.com 2
unlockxh1.com 2
v.mbvlmb.com 2
vacijrloz.com 2
videocelebs.net 2
visme.co 2
voisetech.com 2
vww1.com 2
w.uptolike.com 2
w55c.net 2
wp.pl 2
www-y2mate.com 2
xdeep.space 2
xlilith.com 2
xmateur.com 2
xtits.xxx 2
xxvideos.video 2
xxxonxxx.com 2
y1.tofin.world 2
y9.shalik.xyz 2
yzwtz.com 2
zeotap.com 2
zlinkt.com 2
zoom.com 2
zrlqm.com 2
zvsydflkmb.com 2
103.217.109.202 1
24smi.net 1
33across.com 1
360yield.com 1
3lift.com 1
4.bing.com 1
4vidz.com 1
5z-2b6b7616f94640c2840d1841e1ac24c3.ecs.us-east-1.on.aws 1
9terawolf.com 1
a.alont.xyz 1
a.avlm6.com 1
a.griony.xyz 1
a.nvrblk.xyz 1
a.o333o.com 1
a.vfgth.com 1
a21018620252.cdn.optimizely.com 1
aagmaal.tv 1
accaii.com 1
accounts.google.com 1
acint.net 1
acquirecardedsullen.com 1
acuityplatform.com 1
ad-stir.com 1
ad.mail.ru 1
adentifi.com 1
adfarm1.adition.com 1
adform.net 1
adkernel.com 1
admaster.cc 1
adobe.com 1
adplsr.com 1
adriver.ru 1
ads.travelaudience.com 1
adsmoloco.com 1
adspector.io 1
adtarget.me 1
adtazwhite.com 1
adulttime.com 1
adx.opera.com 1
af.pubmine.com 1
agency2.ru 1
ai.eropuru.com 1
aj2555.bid 1
alamy-ltd.ewrvdi.net 1
api.eropuru.com 1
api.panxo.ai 1
api.whatsapp.com 1
asg.makemewell.pro 1
asg.snuffilm.com 1
asgt.findnewline.com 1
assets.msn.com 1
atlas-3ib.com 1
atlas.atsptp.com 1
b.comihon.com 1
b.litebeach.com 1
bangla.dhakatribune.com 1
banner-ad-nex.com 1
bashawpeters.rest 1
beacon.walmart.com 1
bforest.gov.bd 1
biconomy.com 1
bidberry.net 1
bids.ws 1
bidvol.com 1
bingebeast.com 1
bitchute.com 1
blazingserver.net 1
blessed.autos 1
blismedia.com 1
blog-in.biz 1
bn.xhamster45.desi 1
bngpt.com 1
bngtrak.com 1
bollyocean.com 1
bolsterate.net 1
brainberries.co 1
bricks-co.com 1
bttrack.com 1
bukkake.vip 1
bumlam.com 1
burningpushing.info 1
c.clarity.ms 1
c.siteswithcontent.com 1
calendar.google.com 1
casinoroyalpath.com 1
catiuribripent.com 1
catlinesallicts.com 1
cbxyz.com 1
cckmnd.com 1
cdnjs.contentsprinter.xyz 1
cdnwidget.com 1
cedarswinston.shop 1
chatmate.tv 1
chmsrv.com 1
ck.silvermob.com 1
clammyendearedkeg.com 1
clmbtech.com 1
coccoc.com 1
company-target.com 1
contacts.google.com 1
cookies.nextmillmedia.com 1
coosync.com 1
coreadness.com 1
cpm.chocolateplatform.com 1
creativecenter.brother 1
cricheroes.com 1
csync.loopme.me 1
dailyamarswadhinbangladesh.com 1
daleelerah.info 1
dcfeed.rtbdcfeed.top 1
demdex.net 1
desipornphoto.com 1
dev.visualwebsiteoptimizer.com 1
directadvert.ru 1
disqus.com 1
dmg.digitaltarget.ru 1
doceree.com 1
doormanarmilla.cyou 1
dotherteacake.shop 1
dpm.demdex.net 1
ds165z.com 1
ds2beb.com 1
ds4i8a.com 1
ds4tm6.com 1
ds9b1n.com 1
dsatrd.com 1
dsauvy.com 1
dsbdlb.com 1
dsblk8.com 1
dsbox2.com 1
dsbuiu.com 1
dscgirls.live 1
dsdjcu.com 1
dsdkr4.com 1
dsedgu.com 1
dseel9.com 1
dsi27u.com 1
dsjbna.com 1
dsjo13.com 1
dskjl8.com 1
dsp.solta.io 1
dspbw7.com 1
dspijb.com 1
dspzhi.com 1
dsq93g.com 1
dsqcfy.com 1
dsqvkn.com 1
dsqyla.com 1
dst3hq.com 1
dst82e.com 1
dswqta.com 1
dsxlez.com 1
dsxsdn.com 1
dsydxg.com 1
dszqsm.com 1
dtscdn.com 1
dxtech.ai 1
e-planning.net 1
easyblogspace.cyou 1
ej2550.com 1
eln3ax.com 1
eln7dc.com 1
elnnap.com 1
epoackouxaik.com 1
esdcodes.com 1
eskimi.com 1
esma.europa.eu 1
eu-adsrv.rtbsuperhub.com 1
eunow4u.com 1
event.iconvert.network 1
everesttech.net 1
evexxx.me 1
ewrvdi.net 1
exdynsrv.com 1
exoclick.com 1
exosrv.com 1
fameex.com 1
faphouse4k.com 1
faq.whatsapp.com 1
fastapi.net 1
fc2.com 1
fedoq.com 1
feedify.net 1
feelsjet.com 1
ferrari-cdn.thron.com 1
feuillearcs.cyou 1
fincsalamander.com 1
flashtalking.com 1
fout.jp 1
fp.metricswpsh.com 1
frap.frap.site 1
frowngld.cyou 1
fwmrm.net 1
g6j.cupidonmedia.com 1
gamerhit.co 1
gammaplatform.com 1
gentlefieldpattern.com 1
getblue.io 1
ghtinc.com 1
giraff.io 1
gmossp-sp.jp 1
gnezdo.ru 1
go.affec.tv 1
go.awdeliverynet.com 1
go.cuteab.com 1
go.godkc.com 1
go.janusaent.com 1
go.marzaent.com 1
go.mavrtracktor.com 1
go.stakebetvip.com 1
go.stripchatgirls.com 1
gonet-ads.com 1
google.com.bd 1
gradoltube.com 1
gravurefit.com 1
gridsumdissector.com 1
gsspat.jp 1
gxgwgk.bestdates4you.net 1
h.online-metrix.net 1
habiculpize.com 1
harborfreight.com 1
hdbkome.com 1
heroine.fun 1
hgrtb.com 1
hibt.com 1
hicalashung.com 1
hindibfvideo.com 1
hnalady.com 1
hot-videos-x.blogspot.com 1
hq3x.com 1
hybrid.ai 1
ibas.finance.gov.bd 1
igodigital.com 1
impseeineclots.com 1
imrworldwide.com 1
in.treasuredata.com 1
infolinks.com 1
ingage.tech 1
innovid.com 1
iqzonertb.live 1
izooto.com 1
j.mp 1
jav.guru 1
jav.photos 1
javxxx.me 1
jicarafarrand.cfd 1
jk-to-mn.com 1
jkforum.net 1
juicyads.com 1
justvideohub.org 1
kargo.com 1
khab555.site 1
kinugort.ru 1
kusanming.qpon 1
ladsp.com 1
lcontrols4.ru 1
lentainform.com 1
lijit.com 1
line.me 1
linksynergy.com 1
live.rezync.com 1
live.streamtheworld.com 1
lizaclifford.com 1
llozqb.loveyoudatee.com 1
lmadps.jp 1
luluvdo.com 1
lunamedia.live 1
lust-goddess.com 1
m.reachmax.cn 1
m.stripe.com 1
mail.ru 1
makumva.all-usanomination.com 1
mathtag.com 1
mc.yandex.ru 1
mdundo.com 1
media-backend.bitchute.com 1
melbet-76956.bar 1
mexc.com 1
mgid.com 1
microsoft-word-2010.en.softonic.com 1
miyuki-web.net 1
ml314.com 1
mldata.pro 1
mleads.biz 1
mmstat.com 1
molloysantiques.co.nz 1
moloco.com 1
movcpm.com 1
moviesfixiki.store 1
moviesprofit.com 1
mpc2-prod-1-is5qnl632q-uc.a.run.app 1
my.rtmark.net 1
myvccs.com 1
nagad88.io 1
namastedharma.com 1
naver.com 1
newsroom.bi 1
nfrit.com 1
nhnace.com 1
nrich.ai 1
nsfwadds.com 1
ogs.google.com 1
ojrq.net 1
one-new-message.com 1
onesignal.com 1
onetag-sys.com 1
opendsp.ru 1
opoxv.com 1
outbrain.com 1
panxo-sys.com 1
panxostack.com 1
pay.shopify.com 1
paypal.com 1
peresentacconette.com 1
perfectgirls.xxx 1
pippio.com 1
pixel.dsp.onetarget.ru 1
playerhq.co 1
playmogo.com 1
pm-serv.co 1
po.exchange 1
pompomspa.com 1
pornhub247.org 1
pornone.com 1
pornvideosites.com 1
pornvideotop.net 1
pratscearin.shop 1
presage.io 1
primis.tech 1
proc.altaffiliatesol.com 1
professionaltrafficmonitor.com 1
programmatica.com 1
promo.worldofwarships.asia 1
protrafficinspector.com 1
pub.network 1
pubguru.net 1
public.servenobid.com 1
puppetsislam.shop 1
purplepatch.online 1
pxl.iqm.com 1
pxltag.com 1
qgxeqm.happy2dates.com 1
qivuro.my 1
quantserve.com 1
rankjerryrounion.com 1
reachmax.cn 1
read.amazon.co.jp 1
reemo-ad.jp 1
remarketingpixel.com 1
rezync.com 1
rfihub.com 1
rizeapping.quest 1
rocksbrast.cfd 1
roomfulleif.help 1
rqtrk.eu 1
rrwkd.ttrk.io 1
rtbsuperhub.com 1
rtg.wewomedia.com 1
rule34.xxx 1
rusoska.com 1
rvklk.loveiswaiting.net 1
sattiostiounper.com 1
sbermarketing.ru 1
sc.trivenzio.com 1
sclavspeiss.rest 1
scontor.net 1
sea1-cs.amx1.net 1
see-even-more.com 1
semasio.net 1
server.smartytech.io 1
sharethrough.com 1
shop.app 1
shovedrailwaynurse.com 1
shutterstock.com 1
sitescout.com 1
sjv.io 1
smadex.com 1
smilewanted.com 1
socdm.com 1
sohu.com 1
sp.gmossp-sp.jp 1
sparteo.com 1
spinreward.click 1
src.ebay-us.com 1
srtb.msn.com 1
sskru.ac.th 1
ssp-rtb.sape.ru 1
statcounter.com 1
static-proxy.strpst.com 1
support.eset.com 1
support.zoom.com 1
suprion.ru 1
surveypush.com 1
sxepng.top 1
sync.adspend.space 1
sync.shinobi.jp 1
t.co 1
teads.tv 1
teen-xxx.video 1
teletalk.com.bd 1
tfosrv.com 1
thefap.net 1
thenude.com 1
thisisdax.com 1
tinyurl.com 1
tns-counter.ru 1
toast.com 1
toluidsonca.digital 1
toppersconney.bond 1
trachizentrating.com 1
track.acqvoluum.com 1
track.onef.pro 1
track.serveonsite.com 1
trafforsrv.com 1
trafmag.com 1
trck.house 1
trkn.us 1
turn.com 1
tvid.in 1
u-10179.daleelerah.info 1
u-12308.daleelerah.info 1
u-15382.daleelerah.info 1
u-37264.daleelerah.info 1
u-41686.daleelerah.info 1
u-44145.daleelerah.info 1
u-45377.daleelerah.info 1
u-46468.daleelerah.info 1
u-5556.daleelerah.info 1
u-9255.daleelerah.info 1
uncocleypercha.com 1
upravel.com 1
us.telemetry.zoom.us 1
user-sync.fwmrm.net 1
ussp.io 1
utraff.com 1
uuidksinc.net 1
v6.www-y2mate.com 1
vaxepi.gov.bd 1
vidcpm.com 1
videobaba.xyz 1
videosdetravestis.net 1
viglink.com 1
viicmkru.com 1
viifcktm.com 1
viijujyl.com 1
viikqoye.com 1
viiukuhe.com 1
viiwinli.com 1
vipwank.org 1
visx.net 1
wargaming.net 1
wayfair.com 1
wcs.naver.com 1
weborama-tech.ru 1
weligillysies.com 1
withsaystreyne.qpon 1
world-content-1.com 1
www2.bing.com 1
x011bt.com 1
xansrv.com 1
xbdlvn.datinnglife.com 1
xbeat.space 1
xerotica.com 1
xlink3.com 1
xmxx.club 1
xnxxporn.video 1
xozilla.com 1
xsz-av.com 1
xxxshame.com 1
y.one.impact-ad.jp 1
yadro.ru 1
yahoo.co.jp 1
yahoo.com 1
yellowblue.io 1
yieldmo.com 1
ynuf.aliapp.org 1
youku.com 1
youteenporn.net 1
ytboob.com 1
z.cdn.trafficlide.com 1
z.cdn.xbeat.space 1
zline0.com 1
zucks.net 1