accounts.google.com 184
youtube.com 11
bing.com 9
southfreak.fyi 9
direct-dl.lol 8
google.com 7
255md.com 6
wing.kmplayer.com 5
myactivity.google.com 4
accounts.youtube.com 3
photo-editor.one 3
techzed.info 3
accounts.google.com.bd 2
blog.googlehomeforpc.download 2
fast.com 2
7cbl001.kjcrtp.com 1
87bd1005.vipyesrtp.com 1
click.liftoff.io 1
filekuki.com 1
g77bd.com 1
gateway.app.shopperexperts.com 1
go.microsoft.com 1
googleadservices.com 1
jaya9bangladesh.com 1
kriratv.io 1
ng88a.com 1
nwesblog247.blogspot.com 1
oidkpyi.com 1
oviggobd.com 1
prothomalo.com 1
shohay.health 1
shopperexperts.com 1
southfreak.baby 1
southfreak.ink 1
sunnahfoodservice.com 1
track.ecampaignstats.com 1
trc.taboola.com 1