merrono.com 4
wordpress.com 3
accounts.google.com 2
com.tplink.tether 2
m.techlandbd.com 2
mangroveerp.com 2
users.nexusmods.com 2
wp.wattpad 2
109.123.235.201 1
accounts.spotify.com 1
camwhores.tv 1
chat.novaapp.ai 1
com.discord 1
com.facebook.lite 1
com.instagram.android 1
com.roblox.client 1
credly.com 1
dashboard.honeygain.com 1
discord.com 1
epicgames.com 1
facebook.com 1
freelancer.com 1
ggezgadgets.com 1
instagram.com 1
itch.io 1
linkedin.com 1
lsg-land-owner.land.gov.bd 1
miniapps.ai 1
pcbstore.net 1
recu.me 1
steamcommunity.com 1
stream4u.fun 1
stripchat.com 1
techlandbd.com 1
tellusai.app 1
thetolet.com 1
upwork.com 1