google.com 146
flirtify.com 128
thisromance.com 81
faphouse2.com 65
bar.teletalk.com.bd 61
goweiz.quest 49
xhamster46.desi 45
hot-local-babes.com 44
barcouncil.gov.bd 43
rat.xxx 39
accounts.google.com 36
porn112.com 36
mutation.land.gov.bd 35
bing.com 33
xhchicks.life 33
ara.fabxh.site 28
efaidnbmnnnibpcajpcglclefindmkaj 28
xhamster45.desi 25
faphouselive.com 23
youtube.com 22
placetochat.com 20
animalzoosex.me 18
web.facebook.com 18
bustsniffwired.com 13
fabxh.site 13
xnxx-vids.com 13
hotxxxfiles.com 12
s.pemsrv.com 12
xhamster.com 12
track1122.malayluck.com 11
badoo.com 10
youx.xxx 10
bisonporn.com 9
ziprecruiter.com 9
bn.xvix.eu 8
diagramjawlineunhappy.com 8
jup9.com 8
lsg-land-owner.land.gov.bd 8
portal.ldtax.gov.bd 8
red-ass-teens.com 8
ahmature.pro 7
desi-porn.pro 7
pornworks.com 7
xhdesign.life 7
xxx2019.pro 7
bd.tpservice.vip 6
bgb88.club 6
cakesproutstencil.com 6
gulftimetable.com 6
hatsharmonyarab.com 6
noxiousback.com 6
payment.depositcheckout.com 6
sexxxx.video 6
xhamster1.desi 6
xhopen.com 6
xnxxmovs.com 6
yzwtz.com 6
z00.rocks 6
explore.microsoft.com 5
facebook.com 5
fixedporn.com 5
housingtrap.com 5
mail.google.com 5
tsyndicate.com 5
u-tk.com 5
4nicebets.org 4
britishfireplace.com 4
carbonfeverthink.com 4
dreamlikefostergala.com 4
glutenmuttsensuous.com 4
grabyourluck.com 4
inadsexchange.com 4
joywin88.app 4
kilojaya.com 4
lamalinks.com 4
lsg-land-owner-stage.land.gov.bd 4
market-qx.trade 4
ng88a.com 4
perfectgirls.xxx 4
pornpictureshq.com 4
pxl-eu.tsyndicate.com 4
studio.youtube.com 4
truelesbianfuck.com 4
vetedo.my 4
videosbag.com 4
xxxdessert.com 4
1xlite-08668.world 3
29718270-141-ex.uncocleypercha.com 3
borojeetads.space 3
careerjet.com.bd 3
desiviral.net 3
jahonline.org 3
jobstestbd.com 3
my.exness.com 3
nagad88f.com 3
nagad88n.com 3
nectsideaments.com 3
play.google.com 3
pornokol.net 3
rcdn-web.com 3
realizationnewestfangs.com 3
t.pornworks.com 3
tinder.com 3
toxsales1.com 3
vid.t0t.online 3
wps.com 3
1adr.com 2
1xlite-98366.pro 2
38881.impseeineclots.com 2
adspredictiv.com 2
barcouncil.teletalk.com.bd 2
bikroy.com 2
bn.videospornosexe.com 2
broker-qx.pro 2
cataphractarii.com 2
chaseherbalpasty.com 2
chatmate.tv 2
cinchpoploaderrightnow.monster 2
click.eu.faueo.com 2
crmared.com 2
earringsatisfiedsplice.com 2
endowmentoverhangutmost.com 2
frhiys.com 2
gamerhit.co 2
grannyxxx.net 2
krikya11.club 2
lawyersclubbangladesh.com 2
lickingirls.com 2
ltljm.voluumtrk2.com 2
maturefuckfest.com 2
melbet-10789.today 2
microsoft.com 2
nn125.com 2
photobip.com 2
pinterest.com 2
politicalpattern.com 2
porn-video-hd.com 2
pornhotweb.com 2
portal.ncnd.banglalink.com.bd 2
refpa92463.com 2
ru.ac.bd 2
smartcj.com 2
snorfitta.com 2
t.techportalify.net 2
womenonlyvideo.com 2
workdeadlinededicate.com 2
xhamster2.com 2
xhprograms.site 2
xnxxporno.pro 2
xoxomka.t0t.online 2
xvideos2.fun 2
xxx-xxx.pro 2
1d7ba14a9ea.sunleaf-sky.com 1
42jv.cinchpoploaderrightnow.monster 1
8animal.com 1
applycert.ru.ac.bd 1
ara.xhamster45.desi 1
arcadeslourdes.com 1
asg.myvideos.club 1
asg.snuffilm.com 1
bangladeshaffairs.com 1
baw0.cinchpoploaderrightnow.monster 1
bestiality.stream 1
betoholictrack.cloud 1
betoholictrack.fyi 1
bit.ly 1
bobabillydirect.org 1
britannica.com 1
careers.hireology.com 1
cdn.tsyndicate.com 1
cdncontent.xxxwaffle.com 1
checkout.hubuppayments.com 1
chhgjci.hubbusty.com 1
cloudflare.com 1
connectivitycheck.gstatic.com 1
dash.cloudflare.com 1
dateseni.su 1
dlrms.land.gov.bd 1
exness.com 1
filter.ncnd.banglalink.com.bd 1
forgetnet.xyz 1
freebonus.click 1
g0x.online 1
go.faphouselive.com 1
go.getdirectbonus.com 1
id.elsevier.com 1
ined.fr 1
itntt.com 1
j9track.com 1
jaya9ads.store 1
justice.gov 1
l.facebook.com 1
land.gov.bd 1
ldtax-portal-stage.land.gov.bd 1
lxmgnet.digital 1
n.thisromance.com 1
networkvision51.xyz 1
nfrit.com 1
nu.ac.bd 1
offers.tubeadvertising.eu 1
oidc.iam.cfapi.net 1
one.exnesstrack.org 1
open.tinder.com 1
opera.com 1
peramonet.top 1
pxl-eu.rtb.tsyndicate.com 1
refpa2518.com 1
refpa65784.com 1
rirki.com 1
rmu.edu.bd 1
s.1ts17.top 1
s.1ts21.top 1
s.magsrv.com 1
search.url156xx.com 1
sg.gameslabs.info 1
stake.mba 1
steam.aeonsecho.com 1
t.locopar.com 1
thedailystar.net 1
track.exness.com 1
trffk.g2afse.com 1
wiinety.pro 1
wordpress-1523441-5863779.cloudwaysapps.com 1
xh.partners 1
xhdesign.live 1