youtube.com 49
rubiconproject.com 46
britishfireplace.com 37
hatsharmonyarab.com 36
adnxs.com 34
criteo.com 33
pubmatic.com 31
easemytrip.com 30
thisromance.com 30
bikroy.com 27
chaseherbalpasty.com 26
endowmentoverhangutmost.com 26
xnxx-vids.com 26
britannica.com 25
contextweb.com 25
google.com 25
placetochat.com 25
tappx.com 24
trip.com 23
goweiz.quest 22
ziprecruiter.com 22
earringsatisfiedsplice.com 21
yandex.ru 21
byteplus.com 20
faphouse2.com 20
faphouselive.com 20
xhamster45.desi 20
z00.rocks 20
cloudflare.com 19
flirtify.com 19
workdeadlinededicate.com 19
xhamster46.desi 19
hotxxxfiles.com 18
newyorker.com 18
pecantinglytripod.com 18
krikya11.club 17
roamroles.com 17
badoo.com 16
desi-porn.pro 16
expedia.com 16
fixedporn.com 16
sparteo.com 16
thedailystar.net 16
bricks-co.com 15
gulftimetable.com 15
kilojaya.com 15
xnxxmovs.com 15
bisonporn.com 14
booking.com 14
diagramjawlineunhappy.com 14
glutenmuttsensuous.com 14
media.net 14
tripadvisor.com 14
xxx2019.pro 14
dreamstime.com 13
lkpmprksau.com 13
rat.xxx 13
smaato.net 13
taboola.com 13
user-sync.fwmrm.net 13
carbonfeverthink.com 12
dreamlikefostergala.com 12
itvbd.com 12
melbet-10789.today 12
nagad88n.com 12
ng88a.com 12
sexxxx.video 12
xxx-xxx.pro 12
adobe.com 11
careerjet.com.bd 11
doubleclick.net 11
fabxh.site 11
porn112.com 11
wyhifdpatl.com 11
xhchicks.life 11
xnxxporno.pro 11
3lift.com 10
a-mx.com 10
ahmature.pro 10
bustsniffwired.com 10
cakesproutstencil.com 10
chatmate.tv 10
daraz.com.bd 10
faphouse1.com 10
red-ass-teens.com 10
rtb.mx 10
travelmath.com 10
facebook.com 9
googleadservices.com 9
hailuoai.video 9
market-qx.trade 9
richaudience.com 9
unsplash.com 9
vertigovitalitywieldable.com 9
bn.xvix.eu 8
gettyimages.com 8
nagad88f.com 8
opera.com 8
researchgate.net 8
snorfitta.com 8
tinder.com 8
1xlite-08668.world 7
1xlite-98366.pro 7
acrobat.adobe.com 7
bgb88.club 7
casalemedia.com 7
cixh.xyz 7
desiviral.net 7
exness.com 7
jaya9ads.store 7
jobstestbd.com 7
lxmgnet.digital 7
scorecardresearch.com 7
smartcj.com 7
sportradarserving.com 7
startappnetwork.com 7
syncingbridge.com 7
xhdesign.life 7
xxxdessert.com 7
a-mo.net 6
accounts.google.com 6
bing.com 6
cataphractarii.com 6
dateseni.su 6
distancefromto.net 6
heeddistrictadministrator.com 6
jahonline.org 6
magsrv.com 6
photobip.com 6
pinterest.com 6
play.google.com 6
pmbmonetize.live 6
pornhotweb.com 6
pornworks.com 6
prebid.a-mo.net 6
quiztimebd.com 6
xhprograms.site 6
360yield.com 5
8animal.com 5
adaxh.world 5
bestiality.stream 5
betweendigital.com 5
borojeetads.space 5
creativecdn.com 5
dash.cloudflare.com 5
depositcheckout.com 5
dotomi.com 5
hireology.com 5
ined.fr 5
instagram.com 5
jaya9bangladesh.com 5
jizzbunker.com 5
joywin88.app 5
lickingirls.com 5
mail.google.com 5
mingle2.com 5
nagad88.app 5
nagad88a.com 5
noxiousback.com 5
pixabay.com 5
politicalpattern.com 5
porn-video-hd.com 5
resultnews24.com 5
seniormatch.com 5
sync.a-mo.net 5
vetedo.my 5
vrbo.com 5
wps.com 5
x.com 5
xvix.eu 5
accounts.livechatinc.com 4
bfmio.com 4
bit.ly 4
crmapi20.hubhc.com 4
df.dafapromo.com 4
go.getdirectbonus.com 4
holdgently.com 4
justice.gov 4
land.gov.bd 4
mmstat.com 4
nexinstrument.com 4
onaudience.com 4
pemsrv.com 4
perfectgirls.xxx 4
realsrv.com 4
sciencedirect.com 4
semanticscholar.org 4
smartadserver.com 4
store.steampowered.com 4
theguardian.com 4
tremorhub.com 4
tsyndicate.com 4
twitter.com 4
ubt-sgp.trip.com 4
xnxx-cams.com 4
xxvideos.video 4
1adr.com 3
a.acredo.space 3
adotmob.com 3
adroll.com 3
adzilla1.name 3
bidswitch.net 3
choothub.net 3
d.adroll.com 3
date.noii.ch 3
dhoni88.com 3
ezjobsbangla.com 3
google.com.bd 3
grabyourluck.com 3
gryphline.com 3
ifreechat.com 3
imdb.com 3
itntt.com 3
jaya9.bet 3
jup9.com 3
kuolkoola.com 3
mfadsrvr.com 3
mutation.land.gov.bd 3
myaccount.google.com 3
myactivity.google.com 3
nagad88.com 3
nagad88.io 3
openx.net 3
orbsrv.com 3
pippio.com 3
pornalin.com 3
prebid.media.net 3
seedtag.com 3
srv.stackadapt.com 3
sync.srv.stackadapt.com 3
tapad.com 3
trvl-px.com 3
tynt.com 3
u-tk.com 3
xvideos2.fun 3
youx.xxx 3
yzwtz.com 3
1ts15.top 2
1ts17.top 2
1ts21.top 2
1xlite-86981.world 2
acuityplatform.com 2
ad.twinrdengine.com 2
adelement.com 2
adform.net 2
admanmedia.com 2
admatic.de 2
adsby.bidtheatre.com 2
adsrvr.org 2
adtarget.biz 2
adtdp.com 2
amazon-adsystem.com 2
ambientdsp.com 2
animals-xnxx.com 2
asg.myvideos.club 2
asg.snuffilm.com 2
astonishlandmassnervy.com 2
bidr.io 2
bn.videospornosexe.com 2
brazzersnetwork.com 2
c.appier.net 2
c.bing.com 2
clarity.ms 2
colossusssp.com 2
company-target.com 2
crwdcntrl.net 2
ctnsnet.com 2
dafapromo.com 2
de2.ad.twinrdengine.com 2
dtscout.com 2
e-10457.adzerk.net 2
elazigescort.com 2
engineexplicitfootrest.com 2
eporcha.net 2
eskimi.com 2
expediapartnercentral.com 2
eyeota.net 2
forgetnet.xyz 2
fraduxo.top 2
freepornzoo.com 2
g0x.online 2
gamerhit.co 2
go.faphouselive.com 2
hai8g.com 2
homeaway.com 2
hotels.com 2
hubbusty.com 2
id5-sync.com 2
impact-ad.jp 2
inmobi.com 2
iqzonertb.live 2
krushmedia.com 2
ladsp.com 2
landgov-bd.com 2
liadm.com 2
lijit.com 2
linkedin.com 2
lsg-land-owner.land.gov.bd 2
ltljm.voluumtrk2.com 2
measureadv.com 2
monetixads.com 2
n91hg.com 2
nectsideaments.com 2
nn125.com 2
nu.ac.bd 2
offers.tubeadvertising.eu 2
on62.com 2
onboarding.expediapartnercentral.com 2
orbitz.com 2
otieu.com 2
otm-r.com 2
p2yn.com 2
paypal.com 2
pool.liftdsp.com 2
pornpictureshq.com 2
postrelease.com 2
presage.io 2
pxdrop.lijit.com 2
quantserve.com 2
refpa14882.com 2
rfihub.com 2
rirki.com 2
rkdms.com 2
rlcdn.com 2
s.1ts21.top 2
sea1-sync.a-mo.net 2
secretdatingspace.com 2
shb-sync.com 2
sitescout.com 2
sundaysky.com 2
sunleaf-sky.com 2
syncbm.com 2
t.pornworks.com 2
track1122.malayluck.com 2
travelocity.com 2
trffk.g2afse.com 2
uncn.jp 2
vorniteqa.click 2
w55c.net 2
webengage.com 2
womenonlyvideo.com 2
worldsite.info 2
xbqkng.affitrk10.com 2
xh.partners 2
xhamsterflirt.com 2
xhdesign.live 2
y1.tofin.world 2
ynuf.aliapp.org 2
zeotap.com 2
zoopornmd.com 2
zoozooporn.com 2
zoozootube.com 2
12chats.com 1
1d7ba14a9ea.sunleaf-sky.com 1
1rx.io 1
1xlite-579192.top 1
33across.com 1
4dex.io 1
4nicebets.org 1
9alb.com 1
9terawolf.com 1
a.labadena.com 1
account.booking.com 1
ad-m.asia 1
ad-stir.com 1
adentifi.com 1
adhigh.net 1
adkernel.com 1
admaster.cc 1
ads.pubmatic.com 1
ads.travelaudience.com 1
ads.yieldmo.com 1
advolve.io 1
adx.opera.com 1
allure.com 1
analytics.yahoo.com 1
animalfreeporn.com 1
animalsex.video 1
api.hcaptcha.com 1
architecturaldigest.com 1
auth.wikimedia.org 1
babu88d.com 1
badylenicesist.com 1
bangladeshibluefilm.pro 1
barcouncil.gov.bd 1
bat.bing.com 1
bidgx.com 1
bizible.com 1
blazingserver.net 1
blismedia.com 1
bobabillydirect.org 1
bonappetit.com 1
br.linkedin.com 1
brand-display.com 1
c.clarity.ms 1
checkout.stripe.com 1
chloro.trip.com 1
chmsrv.com 1
chnsrv.com 1
cinchpoploaderrightnow.monster 1
cm.mgid.com 1
cntraveler.com 1
collector.bikroy.com 1
connatix.com 1
console.byteplus.com 1
contacts.google.com 1
coosync.com 1
cootlogix.com 1
cpm.chocolateplatform.com 1
crmerid.com 1
csync.loopme.me 1
demdex.net 1
disqus.com 1
dmg.digitaltarget.ru 1
docomo.ne.jp 1
dpm.demdex.net 1
ds10lf.com 1
ds165z.com 1
dsamfe.com 1
dsapgq.com 1
dsbcks.com 1
dsblk8.com 1
dsbox2.com 1
dsbuiu.com 1
dsc5yj.com 1
dsdjcu.com 1
dsdkr4.com 1
dsedgu.com 1
dseel9.com 1
dsesj1.com 1
dsetx3.com 1
dsgc99.com 1
dsgqie.com 1
dshfwa.com 1
dship2.com 1
dsiyzy.com 1
dsldv6.com 1
dslzv2.com 1
dsp7c5.com 1
dspbw7.com 1
dsqcfy.com 1
dsqjkc.com 1
dsqqnt.com 1
dsukwb.com 1
dsungx.com 1
dsvfk5.com 1
dsw3rw.com 1
dsxsdn.com 1
dsydxg.com 1
dsytup.com 1
dszjza.com 1
dtscdn.com 1
e-porcha.com 1
eln3ax.com 1
eln7dc.com 1
elnnap.com 1
epicurious.com 1
everesttech.net 1
facai88.club 1
fekinu.click 1
flashtalking.com 1
fout.jp 1
fp.metricswpsh.com 1
fwmrm.net 1
getpublica.com 1
glamour.com 1
go.janusaent.com 1
go.marzaent.com 1
go.mavrtracktor.com 1
go.sonobi.com 1
go.stripchatgirls.com 1
go.xlivrdr.com 1
go.xxxjmp.com 1
gq.com 1
gsspat.jp 1
gumasi.top 1
gumgum.com 1
hamsterzoo.com 1
hoyonx.com 1
hybrid.ai 1
impseeineclots.com 1
imrworldwide.com 1
infolinks.com 1
intake-analytics.wikimedia.org 1
ipredictive.com 1
j9track.com 1
jsv3.recruitics.com 1
kargo.com 1
kettledroopingcontinuation.com 1
konyadakihurdaci.com 1
kueezrtb.com 1
lamalinks.com 1
landing.brazzersnetwork.com 1
ldtax.gov.bd 1
lensfrontend-pa.googleapis.com 1
llowever-doweden.com 1
login.wikimedia.org 1
m.stripe.com 1
malayalambluefilm.pro 1
mathtag.com 1
mediago.io 1
mediamathrdrt.com 1
meganewsspace.my 1
meta.wikimedia.org 1
mgid.com 1
minland.gov.bd 1
minutemedia-prebid.com 1
moloco.com 1
mpsnare.iesnare.com 1
msgclick.top 1
my.rtmark.net 1
nabojo.xyz 1
namastedharma.com 1
naver.com 1
news39.net 1
newsbreak.com 1
nfrit.com 1
nhnace.com 1
nresystems.com 1
nrich.ai 1
ogs.google.com 1
onesignal.com 1
onetag-sys.com 1
opoxv.com 1
optvz.com 1
outbrain.com 1
ow.pubmatic.com 1
pbs-eu-central.ay.delivery 1
pbs.yahoo.com 1
permutive.newyorker.com 1
phoenix-widget.com 1
pitchfork.com 1
prebid-server.rubiconproject.com 1
primis.tech 1
professionaltrafficmonitor.com 1
protrafficinspector.com 1
pxltag.com 1
qivuro.my 1
quick-actions.express.adobe.com 1
realizationnewestfangs.com 1
recaptcha.net 1
recruitics.com 1
resetdigital.co 1
riverhit.com 1
rmp.rakuten.com 1
rrwkd.ttrk.io 1
rtg.wewomedia.com 1
s.deltraff.com 1
sc-static.net 1
scholar.google.com 1
self.com 1
semasio.net 1
services.adobe.com 1
sharethrough.com 1
signals.birch.asia 1
simpli.fi 1
snapchat.com 1
socdm.com 1
stake.mba 1
static-proxy.strpst.com 1
static.nresystems.com 1
stream-collector.bikroy.com 1
t.co 1
t0t.online 1
targeting.unrulymedia.com 1
teads.tv 1
techportalify.net 1
teenvogue.com 1
temu.com 1
tfosrv.com 1
them.us 1
tiktok.com 1
tknw2sr8jx.ap-northeast-1.awsapprunner.com 1
toast.com 1
tokenized.play.google.com 1
track.dateyouremember.com 1
trafforsrv.com 1
tribalfusion.com 1
trkn.us 1
trustedstack.com 1
turn.com 1
u-47509.daleelerah.info 1
uncocleypercha.com 1
upload.wikimedia.org 1
us.ck-ie.com 1
us.vilitram.com 1
uuidksinc.net 1
vevioz.com 1
videosbag.com 1
vidoomy.com 1
visitbrasil.com 1
vogue.com 1
vrtcal.com 1
wcs.naver.com 1
weborama.fr 1
widget-mediator.zopim.com 1
wikipedia.org 1
wired.com 1
xansrv.com 1
xbeat.space 1
xlink3.com 1
xxx2025.net 1
xxxvideoszoo.com 1
xxxzootube.com 1
y.one.impact-ad.jp 1
yadro.ru 1
yahoo.com 1
yellowblue.io 1
yieldmo.com 1
z.cdn.xbeat.space 1
zline0.com 1
zlinkt.com 1
zlinkw.com 1
zoo-xnxx.com 1
zootubered.com 1
zucks.net 1