roblox.com 26
com.roblox.client 14
accounts.google.com 10
instagram.com 10
discord.com 9
com.instagram.android 6
login.live.com 5
bloxflip.com 4
com.audiomack 4
com.gbinsta.android 4
traktrain.com 4
netflix.com 3
rbx.gg 3
unlocktool.net 3
amazon.com 2
appetize.io 2
audiomack.com 2
club.pokemon.com 2
com.bandlab.bandlab 2
com.crunchyroll.crunchyroid 2
com.discord 2
com.facebook.katana 2
com.instapro.android 2
connect.ubisoft.com 2
customuse.com 2
epidemicsound.com 2
facebook.com 2
linkedin.com 2
looperman.com 2
lootx.com 2
m.facebook.com 2
oauth.beatstars.com 2
paypal.com 2
pokemmo.com 2
profile.callofduty.com 2
signup.live.com 2
sso.crunchyroll.com 2
sso.pokemon.com 2
support.image-line.com 2
tlauncher.org 2
twitch.tv 2
twitter.com 2
www3.6movies.net 2
x.com 2
adultchat.chat-avenue.com 1
aliexpress.com 1
aliexpress.us 1
api.braincloudservers.com 1
caribbeancupid.com 1
cc.honista.app 1
chat-avenue.com 1
cineby.gd 1
com.gbapp.wa 1
com.instagold.android 1
com.instagram.barcelona 1
com.netflix.mediaclient 1
com.paypal.android.p2pmobile 1
com.twitter.android 1
com.whatsapp 1
fashionnova.com 1
flixer.sh 1
github.com 1
goldpump.com 1
help.steampowered.com 1
idp.omlet.me 1
login.aliexpress.com 1
mingle2.com 1
myaccount.google.com 1
na.account.amazon.com 1
nihaojewelry.com 1
omegleporn.to 1
player.main.azureplayfab.com 1
player.mainp.azureplayfab.com 1
router.asus.com 1
signin.ea.com 1
signin.ebay.com 1
temu.com 1
us.shein.com 1
users.nexusmods.com 1
windscribe.com 1
xnxx.com 1
xvideos.com 1