roblox.com 10
codelector.com 6
com.roblox.client 5
com.facebook.lite 4
getquipu.com 2
hendyla.com 2
py.com.familiar.app 2
spotify.com 2
account.live.com 1
accounts.google.com 1
clasipar.paraguay.com 1
com.eycon_py_app_usuario_jaha 1
com.facebook.katana 1
com.instagram.android 1
com.juvo.tigomoney 1
com.mcu.hilook 1
discord.com 1
estudiantes.sanpatricio.edu.py 1
facebook.com 1
identidad.mtess.gov.py 1
kick.com 1
localhost 1
login.live.com 1
m.facebook.com 1
meteorclient.com 1
paraguay.gov.py 1
paypal.com 1
play.mc-smartcraft.com 1
streamlabs.com 1
utic.edu.py 1