google.com 49
youtube.com 38
pubmatic.com 30
softonic.com 25
bing.com 17
interlinecustomroofingllc.com 17
media.net 17
techbaked.com 17
msn.com 16
richaudience.com 14
en.softonic.com 13
reviewed.app 13
a-mo.net 12
accounts.google.com 12
adnxs.com 11
google.com.bd 11
bustsniffwired.com 10
opera.com 10
wps.com 9
crwdcntrl.net 8
doubleclick.net 8
play.google.com 8
rubiconproject.com 8
a-mx.com 6
imo.im 6
ntp.msn.com 6
pippio.com 6
playstation.com 6
rtb.mx 6
syncingbridge.com 6
yandex.ru 6
c.bing.com 5
contextweb.com 5
facebook.com 5
fojik.site 5
microsoft.com 5
mobyloop.live 5
onaudience.com 5
seedtag.com 5
sportradarserving.com 5
clarity.ms 4
googleadservices.com 4
inmobi.com 4
linkedin.com 4
mlwbd.is 4
uncn.jp 4
adotmob.com 3
amx1.net 3
android.com 3
bidswitch.net 3
c.clarity.ms 3
casalemedia.com 3
dateseni.su 3
ladsp.com 3
mfadsrvr.com 3
myaccount.google.com 3
pool.liftdsp.com 3
scorecardresearch.com 3
smaato.net 3
smartadserver.com 3
srv.stackadapt.com 3
sync.srv.stackadapt.com 3
tapad.com 3
tynt.com 3
360yield.com 2
adform.net 2
admanmedia.com 2
adroll.com 2
adsdkprod.azureedge.net 2
adsrvr.org 2
adtdp.com 2
amazon-adsystem.com 2
ambientdsp.com 2
apps.microsoft.com 2
bat.bing.com 2
bidr.io 2
bobgames-prolister.com 2
c.appier.net 2
c.msn.com 2
company-target.com 2
creativecdn.com 2
criteo.com 2
cs.amx1.net 2
d.adroll.com 2
disqus.com 2
driftpixel.live 2
dtscout.com 2
esrb.org 2
exchange.journeymv.com 2
explore.microsoft.com 2
id5-sync.com 2
ladsp.jp 2
login.microsoftonline.com 2
ogs.google.com 2
openx.net 2
pgammedia.com 2
pm-serv.co 2
prebid.a-mo.net 2
presage.io 2
pxl.iqm.com 2
quantserve.com 2
rfihub.com 2
rlcdn.com 2
sea1-sync.a-mo.net 2
sitescout.com 2
support.google.com 2
support.microsoft.com 2
sync.a-mo.net 2
tagivi.com 2
w55c.net 2
youtube-p40.en.softonic.com 2
youtube-ps-vr-ps4.en.softonic.com 2
zeotap.com 2
1111-w-warp.en.softonic.com 1
1rx.io 1
33across.com 1
3lift.com 1
ad-m.asia 1
adfarm1.adition.com 1
adkernel.com 1
ads.pubmatic.com 1
adscale.de 1
advolve.io 1
analytics.yahoo.com 1
api.msn.com 1
api.panxo.ai 1
assets.msn.com 1
auth.softonic.com 1
blismedia.com 1
bttrack.com 1
cm.mgid.com 1
cpm.chocolateplatform.com 1
csync.loopme.me 1
ctnsnet.com 1
demdex.net 1
dnacdn.net 1
docomo.ne.jp 1
dotomi.com 1
dpm.demdex.net 1
dtscdn.com 1
dxtech.ai 1
everesttech.net 1
fwmrm.net 1
gsspat.jp 1
ipredictive.com 1
lijit.com 1
login.live.com 1
mathtag.com 1
mgid.com 1
moloco.com 1
nativeagents.ai 1
nresystems.com 1
nrich.ai 1
onetag-sys.com 1
outbrain.com 1
ow.pubmatic.com 1
panxo-sys.com 1
panxostack.com 1
pbs.yahoo.com 1
prebid.cwi.re 1
prebid.media.net 1
rqtrk.eu 1
scripts.scriptwrapper.com 1
sea1-cs.amx1.net 1
semasio.net 1
sharethrough.com 1
simpli.fi 1
static.nresystems.com 1
store.playstation.com 1
taboola.com 1
targeting.unrulymedia.com 1
teads.tv 1
temu.com 1
tribalfusion.com 1
trustedstack.com 1
turn.com 1
uidsync.net 1
visx.net 1
web-toolbar.playstation.com 1
yahoo.com 1
youtube-music-desktop-app.en.softonic.com 1
youtube.en.softonic.com 1
zucks.net 1