accounts.google.com 5
192.168.110.1 4
com.dualspace.multispace.androin 4
com.facebook.katana 3
instagram.com 3
8.222.244.160 2
account.skrill.com 2
m.facebook.com 2
tech.palm.id 2
tiktok.com 2
192.168.0.1 1
192.168.1.1 1
accountscenter.facebook.com 1
bsp.brta.gov.bd 1
cn.com.ruijie.cloudapp 1
cn.com.ruijie.reyeerouter 1
com.daraz.android 1
com.facebook.lite 1
com.facebook.orca 1
com.facebook.pages.app 1
com.instagram.android 1
com.moneybookers.skrillpayments 1
com.zhiliaoapp.musically 1
com.zhiliaoapp.musically.go 1
login.coinbase.com 1
myaccount.google.com 1
paypal.com 1
tendawifi.com 1
transfers.skrill.com 1