youtube.com 42
accounts.google.com 27
google.com 20
bing.com 14
myaccount.google.com 13
play.google.com 13
en.softonic.com 9
support.google.com 9
android.com 5
bustsniffwired.com 5
opera.com 5
store.playstation.com 4
apps.apple.com 3
interlinecustomroofingllc.com 3
wps.com 3
1111-w-warp.en.softonic.com 2
apps.microsoft.com 2
bobgames-prolister.com 2
dateseni.su 2
facebook.com 2
microsoft.com 2
msn.com 2
support.microsoft.com 2
youtube-p40.en.softonic.com 2
youtube-ps-vr-ps4.en.softonic.com 2
accounts.youtube.com 1
explore.microsoft.com 1
fojik.site 1
go.microsoft.com 1
googleads.g.doubleclick.net 1
imo.im 1
mlwbd.is 1
mobyloop.live 1
reviewed.app 1
t.locopar.com 1
techbaked.com 1
web.imo.im 1
wiinety.pro 1
youtube-music-desktop-app.en.softonic.com 1
youtube.en.softonic.com 1