econventa.com 28
softonic.com 26
mediafire.com 21
youtube.com 19
bing.com 14
google.com 13
msn.com 12
ableton.com 11
en.softonic.com 11
amd.com 9
microsoft.com 9
account.microsoft.com 7
ntp.msn.com 7
github.com 6
utorrent.com 6
adnxs.com 4
analytics.ableton.com 4
crwdcntrl.net 4
c.bing.com 3
drive.proton.me 3
api.msn.com 2
c.msn.com 2
chromewebstore.google.com 2
clarity.ms 2
company-target.com 2
contextweb.com 2
deepintent.com 2
linkedin.com 2
login.live.com 2
proton.me 2
recommender.scarabresearch.com 2
rubiconproject.com 2
scorecardresearch.com 2
accounts.google.com 1
browser.events.data.microsoft.com 1
c.clarity.ms 1
casalemedia.com 1
chrome.en.softonic.com 1
cutt.ly 1
disqus.com 1
dnacdn.net 1
doubleclick.net 1
edit.graph.org 1
ezoic.net 1
google.ba 1
login.microsoftonline.com 1
prebid.media.net 1
support.microsoft.com 1
tabplugins.com 1
temu.com 1
tiktok.com 1
uidsync.net 1