youtube.com 1516
xnxx.com 585
carbonfeverthink.com 439
g2288.com 385
xmaza.to 354
bvox.com 351
xhamster.com 314
endlesshandbaglinked.com 284
deepcoin.com 277
bitunix.com 268
stripchatgirls.com 236
google.com 220
wowuncut.com 198
xmazaa.tv 161
displayvertising.com 155
accounts.google.com 149
antiadblocksystems.com 146
xmazaa.io 122
xxmaza.com 119
driverhugoverblown.com 116
fhvfd.com 112
hornystudents.com 95
excavatenearbywand.com 84
hmaal.com.co 78
facebook.com 67
faphouse4k.com 67
orangex.com 60
faphouse2.com 59
trkpostback.com 52
crn77.com 49
redir.juicyads.com 43
hai8g.com 40
myemailtracking.com 40
mbdippex.com 39
tmll7.com 38
anym8.com 36
xmaza.tv 36
bing.com 33
m1rs.com 32
stake.com 31
zubtube.com 26
aznude.com 25
search.yahoo.com 25
oy.everlydished.cyou 22
u-7105.daleelerah.info 22
famer.robotapk.site 17
obqj2.com 17
wow.xxx 17
chaturbate.com 16
nagad88f.com 16
stake.mba 16
hibt.com 15
melbet-99312.today 15
opera.com 15
tsyndicate.com 15
amusing-injury.com 14
bongacams.com 14
go.xlivrdr.com 14
nfrit.com 14
s.opoxv.com 14
big.one 13
bitradex.ai 13
cdn.pla3.com 13
track1122.malayluck.com 13
1xlite-08668.world 12
cricket.bonuly.com 12
crmkt.livejasmin.com 12
google.co.id 12
rak8s.com 12
836184mp.pro 11
camel1.tv 11
clladss.com 11
kts.cvastico.com 11
kushub.net 11
a1b.net 10
bifinance.com 10
cambaddies.com 10
go.marzaent.com 10
htttps.org 10
s.optvz.com 10
xml-v4.ezmob.com 10
1xlite-98366.pro 9
29647323-29508-ex.uncocleypercha.com 9
fhgte.com 9
microsoft.com 9
my.exness.com 9
rcdn-web.com 9
xmaasti.net 9
xmaza.com.co 9
1ato.com 8
agroundrecentwalk.com 8
clicks.trafficworldclass.com 8
competent-author.pro 8
frozenpayerpregnant.com 8
g8tor.com 8
kaira18.com 8
myhoroscopepro.com 8
rm358.com 8
viikqoye.com 8
viiwinli.com 8
wps.com 8
dacladds.com 7
daraz.com.bd 7
ey43.com 7
freebonus.click 7
kts.sensitiveclick.com 7
nya5.com 7
peuru.com 7
pornoxo.com 7
rirki.com 7
teratronicssln.com 7
tophdsexx.com 7
vibrantscale.com 7
1xlite-86981.world 6
29647975-29508-ex.uncocleypercha.com 6
ad.twinrdengine.com 6
bgb88.club 6
btse.com 6
farms.jasibel.com 6
fntit.com 6
frhiys.com 6
google.com.au 6
image-line.com 6
kts.dasdaily.com 6
moviebox.ph 6
multimovies.gripe 6
myvccs.com 6
one.google.com 6
reorientclear.com 6
revenuecpmgate.com 6
uncutmaza.cc 6
uncutmaza.hair 6
yzwtz.com 6
19216811.uno 5
29647997-29508-ex.uncocleypercha.com 5
betoholictrack.cloud 5
biconomy.com 5
bustsniffwired.com 5
cchentai.it.com 5
d0dh.com 5
der-wdf-up.com 5
eu.atechsupmsg.live 5
filthyshoot.com 5
firefox.com 5
gds.google.com 5
ios94.com 5
login-accesso.testcisia.it 5
martted.com 5
mozilla.org 5
pin-co-azerb.neuhoffmedia.com 5
pxl-eu.tsyndicate.com 5
refpa2518.com 5
s.painamour.com 5
s.viisceis.com 5
scared-holiday.pro 5
skinnycrawlinglax.com 5
support.image-line.com 5
trffk.g2afse.com 5
xmaza.com 5
xmaza.help 5
xml-eu-v4.rtbmedweb.com 5
1osb.com 4
29647331-29508-ex.uncocleypercha.com 4
29647987-29508-ex.uncocleypercha.com 4
29709725-29508-ex.uncocleypercha.com 4
888starz-polska.com 4
app.zoom.us 4
aviator-wheels-bd.pu550ev.com 4
babu88e.com 4
bngprm.com 4
bngtrak.com 4
borojeetads.space 4
cdn.aucey.com 4
countabledawdlerunaudited.com 4
creptbabysitter.com 4
crmared.com 4
dhoni88.site 4
egqqk.ttrk.io 4
exness.com 4
explore.microsoft.com 4
filehippo.com 4
funyme.com 4
google.fr 4
grameenphonenb.portal.ncnd.mobi 4
jaya9bangladesh.com 4
jfan1.com 4
l.facebook.com 4
ledoceanled.com 4
lust-goddess.com 4
mega45pari12.in 4
mosaicbeach.com 4
pdf2docs.com 4
rerouteclear.com 4
s.pemsrv.com 4
smallpdf.com 4
susigkeit.com 4
testcisia.it 4
us05web.zoom.us 4
vw.ghaistswash.qpon 4
wheel.golzu.com 4
xhclub.live 4
xnxx.gold 4
29647324-29508-ex.uncocleypercha.com 3
29647326-29508-ex.uncocleypercha.com 3
29647328-29508-ex.uncocleypercha.com 3
29647329-29508-ex.uncocleypercha.com 3
29647330-29508-ex.uncocleypercha.com 3
29647348-29508-ex.uncocleypercha.com 3
29647822-29508-ex.uncocleypercha.com 3
29647976-29508-ex.uncocleypercha.com 3
29649226-29508-ex.uncocleypercha.com 3
29698400-29508-ex.uncocleypercha.com 3
29699931-29508-ex.uncocleypercha.com 3
29701165-29508-ex.uncocleypercha.com 3
29709724-29508-ex.uncocleypercha.com 3
29717040-29508-ex.uncocleypercha.com 3
29717216-29508-ex.uncocleypercha.com 3
30541.mu.asbolidos.com 3
3xyy.com 3
accounts.firefox.com 3
ad756.com 3
analdin.com 3
astronautlividlyreformer.com 3
aznudelive.com 3
b.litebeach.com 3
cash-winwin.bet 3
datingsexy.org 3
isse-russia.ru 3
ixiporn.live 3
kucoin.com 3
lonyfoj.com 3
news.jennydanny.com 3
penenza.ru 3
pivot4j.org 3
podefr2.net 3
porncake.com 3
pxl-eu.rtb.tsyndicate.com 3
rajabaji3.com 3
reallifecam.com 3
refpa32010.com 3
refpazitag.top 3
s.viidoqay.com 3
s.zline0.com 3
sexable.tv 3
studio.youtube.com 3
sultrysteelemigrant.com 3
support.google.com 3
support.zoom.com 3
to.trakzon.com 3
top-r3v3nue.com 3
track.winbigbd88.com 3
vb-bm-ji.com 3
w.imedia-stream.com 3
webmaal.net 3
wewo.gotrackier.com 3
windows-app-desktops.com 3
xhamsterlive.com 3
zoom.us 3
zub-tube.com 3
1adr.com 2
2231.lonyfoj.com 2
29647289-29508-ex.uncocleypercha.com 2
29647290-29508-ex.uncocleypercha.com 2
29647291-29508-ex.uncocleypercha.com 2
29647322-29508-ex.uncocleypercha.com 2
29647345-29508-ex.uncocleypercha.com 2
29648004-29508-39885.uncocleypercha.com 2
29666903-29508-ex.uncocleypercha.com 2
29699913-29508-ex.uncocleypercha.com 2
29711243-29508-ex.uncocleypercha.com 2
29712721-29508-ex.uncocleypercha.com 2
29717039-29508-ex.uncocleypercha.com 2
29717041-29508-ex.uncocleypercha.com 2
29717187-29508-845.uncocleypercha.com 2
29717224-29508-ex.uncocleypercha.com 2
29717237-29508-ex.uncocleypercha.com 2
29722705-29508-ex.comanicilikeiste.com 2
29722706-29508-ex.comanicilikeiste.com 2
4nicebets.org 2
adclickad.com 2
addons.mozilla.org 2
afternic.com 2
aiallure.com 2
ak.vialotadom.com 2
atasehirkadin.net 2
b7510.com 2
babu77.com 2
beeg.com 2
bendspecimen.com 2
betobaba.com 2
camel1.to 2
cc-journal.net 2
cdn.thk4.com 2
circleftp.net 2
crisistuesdayartillery.com 2
dailyfreedata.store 2
docs.google.com 2
dot-guide.org 2
dsp52.adplsr.com 2
effectivegatecpm.com 2
eltbd.com 2
en.softonic.com 2
essencereferencetummy.com 2
fb77.one 2
file.downloadclean.com 2
fnd-match.com 2
glfzulyfwt.com 2
go.janusaent.com 2
goodimpressioncrboost.com 2
grabyourluck.com 2
guce.yahoo.com 2
hooliredir.com 2
hubrisone.com 2
imdb.com 2
intent.recurring.pay.bka.sh 2
intuitfraudcenter.com 2
iryva.com 2
ixiporn.info 2
j9track.com 2
jaya9ads.store 2
join.worldoftanks.eu 2
kgbd88.com 2
kilojaya.com 2
knowacaliforniafarmer.com 2
livejasmin.com 2
market-qx.trade 2
matureasshole.com 2
mecidiyekoymarka.com 2
mevun.robotapk.site 2
myaccount.google.com 2
nagad88n.com 2
net.geo.opera.com 2
norveniq.online 2
ofjvnvjf.win 2
playdateturkey.com 2
plseo.com 2
po.exchange 2
pocketoption.com 2
politicalpattern.com 2
porngrand_com.imedia-stream.com 2
pornhuz.com 2
portslocked.com 2
predicatebestplay.com 2
pusulabet.top 2
ramclenchstrip.com 2
red-geo.onionofawesome.click 2
redirect.admeking.com 2
refpa37630.com 2
rightyrely.com 2
rokomari.com 2
s.orbsrv.com 2
same-witness.com 2
sellitauto.com 2
sembolbet.top 2
sentimentalflight.com 2
settings 2
spots.sabrinablond.com 2
sqxbkrmtgei.com 2
stingy-letter.com 2
stuins.com 2
support.microsoft.com 2
t.locopar.com 2
t.megasitezone.cyou 2
theporndude.com 2
tracker.trafficroutepro.com 2
traumaticleader.com 2
truthfulverb.com 2
tuptoagloo.net 2
uffmaal.com 2
usatodayc.com 2
v1vid.com 2
viifcktm.com 2
viiukuhe.com 2
wet-city.com 2
whatsapp.com 2
xidisc.com 2
xml-eu-v4.zorbitads.com 2
xml-v4.adora.network 2
xml-v4.srvqck27.com 2
xnxx-livecams.com 2
1.pivot4j.org 1
1000-instrumentov.ru 1
192-168-1-1ip.mobi 1
192.168.0.1 1
1994.pl 1
1d6cea909a4.traffic-links.com 1
1d7ba1c4e64.neat-folk.com 1
1xbet-giris.com 1
1xbet-rucasino-officia.it.com 1
1xcasino-75224.top 1
29647288-29508-3861.uncocleypercha.com 1
29647289-29508-39415.uncocleypercha.com 1
29647289-29508-845.uncocleypercha.com 1
29647294-29508-39415.uncocleypercha.com 1
29647299-29508-39885.uncocleypercha.com 1
29647322-29508-20567.uncocleypercha.com 1
29647322-29508-39415.uncocleypercha.com 1
29647326-29508-39885.uncocleypercha.com 1
29647327-29508-ex.uncocleypercha.com 1
29647329-29508-17968.uncocleypercha.com 1
29647329-29508-39415.uncocleypercha.com 1
29647338-29508-39415.uncocleypercha.com 1
29647339-29508-20567.uncocleypercha.com 1
29647339-29508-ex.uncocleypercha.com 1
29647340-29508-ex.uncocleypercha.com 1
29647343-29508-39885.uncocleypercha.com 1
29647343-29508-845.uncocleypercha.com 1
29647347-29508-39885.uncocleypercha.com 1
29647347-29508-ex.uncocleypercha.com 1
29647348-29508-845.uncocleypercha.com 1
29647934-29508-845.uncocleypercha.com 1
29647952-29508-39885.uncocleypercha.com 1
29647953-29508-39885.uncocleypercha.com 1
29647961-29508-24337.uncocleypercha.com 1
29647963-29508-39885.uncocleypercha.com 1
29647964-29508-24337.uncocleypercha.com 1
29647972-29508-24337.uncocleypercha.com 1
29647972-29508-39415.uncocleypercha.com 1
29647975-29508-30447.uncocleypercha.com 1
29647978-29508-ex.uncocleypercha.com 1
29647981-29508-39885.uncocleypercha.com 1
29647982-29508-39885.uncocleypercha.com 1
29647982-29508-ex.uncocleypercha.com 1
29647987-29508-39885.uncocleypercha.com 1
29647988-29508-ex.uncocleypercha.com 1
29647995-29508-39885.uncocleypercha.com 1
29647996-29508-39885.uncocleypercha.com 1
29647998-29508-ex.uncocleypercha.com 1
29648000-29508-30447.uncocleypercha.com 1
29648005-29508-ex.uncocleypercha.com 1
29648019-29508-30447.uncocleypercha.com 1
29666905-29508-39885.uncocleypercha.com 1
29675195-29508-845.uncocleypercha.com 1
29675201-29508-39885.uncocleypercha.com 1
29675202-29508-845.uncocleypercha.com 1
29675202-29508-ex.uncocleypercha.com 1
29675203-29508-ex.uncocleypercha.com 1
29675208-29508-39885.uncocleypercha.com 1
29675208-29508-845.uncocleypercha.com 1
29675213-29508-845.uncocleypercha.com 1
29675218-29508-30447.uncocleypercha.com 1
29675225-29508-845.uncocleypercha.com 1
29675225-29508-ex.uncocleypercha.com 1
29696976-29508-30447.uncocleypercha.com 1
29697028-29508-33174.uncocleypercha.com 1
29697028-29508-39415.uncocleypercha.com 1
29697029-29508-ex.uncocleypercha.com 1
29699912-29508-39885.uncocleypercha.com 1
29699912-29508-ex.uncocleypercha.com 1
29699918-29508-39885.uncocleypercha.com 1
29699919-29508-845.uncocleypercha.com 1
29699930-29508-39885.uncocleypercha.com 1
29699931-29508-30447.uncocleypercha.com 1
29709723-29508-13327.uncocleypercha.com 1
29709723-29508-845.uncocleypercha.com 1
29709724-29508-845.uncocleypercha.com 1
29709727-29508-30447.uncocleypercha.com 1
29709727-29508-39885.uncocleypercha.com 1
29709792-29508-30447.uncocleypercha.com 1
29709792-29508-845.uncocleypercha.com 1
29709792-29508-ex.uncocleypercha.com 1
29709794-29508-ex.uncocleypercha.com 1
29711226-29508-39885.uncocleypercha.com 1
29711231-29508-30447.uncocleypercha.com 1
29711241-29508-30447.uncocleypercha.com 1
29711241-29508-845.uncocleypercha.com 1
29711247-29508-30447.uncocleypercha.com 1
29712711-29508-39885.uncocleypercha.com 1
29712720-29508-ex.uncocleypercha.com 1
29712721-29508-39885.uncocleypercha.com 1
29714146-29508-30447.uncocleypercha.com 1
29714147-29508-39885.uncocleypercha.com 1
29714147-29508-845.uncocleypercha.com 1
29714157-29508-39885.uncocleypercha.com 1
29717020-29508-13327.uncocleypercha.com 1
29717038-29508-20567.uncocleypercha.com 1
29717039-29508-20567.uncocleypercha.com 1
29717047-29508-ex.uncocleypercha.com 1
29717058-29508-845.uncocleypercha.com 1
29717178-29508-20567.uncocleypercha.com 1
29717187-29508-ex.uncocleypercha.com 1
29717191-29508-845.uncocleypercha.com 1
29717197-29508-38832.uncocleypercha.com 1
29717197-29508-845.uncocleypercha.com 1
29717197-29508-ex.uncocleypercha.com 1
29717202-29508-20627.uncocleypercha.com 1
29717206-29508-845.uncocleypercha.com 1
29717214-29508-845.uncocleypercha.com 1
29717215-29508-845.uncocleypercha.com 1
29717222-29508-38855.uncocleypercha.com 1
29717225-29508-ex.uncocleypercha.com 1
29717235-29508-20567.uncocleypercha.com 1
29717236-29508-20567.uncocleypercha.com 1
29720087-29508-20567.uncocleypercha.com 1
29720126-29508-20567.uncocleypercha.com 1
29720126-29508-38832.uncocleypercha.com 1
29720127-29508-ex.uncocleypercha.com 1
29720129-29508-20567.uncocleypercha.com 1
29720130-29508-ex.uncocleypercha.com 1
29722703-29508-20567.comanicilikeiste.com 1
29722704-29508-20567.supechcopa.com 1
29722704-29508-35259.comanicilikeiste.com 1
29722705-29508-ex.supechcopa.com 1
29722722-29508-845.comanicilikeiste.com 1
29722723-29508-40116.comanicilikeiste.com 1
29722726-29508-5079.supechcopa.com 1
29722730-29508-20627.supechcopa.com 1
29722730-29508-5079.comanicilikeiste.com 1
29722732-29508-ex.comanicilikeiste.com 1
29722733-29508-ex.comanicilikeiste.com 1
29722734-29508-ex.comanicilikeiste.com 1
29972.mu.trafylodos.com 1
2osb.com 1
68f15d8f.thequizgo.com 1
68f161a6.thequizgo.com 1
6a40125e.thequizgo.com 1
86.784bcct.life 1
a.labadena.com 1
account.testcisia.it 1
accounts.google.com.bd 1
adanaatikhaber.com 1
ads.thtrck.com 1
adspredictiv.com 1
agl111.pro 1
aksarayescortgo.com 1
alibaba.com 1
anadolumasoz.com 1
anburelink.com 1
animeplayhub.com 1
antakyaescortgo.xyz 1
app-game.store 1
as.adultgift.net 1
as.bazzlit.com 1
asio4all.org 1
au-withdrawal-fast.it.com 1
aus.stintcommunity.com 1
badott.com 1
basaksehirescortgo.xyz 1
battalgaziescortgo.xyz 1
bayrampasaescortgo.xyz 1
bb88time.com 1
beeg.link 1
belekescortgo.xyz 1
best.aliexpress.com 1
bilecikescortgo.com 1
bilibili.tv 1
bing3d.top 1
bingx.com 1
bkash.com 1
blueadvlnd.com 1
bmmads.com 1
bogotol-r.ru 1
boluescortgo.com 1
bornovaescortgo.xyz 1
bucaescortgo.xyz 1
c.adsco.re 1
camel1.link 1
candy.ai 1
cankayaescortgo.xyz 1
caropotv.site 1
cdn.lcwss.com 1
cdn.wusum.com 1
cghieec.lttracksm.com 1
chromewebstore.google.com 1
cinepix.top 1
cisiaonline.it 1
ck444app.net 1
click-v4.junclikrmedi.com 1
click.alibaba.com 1
click.eu.juqiqj.com 1
click.powerppshtraff.digital 1
clients.utubeva.damempire.co.uk 1
clk.ourdreamer.com 1
club99bdt.com 1
coinex.com 1
coosync.com 1
corluescortgo.xyz 1
crmacd.livejasmin.com 1
d3q2er567zozo5.cloudfront.net 1
dateseni.su 1
devilhard.com 1
directo.envivo.site 1
dk4i3ja4gxhwj.cloudfront.net 1
donnerluettchen-kiel.de 1
dpox.com 1
driptrip.trckswrm.com 1
duckduckgo.com 1
e-haberajansi.com 1
eatcells.com 1
edirneescortgo.com 1
efelerescortgo.xyz 1
efficientflow.net 1
elbwqd.niightsparkle.com 1
en.wikipedia.org 1
escortsisli.com 1
escorttaksim.com 1
exussr.ru 1
ey.taigasauty.digital 1
fairplay-online-india.com 1
fameex.com 1
filter.srvqck27.com 1
flow.opera.com 1
fmoviesunblocked.net 1
fnvideo.click 1
fp.stetsongrivois.help 1
frs2c.com 1
get.microsoft.com 1
go.forscprts.com 1
go.microsoft.com 1
go.realsh.xyz 1
go.stakebetvip.com 1
go.whitetrafsa.com 1
gravelrewashscarring.com 1
gt.offlettepe.com 1
hakkariescortgo.com 1
hatayescortgo.com 1
hauntingreferencewire.com 1
hd.apkarena.site 1
hdhq.xxx 1
heartcarefoundation.org 1
hola.org 1
hollowpulsestackrain.monster 1
homemadevids.org 1
hotcoin.com 1
ihotoffers.com 1
ilkadimescortgo.xyz 1
inegolescortgo.xyz 1
internetdownloadmanager.com 1
isaacvargas.com 1
ispartaescortgo.com 1
jitaace.shop 1
jitaace3.xyz 1
jobviseerunpost.org 1
jsmcrptjmp.com 1
kagithaneescortgo.xyz 1
kaminari.systems 1
kaninhop.info 1
karsescortgo.com 1
karsiyakaescortgo.xyz 1
kettledroopingcontinuation.com 1
lamertang.com 1
landing.candynetwork.ai 1
landing.rk.com 1
landing.sexselector.com 1
live-eu.pornamigo.com 1
livekhela.com 1
livekhela.movielinkbd.li 1
livekhelatv.com 1
ljline.com 1
luckyforbet.com 1
maltabike.pl 1
mamakescortgo.xyz 1
mardinescortgo.com 1
maredpt.com 1
masonry.blacked.com 1
mcpuwpsh.com 1
melbet-10789.today 1
messenger.com 1
mexc.com 1
mgcrs.erpkls.com 1
multimovies.nl 1
mwlogin.net 1
nbajee4.club 1
neuhoffmedia.com 1
new.livekhelatv.org 1
nexlumoooo.info 1
nm0h.opaqueshellsoftsmoke.click 1
nyfyr.com 1
offer.alibaba.com 1
oilforms.com 1
one.exnessonelink.com 1
onebitco.com 1
opaqueshellsoftsmoke.click 1
ourdream.ai 1
outriggerfmb.com 1
p.1ts15.top 1
photopea.com 1
piaproxy.com 1
plixo.sbs 1
pneumaticrubberfenders.com 1
pobalkanim.ru 1
popdemission.com 1
porn4fap.com 1
proalabaev.ru 1
pronhubxvideo.blogspot.com 1
qstarfink.com 1
quick.jasibel.com 1
rainbowbeachfishing.com.au 1
recipioapp.com 1
redir.wargaming.net 1
reffpa.com 1
refpa3665.com 1
remove.bg 1
rj.pitchifermium.com 1
router-network.com 1
rulexporn.com 1
s.viiacjor.com 1
s.viihpobo.com 1
s.viinyzfu.com 1
sagaming789.com 1
samsunescortgo.com 1
sancaktepeescortgo.xyz 1
sanliurfaescortgo.com 1
scatkings.com 1
scubanetwork.com 1
scubenetworkbd.com 1
searchoper.com 1
secure.internetdownloadmanager.com 1
shakker.ai 1
shopsale.com 1
silivriescortgo.xyz 1
sislident.com 1
sisliescortgo.xyz 1
sivasescortgo.com 1
snarepopinstantfile.monster 1
sourshaped.com 1
spinqe.com 1
spix.agl002.online 1
splice.com 1
sports.ndtv.com 1
sportsvot.com 1
startmyonlinecourses.com 1
startpage 1
startpageshared 1
stintcommunity.com 1
sub.targeta41.net 1
sxepng.top 1
t.co 1
t.protoolszone.my 1
tcktp.com 1
telefonotelecable.es 1
tepebasiescortgo.xyz 1
tevitpcfav.com 1
thepavilionsouthport.co.uk 1
thewardrobeokc.com 1
thirumangalam.org 1
top-hd.com 1
top1.stintcommunity.com 1
topshelf.royalfoodrecipe.shop 1
toroslarescortgo.xyz 1
tr.matbet-sabit.icu 1
trabzonescortgo.com 1
track.exness.com 1
trkzone.xyz 1
trwdcp.online 1
ts.cvastico.com 1
tunceliescortgo.com 1
u-5556.daleelerah.info 1
u-9156.daleelerah.info 1
u.viihhvlu.com 1
u3.shortink.io 1
uncutmaza.xxx 1
upornia.net 1
ut.hawkisharf.com 1
vanescortgo.com 1
vavada-kz-1-skhema2904.organicbuyersgroup.org 1
viijujyl.com 1
villa-capri.ru 1
vipsohbethatlari.info 1
wayfarerorthodox.com 1
web.flow.opera.com 1
webls.net 1
wiinety.pro 1
xapi.juicyads.com 1
xbmaaz.sxuniverse.com 1
xgr5.com 1
xhamster.net 1
xhand.com 1
xmaza.net 1
xmazaa.co 1
xml-eu-v4.creziamedia.com 1
xml-eu-v4.pushub.net 1
xml-v4.qualiclicks.com 1
xn----7sbgxmatu9b.xn--p1ai 1
xxxkeeper.com 1
yahoo.com 1
yeducationakasul.org 1
z.cdn.xbeat.space 1
zaplytic.cfd 1
zd.tubabardy.com 1
zelvix.sbs 1
zk1w.com 1
zoom.com 1