accounts.google.com 13
help.steampowered.com 10
tlauncher.org 10
login.microsoftonline.com 6
medife.com.ar 6
roblox.com 6
aulavirtual.cenedi.com 4
com.discord 4
com.lge.wifisettings 4
platinmods.com 4
starplus.com 4
account.live.com 3
discord.com 3
id.argentina.gob.ar 3
twitch.tv 3
account.bandainamcoid.com 2
accounts.spotify.com 2
adtargentina.com.ar 2
app-pase.autogestion.365.com.ar 2
ar.pinterest.com 2
auth.afip.gov.ar 2
betano.bet.ar 2
brainly.lat 2
cinemark.com.ar 2
cn.xiaofengkj.fitpro 2
com.android.chrome 2
com.pinterest 2
com.plato.android 2
com.roblox.client 2
com.spotify.music 2
create.kahoot.it 2
dash.parsec.app 2
diaonline.supermercadosdia.com.ar 2
disqus.com 2
dixgamer.com 2
epicgames.com 2
fravega.com 2
gametracker.com 2
garrettmotion.com 2
groupon.com.ar 2
ingreso.claro.com.ar 2
jumbomas.com.ar 2
komatsu.sabacloud.com 2
komatsuamerica.net 2
manualesdemecanica.com 2
me.pou.app 2
mercadolibre.com 2
mgn.mcleodgaming.com 2
naranja-users.auth0.com 2
naranjaonline.naranja.com 2
nsfwcharai.com 2
onlinebanking.bancogalicia.com.ar 2
oscep.com.ar 2
osu.ppy.sh 2
pedidosya.com.ar 2
quiero.com.ar 2
secure.sodimac.com.ar 2
servicioscorp.anses.gob.ar 2
shell-latampass.shell.com.ar 2
signup.live.com 2
socios.clubatleticosanmiguel.com 2
solodeportes.com.ar 2
tiendaprowess.com.ar 2
todomecanica.com 2
us04web.zoom.us 2
web.medife.com.ar 2
zoom.us 2
accounts.firefox.com 1
aternos.org 1
auth.afip.gob.ar 1
bbva.com.ar 1
checkout.minecraft.net 1
cinemarkhoyts.com.ar 1
com.bitstrips.imoji 1
com.facebook.katana 1
com.google.android.gms 1
com.instagram.android 1
com.socioplus 1
directv.com.ar 1
firefoxaccounts 1
idmsa.apple.com 1
instagram.com 1
juegosdigitalesargentina.com.ar 1
lacaja.com.ar 1
launcherfenix.com.ar 1
login.live.com 1
login.riverid.com.ar 1
m.caba.codere.bet.ar 1
m.facebook.com 1
mercadolibre.com.ar 1
my.account.sony.com 1
nsfwcharacterai.com 1
onlyfans.com 1
patreon.com 1
paysrv2.pagomiscuentas.com 1
resolucion482020cuhc.descargas.gob.ar 1
security.online-banking.hsbc.com.ar 1
services.online-banking.hsbc.com.ar 1
tv.twitch.android.app 1
us.account.battle.net 1
users.nexusmods.com 1
visahome.prismamediosdepago.com 1